     1389732952.629  14523 172.17.12.200 TCP_MISS/200 479 POST http://q42.queuev4.vk.com/im035 bav005@RK.LOCAL HIER_DIRECT/87.240.134.43 text/javascript "Mozilla/5.0 (Windows NT 6.1; WOW64) AppleWebKit/537.36 (KHTML, like Gecko) Chrome/28.0.1500.95 YaBrowser/13.10.1500.9323 Safari/537.36"
     1389732952.798      0 172.17.11.46 TCP_DENIED/407 3853 CONNECT d.dropbox.com:443 - HIER_NONE/- text/html "-"
     1389732952.820      0 172.17.11.46 TCP_DENIED/407 3853 CONNECT d.dropbox.com:443 - HIER_NONE/- text/html "-"
     1389732953.310      0 172.17.11.196 TCP_DENIED/407 3882 CONNECT client57.dropbox.com:443 - HIER_NONE/- text/html "-"
     1389732953.330      0 172.17.11.196 TCP_DENIED/407 3882 CONNECT client84.dropbox.com:443 - HIER_NONE/- text/html "-"
     1389732953.525      0 172.17.11.27 TCP_DENIED/407 3881 CONNECT client80.dropbox.com:443 - HIER_NONE/- text/html "-"
     1389732953.547      0 172.17.11.27 TCP_DENIED/407 3881 CONNECT client18.dropbox.com:443 - HIER_NONE/- text/html "-"
     1389732954.154      0 172.17.3.228 TCP_DENIED/407 3881 CONNECT client86.dropbox.com:443 - HIER_NONE/- text/html "-"
     1389732954.166      0 172.17.3.228 TCP_DENIED/407 3881 CONNECT client27.dropbox.com:443 - HIER_NONE/- text/html "-"
     1389732954.357      0 172.17.10.223 TCP_DENIED/407 4603 GET http://watson.microsoft.com/StageOne/PrintIsolationHost_exe/6_1_7600_16385/4a5bd3b1/StackHash_9d2a/6_1_7601_18247/521eaf24/c0000374/00000000000c4102.htm? - HIER_NONE/- text/html "MSDW"
     1389732954.823    456 172.17.10.223 TCP_MISS/200 713 GET http://watson.microsoft.com/StageOne/PrintIsolationHost_exe/6_1_7600_16385/4a5bd3b1/StackHash_9d2a/6_1_7601_18247/521eaf24/c0000374/00000000000c4102.htm? pev014@RK.LOCAL HIER_DIRECT/157.56.141.102 text/html "MSDW"
1389732955.575    209 192.168.44.85 TCP_MISS/302 836 GET https://mail.google.com/mail/? ssi002 PINNED/173.194.32.150 text/html
     1389732955.575    209 192.168.44.85 TCP_MISS/302 836 GET https://mail.google.com/mail/? ssi002 PINNED/173.194.32.150 text/html "Mozilla/5.0 (Windows NT 6.1; rv:26.0) Gecko/20100101 Firefox/26.0"
     1389732955.973    387 192.168.44.85 TCP_MISS/200 14372 GET https://mail.google.com/mail/h/1fol7bib52wd6/? ssi002 PINNED/173.194.32.150 text/html "Mozilla/5.0 (Windows NT 6.1; rv:26.0) Gecko/20100101 Firefox/26.0"
1389732955.973    387 192.168.44.85 TCP_MISS/200 14372 GET https://mail.google.com/mail/h/1fol7bib52wd6/? ssi002 PINNED/173.194.32.150 text/html
     1389732957.607      0 192.168.44.85 NONE/400 4112 CONNECT 10.33.64.138:0 - HIER_NONE/- text/html "-"
     1389732959.053      0 172.17.11.199 TCP_DENIED/407 3854 CONNECT d.dropbox.com:443 - HIER_NONE/- text/html "-"
     1389732959.411      0 172.17.10.223 TCP_DENIED/407 4603 GET http://watson.microsoft.com/StageOne/PrintIsolationHost_exe/6_1_7600_16385/4a5bd3b1/StackHash_9d2a/6_1_7601_18247/521eaf24/c0000374/00000000000c4102.htm? - HIER_NONE/- text/html "MSDW"
     1389732959.413      0 172.17.11.141 TCP_DENIED/407 4341 GET http://notify2.dropbox.com/subscribe? - HIER_NONE/- text/html "DropboxDesktopClient/2.0.26 (Windows; 7; i32; ru)"
     1389732959.695      0 172.17.11.46 TCP_DENIED/407 3881 CONNECT client22.dropbox.com:443 - HIER_NONE/- text/html "-"
     1389732959.717      0 172.17.11.46 TCP_DENIED/407 3881 CONNECT client97.dropbox.com:443 - HIER_NONE/- text/html "-"
     1389732959.856    436 172.17.10.223 TCP_MISS/200 713 GET http://watson.microsoft.com/StageOne/PrintIsolationHost_exe/6_1_7600_16385/4a5bd3b1/StackHash_9d2a/6_1_7601_18247/521eaf24/c0000374/00000000000c4102.htm? pev014@RK.LOCAL HIER_DIRECT/157.56.141.102 text/html "MSDW"
     1389732960.467  25083 172.17.10.137 TCP_MISS/200 362 GET http://37.252.232.5/din.aspx? las001@RK.LOCAL HIER_DIRECT/37.252.232.5 application/octet-stream "Mozilla/4.0 (compatible; MSIE 6.0; DynGate)"
     1389732960.566     85 172.17.10.137 TCP_MISS/200 297 GET http://37.252.232.5/dout.aspx? las001@RK.LOCAL HIER_DIRECT/37.252.232.5 - "Mozilla/4.0 (compatible; MSIE 6.0; DynGate)"
     1389732960.650     50 172.17.11.27 TCP_MISS/200 445 GET http://vk.com/feed2.php tia001@RK.LOCAL HIER_DIRECT/87.240.131.118 text/plain "Mozilla/5.0 (Windows NT 6.1; WOW64) AppleWebKit/537.36 (KHTML, like Gecko) Chrome/31.0.1650.63 Safari/537.36"
     1389732960.929      0 172.17.11.199 TCP_DENIED/407 3882 CONNECT client70.dropbox.com:443 - HIER_NONE/- text/html "-"
     1389732962.559      0 172.17.9.85 TCP_DENIED/407 3856 CONNECT uc.fotostrana.ru:8186 - HIER_NONE/- text/html "-"
     1389732962.573      3 172.17.9.85 TCP_DENIED/200 0 CONNECT uc.fotostrana.ru:8186 shi001@RK.LOCAL HIER_NONE/- - "-"
     1389732963.378     88 172.17.11.196 TCP_MISS/200 1094 GET http://portal.mail.ru/NaviData? alf001@RK.LOCAL HIER_DIRECT/217.69.139.58 application/x-javascript "Mozilla/4.0 (compatible; MSIE 7.0; Windows NT 6.1; Trident/4.0; GTB7.5; SLCC2; .NET CLR 2.0.50727; .NET CLR 3.5.30729; .NET CLR 3.0.30729; Media Center PC 6.0; InfoPath.3; .NET4.0C; .NET4.0E)"
     1389732963.483     91 172.17.11.196 TCP_MISS/200 850 GET http://mail.ru/? alf001@RK.LOCAL HIER_DIRECT/94.100.180.201 text/html "Mozilla/4.0 (compatible; MSIE 7.0; Windows NT 6.1; Trident/4.0; GTB7.5; SLCC2; .NET CLR 2.0.50727; .NET CLR 3.5.30729; .NET CLR 3.0.30729; Media Center PC 6.0; InfoPath.3; .NET4.0C; .NET4.0E)"
     1389732963.792      0 172.17.10.196 TCP_DENIED/407 3882 CONNECT client36.dropbox.com:443 - HIER_NONE/- text/html "-"
     1389732963.808      0 172.17.10.196 TCP_DENIED/407 3882 CONNECT client21.dropbox.com:443 - HIER_NONE/- text/html "-"
     1389732964.489      0 172.17.10.223 TCP_DENIED/407 4603 GET http://watson.microsoft.com/StageOne/PrintIsolationHost_exe/6_1_7600_16385/4a5bd3b1/StackHash_9d2a/6_1_7601_18247/521eaf24/c0000374/00000000000c4102.htm? - HIER_NONE/- text/html "MSDW"
     1389732964.935    436 172.17.10.223 TCP_MISS/200 713 GET http://watson.microsoft.com/StageOne/PrintIsolationHost_exe/6_1_7600_16385/4a5bd3b1/StackHash_9d2a/6_1_7601_18247/521eaf24/c0000374/00000000000c4102.htm? pev014@RK.LOCAL HIER_DIRECT/157.56.141.102 text/html "MSDW"
     1389732965.255      0 172.17.2.246 TCP_DENIED/407 3881 CONNECT client79.dropbox.com:443 - HIER_NONE/- text/html "-"
     1389732965.285      0 172.17.2.246 TCP_DENIED/407 3881 CONNECT client64.dropbox.com:443 - HIER_NONE/- text/html "-"
     1389732967.254  25143 172.17.12.200 TCP_MISS/200 385 POST http://q23.queuev4.vk.com/im035 bav005@RK.LOCAL HIER_DIRECT/87.240.134.200 text/javascript "Mozilla/5.0 (Windows NT 6.1; WOW64) AppleWebKit/537.36 (KHTML, like Gecko) Chrome/28.0.1500.95 YaBrowser/13.10.1500.9323 Safari/537.36"
     1389732968.348      0 172.17.11.196 TCP_DENIED/407 3882 CONNECT client94.dropbox.com:443 - HIER_NONE/- text/html "-"
     1389732968.369      0 172.17.11.196 TCP_DENIED/407 3882 CONNECT client44.dropbox.com:443 - HIER_NONE/- text/html "-"
     1389732968.573      0 172.17.11.27 TCP_DENIED/407 3881 CONNECT client81.dropbox.com:443 - HIER_NONE/- text/html "-"
     1389732968.593      0 172.17.11.27 TCP_DENIED/407 3881 CONNECT client74.dropbox.com:443 - HIER_NONE/- text/html "-"
     1389732969.181      0 172.17.3.228 TCP_DENIED/407 3877 CONNECT client5.dropbox.com:443 - HIER_NONE/- text/html "-"
     1389732969.241      0 172.17.3.228 TCP_DENIED/407 3881 CONNECT client49.dropbox.com:443 - HIER_NONE/- text/html "-"
     1389732969.513  40119 172.17.12.200 TCP_MISS/200 530 GET https://2-p-04-frc3.channel.facebook.com/pull? bav005@RK.LOCAL PINNED/173.252.107.18 text/plain "Mozilla/5.0 (Windows NT 6.1; WOW64) AppleWebKit/537.36 (KHTML, like Gecko) Chrome/28.0.1500.95 YaBrowser/13.10.1500.9323 Safari/537.36"
     1389732969.561      0 172.17.10.223 TCP_DENIED/407 4603 GET http://watson.microsoft.com/StageOne/PrintIsolationHost_exe/6_1_7600_16385/4a5bd3b1/StackHash_9d2a/6_1_7601_18247/521eaf24/c0000374/00000000000c4102.htm? - HIER_NONE/- text/html "MSDW"
     1389732970.009    439 172.17.10.223 TCP_MISS/200 713 GET http://watson.microsoft.com/StageOne/PrintIsolationHost_exe/6_1_7600_16385/4a5bd3b1/StackHash_9d2a/6_1_7601_18247/521eaf24/c0000374/00000000000c4102.htm? pev014@RK.LOCAL HIER_DIRECT/157.56.141.102 text/html "MSDW"
     1389732970.652     51 172.17.11.27 TCP_MISS/200 445 GET http://vk.com/feed2.php tia001@RK.LOCAL HIER_DIRECT/87.240.131.118 text/plain "Mozilla/5.0 (Windows NT 6.1; WOW64) AppleWebKit/537.36 (KHTML, like Gecko) Chrome/31.0.1650.63 Safari/537.36"
     1389732971.831    108 172.17.12.88 TCP_MISS/200 2499 GET http://oauth.vk.com/oauth/authorize? mdg001@RK.LOCAL HIER_DIRECT/87.240.131.99 text/html "Mozilla/5.0 (Windows NT 6.1; rv:26.0) Gecko/20100101 Firefox/26.0"
     1389732971.910     57 172.17.12.88 TCP_MISS/200 2499 GET http://oauth.vk.com/oauth/authorize? mdg001@RK.LOCAL HIER_DIRECT/87.240.131.99 text/html "Mozilla/5.0 (Windows NT 6.1; rv:26.0) Gecko/20100101 Firefox/26.0"
     1389732974.135      0 172.17.10.194 TCP_DENIED/407 4625 GET http://weather.service.msn.com/data.aspx? - HIER_NONE/- text/html "Mozilla/4.0 (compatible; MSIE 7.0; Windows NT 6.1; Win64; x64; Trident/4.0; .NET CLR 2.0.50727; SLCC2; .NET CLR 3.5.30729; .NET CLR 3.0.30729; Media Center PC 6.0; .NET4.0C; .NET4.0E)"
     1389732974.477    333 172.17.10.194 TCP_MISS/200 1956 GET http://weather.service.msn.com/data.aspx? cms001@RK.LOCAL HIER_DIRECT/80.239.178.43 text/xml "Mozilla/4.0 (compatible; MSIE 7.0; Windows NT 6.1; Win64; x64; Trident/4.0; .NET CLR 2.0.50727; SLCC2; .NET CLR 3.5.30729; .NET CLR 3.0.30729; Media Center PC 6.0; .NET4.0C; .NET4.0E)"
     1389732974.487     92 172.17.3.36 TCP_MISS/200 973 GET http://portal.mail.ru/NaviData? ela001@RK.LOCAL HIER_DIRECT/217.69.139.58 application/x-javascript "Mozilla/5.0 (Windows NT 6.1) AppleWebKit/537.36 (KHTML, like Gecko) Chrome/31.0.1650.63 Safari/537.36"
     1389732974.493      0 172.17.11.196 TCP_DENIED/407 3882 CONNECT client57.dropbox.com:443 - HIER_NONE/- text/html "-"
     1389732974.513      0 172.17.11.196 TCP_DENIED/407 3882 CONNECT client84.dropbox.com:443 - HIER_NONE/- text/html "-"
     1389732974.621      0 172.17.10.223 TCP_DENIED/407 4603 GET http://watson.microsoft.com/StageOne/PrintIsolationHost_exe/6_1_7600_16385/4a5bd3b1/StackHash_9d2a/6_1_7601_18247/521eaf24/c0000374/00000000000c4102.htm? - HIER_NONE/- text/html "MSDW"
     1389732974.661      0 172.17.3.57 TCP_DENIED/407 3954 CONNECT clients4.google.com:443 - HIER_NONE/- text/html "Chrome WIN 31.0.1650.63 (238485) channel(stable)"
     1389732974.748      0 172.17.11.46 TCP_DENIED/407 3877 CONNECT client3.dropbox.com:443 - HIER_NONE/- text/html "-"
     1389732974.771      0 172.17.11.46 TCP_DENIED/407 3881 CONNECT client94.dropbox.com:443 - HIER_NONE/- text/html "-"
     1389732974.951    281 172.17.3.57 NONE/200 0 CONNECT clients4.google.com:443 sok001@RK.LOCAL HIER_DIRECT/46.61.155.221 - "Chrome WIN 31.0.1650.63 (238485) channel(stable)"
     1389732975.062    432 172.17.10.223 TCP_MISS/200 713 GET http://watson.microsoft.com/StageOne/PrintIsolationHost_exe/6_1_7600_16385/4a5bd3b1/StackHash_9d2a/6_1_7601_18247/521eaf24/c0000374/00000000000c4102.htm? pev014@RK.LOCAL HIER_DIRECT/157.56.141.102 text/html "MSDW"
     1389732975.086    128 172.17.3.57 TCP_MISS/200 6862 POST https://clients4.google.com/chrome-sync/command/? sok001@RK.LOCAL PINNED/46.61.155.221 application/octet-stream "Chrome WIN 31.0.1650.63 (238485) channel(stable)"
     1389732975.219    129 172.17.3.57 TCP_MISS/200 773 POST https://clients4.google.com/chrome-sync/command/? sok001@RK.LOCAL PINNED/46.61.155.221 application/octet-stream "Chrome WIN 31.0.1650.63 (238485) channel(stable)"
     1389732975.955      0 172.17.11.199 TCP_DENIED/407 3882 CONNECT client90.dropbox.com:443 - HIER_NONE/- text/html "-"
     1389732977.450      0 172.17.11.141 TCP_DENIED/407 4341 GET http://notify2.dropbox.com/subscribe? - HIER_NONE/- text/html "DropboxDesktopClient/2.0.26 (Windows; 7; i32; ru)"
     1389732977.861     96 172.17.12.218 TCP_MISS/000 0 GET https://syndication.twitter.com/widgets/timelines/paged/401444136647024640? uav001@RK.LOCAL PINNED/199.16.156.201 - "Mozilla/5.0 (Windows NT 6.1; WOW64) AppleWebKit/537.36 (KHTML, like Gecko) Chrome/31.0.1650.57 Safari/537.36 OPR/18.0.1284.49 (Edition RMV)"
     1389732977.876      0 172.17.12.218 TCP_DENIED/407 4093 CONNECT syndication.twitter.com:443 - HIER_NONE/- text/html "Mozilla/5.0 (Windows NT 6.1; WOW64) AppleWebKit/537.36 (KHTML, like Gecko) Chrome/31.0.1650.57 Safari/537.36 OPR/18.0.1284.49 (Edition RMV)"
     1389732978.223  25116 172.17.12.200 TCP_MISS/200 448 POST http://q42.queuev4.vk.com/im035 bav005@RK.LOCAL HIER_DIRECT/87.240.134.43 text/javascript "Mozilla/5.0 (Windows NT 6.1; WOW64) AppleWebKit/537.36 (KHTML, like Gecko) Chrome/28.0.1500.95 YaBrowser/13.10.1500.9323 Safari/537.36"
     1389732978.361      0 172.17.12.200 TCP_DENIED/407 3828 CONNECT 157.55.133.147:443 - HIER_NONE/- text/html "-"
     1389732978.707    818 172.17.12.218 NONE/200 0 CONNECT syndication.twitter.com:443 uav001@RK.LOCAL HIER_DIRECT/199.16.156.201 - "Mozilla/5.0 (Windows NT 6.1; WOW64) AppleWebKit/537.36 (KHTML, like Gecko) Chrome/31.0.1650.57 Safari/537.36 OPR/18.0.1284.49 (Edition RMV)"
     1389732978.827      0 172.17.10.196 TCP_DENIED/407 3878 CONNECT client6.dropbox.com:443 - HIER_NONE/- text/html "-"
     1389732978.849      0 172.17.10.196 TCP_DENIED/407 3882 CONNECT client70.dropbox.com:443 - HIER_NONE/- text/html "-"
     1389732978.997    284 172.17.12.218 TCP_MISS/200 1550 GET https://syndication.twitter.com/widgets/timelines/paged/401444136647024640? uav001@RK.LOCAL PINNED/199.16.156.201 application/javascript "Mozilla/5.0 (Windows NT 6.1; WOW64) AppleWebKit/537.36 (KHTML, like Gecko) Chrome/31.0.1650.57 Safari/537.36 OPR/18.0.1284.49 (Edition RMV)"
     1389732979.694      0 172.17.10.223 TCP_DENIED/407 4603 GET http://watson.microsoft.com/StageOne/PrintIsolationHost_exe/6_1_7600_16385/4a5bd3b1/StackHash_9d2a/6_1_7601_18247/521eaf24/c0000374/00000000000c4102.htm? - HIER_NONE/- text/html "MSDW"
     1389732980.212    509 172.17.10.223 TCP_MISS/200 713 GET http://watson.microsoft.com/StageOne/PrintIsolationHost_exe/6_1_7600_16385/4a5bd3b1/StackHash_9d2a/6_1_7601_18247/521eaf24/c0000374/00000000000c4102.htm? pev014@RK.LOCAL HIER_DIRECT/157.56.141.102 text/html "MSDW"
     1389732980.316      0 172.17.2.246 TCP_DENIED/407 3881 CONNECT client16.dropbox.com:443 - HIER_NONE/- text/html "-"
     1389732980.346      0 172.17.2.246 TCP_DENIED/407 3881 CONNECT client97.dropbox.com:443 - HIER_NONE/- text/html "-"
     1389732980.655     52 172.17.11.27 TCP_MISS/200 445 GET http://vk.com/feed2.php tia001@RK.LOCAL HIER_DIRECT/87.240.131.118 text/plain "Mozilla/5.0 (Windows NT 6.1; WOW64) AppleWebKit/537.36 (KHTML, like Gecko) Chrome/31.0.1650.63 Safari/537.36"
     1389732983.386      0 172.17.11.196 TCP_DENIED/407 3882 CONNECT client75.dropbox.com:443 - HIER_NONE/- text/html "-"
     1389732983.406      0 172.17.11.196 TCP_DENIED/407 3878 CONNECT client0.dropbox.com:443 - HIER_NONE/- text/html "-"
     1389732983.559      0 172.17.9.85 TCP_DENIED/407 3856 CONNECT uc.fotostrana.ru:8186 - HIER_NONE/- text/html "-"
     1389732983.572      3 172.17.9.85 TCP_DENIED/200 0 CONNECT uc.fotostrana.ru:8186 shi001@RK.LOCAL HIER_NONE/- - "-"
     1389732983.616      0 172.17.11.27 TCP_DENIED/407 3881 CONNECT client78.dropbox.com:443 - HIER_NONE/- text/html "-"
     1389732983.637      0 172.17.11.27 TCP_DENIED/407 3877 CONNECT client2.dropbox.com:443 - HIER_NONE/- text/html "-"
     1389732984.257      0 172.17.3.228 TCP_DENIED/407 3881 CONNECT client65.dropbox.com:443 - HIER_NONE/- text/html "-"
     1389732984.270      0 172.17.3.228 TCP_DENIED/407 3881 CONNECT client75.dropbox.com:443 - HIER_NONE/- text/html "-"
     1389732984.770      0 172.17.10.223 TCP_DENIED/407 4603 GET http://watson.microsoft.com/StageOne/PrintIsolationHost_exe/6_1_7600_16385/4a5bd3b1/StackHash_9d2a/6_1_7601_18247/521eaf24/c0000374/00000000000c4102.htm? - HIER_NONE/- text/html "MSDW"
     1389732984.930      0 172.17.10.122 TCP_DENIED/407 4618 GET http://weather.service.msn.com/data.aspx? - HIER_NONE/- text/html "Mozilla/4.0 (compatible; MSIE 7.0; Windows NT 6.1; Win64; x64; Trident/4.0; .NET CLR 2.0.50727; SLCC2; .NET CLR 3.5.30729; .NET CLR 3.0.30729; Media Center PC 6.0; .NET4.0C; .NET4.0E)"
     1389732985.027     80 172.17.10.122 TCP_MISS/200 1956 GET http://weather.service.msn.com/data.aspx? mza001@RK.LOCAL HIER_DIRECT/80.239.178.43 text/xml "Mozilla/4.0 (compatible; MSIE 7.0; Windows NT 6.1; Win64; x64; Trident/4.0; .NET CLR 2.0.50727; SLCC2; .NET CLR 3.5.30729; .NET CLR 3.0.30729; Media Center PC 6.0; .NET4.0C; .NET4.0E)"
     1389732985.238    459 172.17.10.223 TCP_MISS/200 713 GET http://watson.microsoft.com/StageOne/PrintIsolationHost_exe/6_1_7600_16385/4a5bd3b1/StackHash_9d2a/6_1_7601_18247/521eaf24/c0000374/00000000000c4102.htm? pev014@RK.LOCAL HIER_DIRECT/157.56.141.102 text/html "MSDW"
     1389732985.661  25085 172.17.10.137 TCP_MISS/200 362 GET http://37.252.232.5/din.aspx? las001@RK.LOCAL HIER_DIRECT/37.252.232.5 application/octet-stream "Mozilla/4.0 (compatible; MSIE 6.0; DynGate)"
     1389732985.923    248 172.17.10.137 TCP_MISS/200 297 GET http://37.252.232.5/dout.aspx? las001@RK.LOCAL HIER_DIRECT/37.252.232.5 - "Mozilla/4.0 (compatible; MSIE 6.0; DynGate)"
     1389732988.113      0 172.17.12.200 TCP_DENIED/407 4891 POST http://vk.com/al_im.php - HIER_NONE/- text/html "Mozilla/5.0 (Windows NT 6.1; WOW64) AppleWebKit/537.36 (KHTML, like Gecko) Chrome/28.0.1500.95 YaBrowser/13.10.1500.9323 Safari/537.36"
     1389732988.316    189 172.17.12.200 TCP_MISS/200 881 POST http://vk.com/al_im.php bav005@RK.LOCAL HIER_DIRECT/87.240.131.118 text/plain "Mozilla/5.0 (Windows NT 6.1; WOW64) AppleWebKit/537.36 (KHTML, like Gecko) Chrome/28.0.1500.95 YaBrowser/13.10.1500.9323 Safari/537.36"
     1389732989.803      0 172.17.11.46 TCP_DENIED/407 3881 CONNECT client95.dropbox.com:443 - HIER_NONE/- text/html "-"
     1389732989.825      0 172.17.11.46 TCP_DENIED/407 3881 CONNECT client54.dropbox.com:443 - HIER_NONE/- text/html "-"
     1389732989.833      0 172.17.10.223 TCP_DENIED/407 4603 GET http://watson.microsoft.com/StageOne/PrintIsolationHost_exe/6_1_7600_16385/4a5bd3b1/StackHash_9d2a/6_1_7601_18247/521eaf24/c0000374/00000000000c4102.htm? - HIER_NONE/- text/html "MSDW"
     1389732990.298    456 172.17.10.223 TCP_MISS/200 713 GET http://watson.microsoft.com/StageOne/PrintIsolationHost_exe/6_1_7600_16385/4a5bd3b1/StackHash_9d2a/6_1_7601_18247/521eaf24/c0000374/00000000000c4102.htm? pev014@RK.LOCAL HIER_DIRECT/157.56.141.102 text/html "MSDW"
     1389732990.655     52 172.17.11.27 TCP_MISS/200 445 GET http://vk.com/feed2.php tia001@RK.LOCAL HIER_DIRECT/87.240.131.118 text/plain "Mozilla/5.0 (Windows NT 6.1; WOW64) AppleWebKit/537.36 (KHTML, like Gecko) Chrome/31.0.1650.63 Safari/537.36"
     1389732990.981      0 172.17.11.199 TCP_DENIED/407 3882 CONNECT client56.dropbox.com:443 - HIER_NONE/- text/html "-"
     1389732991.384     82 172.17.3.228 TCP_MISS/200 973 GET http://portal.mail.ru/NaviData? psv001@RK.LOCAL HIER_DIRECT/217.69.139.58 application/x-javascript "Mozilla/5.0 (Windows NT 6.1) AppleWebKit/537.36 (KHTML, like Gecko) Chrome/31.0.1650.63 Safari/537.36"
     1389732991.480     82 172.17.3.228 TCP_MISS/200 422 GET http://headline.radar.imgsmail.ru/update? psv001@RK.LOCAL HIER_DIRECT/185.5.137.249 image/gif "Mozilla/5.0 (Windows NT 6.1) AppleWebKit/537.36 (KHTML, like Gecko) Chrome/31.0.1650.63 Safari/537.36"
     1389732991.487     83 172.17.3.228 TCP_MISS/200 831 GET http://mail.ru/? psv001@RK.LOCAL HIER_DIRECT/94.100.180.199 text/html "Mozilla/5.0 (Windows NT 6.1) AppleWebKit/537.36 (KHTML, like Gecko) Chrome/31.0.1650.63 Safari/537.36"
     1389732992.494      0 172.17.11.141 TCP_DENIED/407 4341 GET http://notify2.dropbox.com/subscribe? - HIER_NONE/- text/html "DropboxDesktopClient/2.0.26 (Windows; 7; i32; ru)"
     1389732993.195     90 172.17.12.200 TCP_MISS/200 965 GET http://ok-portal.mail.ru/NaviData? bav005@RK.LOCAL HIER_DIRECT/94.100.180.59 application/x-javascript "Mozilla/5.0 (Windows NT 6.1; WOW64) AppleWebKit/537.36 (KHTML, like Gecko) Chrome/28.0.1500.95 YaBrowser/13.10.1500.9323 Safari/537.36"
     1389732993.202  25092 172.17.12.200 TCP_MISS/200 385 POST http://q23.queuev4.vk.com/im035 bav005@RK.LOCAL HIER_DIRECT/87.240.134.200 text/javascript "Mozilla/5.0 (Windows NT 6.1; WOW64) AppleWebKit/537.36 (KHTML, like Gecko) Chrome/28.0.1500.95 YaBrowser/13.10.1500.9323 Safari/537.36"
     1389732993.876      0 172.17.10.196 TCP_DENIED/407 3882 CONNECT client51.dropbox.com:443 - HIER_NONE/- text/html "-"
     1389732993.896      0 172.17.10.196 TCP_DENIED/407 3878 CONNECT client0.dropbox.com:443 - HIER_NONE/- text/html "-"
     1389732994.904      0 172.17.10.223 TCP_DENIED/407 4603 GET http://watson.microsoft.com/StageOne/PrintIsolationHost_exe/6_1_7600_16385/4a5bd3b1/StackHash_9d2a/6_1_7601_18247/521eaf24/c0000374/00000000000c4102.htm? - HIER_NONE/- text/html "MSDW"
     1389732995.375    462 172.17.10.223 TCP_MISS/200 713 GET http://watson.microsoft.com/StageOne/PrintIsolationHost_exe/6_1_7600_16385/4a5bd3b1/StackHash_9d2a/6_1_7601_18247/521eaf24/c0000374/00000000000c4102.htm? pev014@RK.LOCAL HIER_DIRECT/157.56.141.102 text/html "MSDW"
     1389732995.385      0 172.17.2.246 TCP_DENIED/407 3877 CONNECT client1.dropbox.com:443 - HIER_NONE/- text/html "-"
     1389732995.411      0 172.17.2.246 TCP_DENIED/407 3881 CONNECT client98.dropbox.com:443 - HIER_NONE/- text/html "-"
     1389732995.669      0 172.17.11.141 TCP_DENIED/407 3882 CONNECT client66.dropbox.com:443 - HIER_NONE/- text/html "-"
     1389732995.695      0 172.17.11.141 TCP_DENIED/407 3882 CONNECT client20.dropbox.com:443 - HIER_NONE/- text/html "-"
     1389732998.424      0 172.17.11.196 TCP_DENIED/407 3878 CONNECT client5.dropbox.com:443 - HIER_NONE/- text/html "-"
     1389732998.444      0 172.17.11.196 TCP_DENIED/407 3882 CONNECT client39.dropbox.com:443 - HIER_NONE/- text/html "-"
     1389732998.663      0 172.17.11.27 TCP_DENIED/407 3881 CONNECT client94.dropbox.com:443 - HIER_NONE/- text/html "-"
     1389732998.685      0 172.17.11.27 TCP_DENIED/407 3881 CONNECT client60.dropbox.com:443 - HIER_NONE/- text/html "-"
     1389732999.286      0 172.17.3.228 TCP_DENIED/407 3881 CONNECT client88.dropbox.com:443 - HIER_NONE/- text/html "-"
     1389732999.343      0 172.17.3.228 TCP_DENIED/407 3881 CONNECT client70.dropbox.com:443 - HIER_NONE/- text/html "-"
     1389732999.969      0 172.17.10.223 TCP_DENIED/407 4603 GET http://watson.microsoft.com/StageOne/PrintIsolationHost_exe/6_1_7600_16385/4a5bd3b1/StackHash_9d2a/6_1_7601_18247/521eaf24/c0000374/00000000000c4102.htm? - HIER_NONE/- text/html "MSDW"
     1389733000.415    437 172.17.10.223 TCP_MISS/200 713 GET http://watson.microsoft.com/StageOne/PrintIsolationHost_exe/6_1_7600_16385/4a5bd3b1/StackHash_9d2a/6_1_7601_18247/521eaf24/c0000374/00000000000c4102.htm? pev014@RK.LOCAL HIER_DIRECT/157.56.141.102 text/html "MSDW"
     1389733000.664     61 172.17.11.27 TCP_MISS/200 445 GET http://vk.com/feed2.php tia001@RK.LOCAL HIER_DIRECT/87.240.131.118 text/plain "Mozilla/5.0 (Windows NT 6.1; WOW64) AppleWebKit/537.36 (KHTML, like Gecko) Chrome/31.0.1650.63 Safari/537.36"
     1389733004.180      0 192.168.44.65 TCP_DENIED/407 4298 POST http://syk-kom8-wsus.rk.local/SimpleAuthWebService/SimpleAuth.asmx - HIER_NONE/- text/html "Windows-Update-Agent"
     1389733004.189      0 192.168.44.65 TCP_DENIED/407 4399 POST http://syk-kom8-wsus.rk.local/SimpleAuthWebService/SimpleAuth.asmx - HIER_NONE/- text/html "Windows-Update-Agent"
     1389733004.222  25116 172.17.12.200 TCP_MISS/200 448 POST http://q42.queuev4.vk.com/im035 bav005@RK.LOCAL HIER_DIRECT/87.240.134.43 text/javascript "Mozilla/5.0 (Windows NT 6.1; WOW64) AppleWebKit/537.36 (KHTML, like Gecko) Chrome/28.0.1500.95 YaBrowser/13.10.1500.9323 Safari/537.36"
     1389733004.559      0 172.17.9.85 TCP_DENIED/407 3856 CONNECT uc.fotostrana.ru:8186 - HIER_NONE/- text/html "-"
     1389733004.572      3 172.17.9.85 TCP_DENIED/200 0 CONNECT uc.fotostrana.ru:8186 shi001@RK.LOCAL HIER_NONE/- - "-"
     1389733004.856      0 172.17.11.46 TCP_DENIED/407 3881 CONNECT client16.dropbox.com:443 - HIER_NONE/- text/html "-"
     1389733004.879      0 172.17.11.46 TCP_DENIED/407 3881 CONNECT client39.dropbox.com:443 - HIER_NONE/- text/html "-"
     1389733005.039      0 172.17.10.223 TCP_DENIED/407 4603 GET http://watson.microsoft.com/StageOne/PrintIsolationHost_exe/6_1_7600_16385/4a5bd3b1/StackHash_9d2a/6_1_7601_18247/521eaf24/c0000374/00000000000c4102.htm? - HIER_NONE/- text/html "MSDW"
     1389733005.502    453 172.17.10.223 TCP_MISS/200 713 GET http://watson.microsoft.com/StageOne/PrintIsolationHost_exe/6_1_7600_16385/4a5bd3b1/StackHash_9d2a/6_1_7601_18247/521eaf24/c0000374/00000000000c4102.htm? pev014@RK.LOCAL HIER_DIRECT/157.56.141.102 text/html "MSDW"
     1389733006.007      0 172.17.11.199 TCP_DENIED/407 3882 CONNECT client72.dropbox.com:443 - HIER_NONE/- text/html "-"
     1389733006.532      0 172.17.11.141 TCP_DENIED/407 4341 GET http://notify2.dropbox.com/subscribe? - HIER_NONE/- text/html "DropboxDesktopClient/2.0.26 (Windows; 7; i32; ru)"
     1389733008.742      0 172.17.12.218 TCP_DENIED/407 4254 GET http://crl.microsoft.com/pki/crl/products/microsoftrootcert.crl - HIER_NONE/- text/html "Microsoft-CryptoAPI/6.1"
     1389733008.919      0 172.17.10.196 TCP_DENIED/407 3878 CONNECT client5.dropbox.com:443 - HIER_NONE/- text/html "-"
     1389733008.928    176 172.17.12.218 TCP_REFRESH_UNMODIFIED/304 661 GET http://crl.microsoft.com/pki/crl/products/microsoftrootcert.crl uav001@RK.LOCAL HIER_DIRECT/217.212.252.145 application/pkix-crl "Microsoft-CryptoAPI/6.1"
     1389733008.940      0 172.17.10.196 TCP_DENIED/407 3878 CONNECT client1.dropbox.com:443 - HIER_NONE/- text/html "-"
     1389733009.443  39925 172.17.12.200 TCP_MISS/200 530 GET https://2-p-04-frc3.channel.facebook.com/pull? bav005@RK.LOCAL PINNED/173.252.107.18 text/plain "Mozilla/5.0 (Windows NT 6.1; WOW64) AppleWebKit/537.36 (KHTML, like Gecko) Chrome/28.0.1500.95 YaBrowser/13.10.1500.9323 Safari/537.36"
     1389733009.548      0 172.17.2.246 TCP_DENIED/407 3853 CONNECT d.dropbox.com:443 - HIER_NONE/- text/html "-"
     1389733009.572      0 172.17.2.246 TCP_DENIED/407 3853 CONNECT d.dropbox.com:443 - HIER_NONE/- text/html "-"
     1389733010.114      0 172.17.10.223 TCP_DENIED/407 4603 GET http://watson.microsoft.com/StageOne/PrintIsolationHost_exe/6_1_7600_16385/4a5bd3b1/StackHash_9d2a/6_1_7601_18247/521eaf24/c0000374/00000000000c4102.htm? - HIER_NONE/- text/html "MSDW"
     1389733010.440      0 172.17.2.246 TCP_DENIED/407 3881 CONNECT client70.dropbox.com:443 - HIER_NONE/- text/html "-"
     1389733010.466      0 172.17.2.246 TCP_DENIED/407 3881 CONNECT client69.dropbox.com:443 - HIER_NONE/- text/html "-"
     1389733010.579    455 172.17.10.223 TCP_MISS/200 713 GET http://watson.microsoft.com/StageOne/PrintIsolationHost_exe/6_1_7600_16385/4a5bd3b1/StackHash_9d2a/6_1_7601_18247/521eaf24/c0000374/00000000000c4102.htm? pev014@RK.LOCAL HIER_DIRECT/157.56.141.102 text/html "MSDW"
     1389733010.725    122 172.17.11.27 TCP_MISS/200 445 GET http://vk.com/feed2.php tia001@RK.LOCAL HIER_DIRECT/87.240.131.117 text/plain "Mozilla/5.0 (Windows NT 6.1; WOW64) AppleWebKit/537.36 (KHTML, like Gecko) Chrome/31.0.1650.63 Safari/537.36"
     1389733011.011  25079 172.17.10.137 TCP_MISS/200 362 GET http://37.252.232.5/din.aspx? las001@RK.LOCAL HIER_DIRECT/37.252.232.5 application/octet-stream "Mozilla/4.0 (compatible; MSIE 6.0; DynGate)"
     1389733011.111     85 172.17.10.137 TCP_MISS/200 297 GET http://37.252.232.5/dout.aspx? las001@RK.LOCAL HIER_DIRECT/37.252.232.5 - "Mozilla/4.0 (compatible; MSIE 6.0; DynGate)"
     1389733013.464      0 172.17.11.196 TCP_DENIED/407 3882 CONNECT client28.dropbox.com:443 - HIER_NONE/- text/html "-"
     1389733013.483      0 172.17.11.196 TCP_DENIED/407 3882 CONNECT client46.dropbox.com:443 - HIER_NONE/- text/html "-"
     1389733013.711      0 172.17.11.27 TCP_DENIED/407 3881 CONNECT client62.dropbox.com:443 - HIER_NONE/- text/html "-"
     1389733013.732      0 172.17.11.27 TCP_DENIED/407 3881 CONNECT client36.dropbox.com:443 - HIER_NONE/- text/html "-"
     1389733014.359      0 172.17.3.228 TCP_DENIED/407 3881 CONNECT client72.dropbox.com:443 - HIER_NONE/- text/html "-"
     1389733014.371      0 172.17.3.228 TCP_DENIED/407 3881 CONNECT client10.dropbox.com:443 - HIER_NONE/- text/html "-"
     1389733015.179      0 172.17.10.223 TCP_DENIED/407 4603 GET http://watson.microsoft.com/StageOne/PrintIsolationHost_exe/6_1_7600_16385/4a5bd3b1/StackHash_9d2a/6_1_7601_18247/521eaf24/c0000374/00000000000c4102.htm? - HIER_NONE/- text/html "MSDW"
     1389733015.499    120 192.168.44.85 TCP_MISS/302 834 GET https://mail.google.com/mail/? ssi002 PINNED/173.194.32.150 text/html "Mozilla/5.0 (Windows NT 6.1; rv:26.0) Gecko/20100101 Firefox/26.0"
1389733015.499    120 192.168.44.85 TCP_MISS/302 834 GET https://mail.google.com/mail/? ssi002 PINNED/173.194.32.150 text/html
     1389733015.625    436 172.17.10.223 TCP_MISS/200 713 GET http://watson.microsoft.com/StageOne/PrintIsolationHost_exe/6_1_7600_16385/4a5bd3b1/StackHash_9d2a/6_1_7601_18247/521eaf24/c0000374/00000000000c4102.htm? pev014@RK.LOCAL HIER_DIRECT/157.56.141.102 text/html "MSDW"
     1389733015.822    319 192.168.44.85 TCP_MISS/200 14991 GET https://mail.google.com/mail/h/yygmiv4nbdqg/? ssi002 PINNED/173.194.32.150 text/html "Mozilla/5.0 (Windows NT 6.1; rv:26.0) Gecko/20100101 Firefox/26.0"
1389733015.822    319 192.168.44.85 TCP_MISS/200 14991 GET https://mail.google.com/mail/h/yygmiv4nbdqg/? ssi002 PINNED/173.194.32.150 text/html
     1389733016.744      0 172.17.12.77 TCP_DENIED/407 4217 POST http://sp-alive-msg.conduit-data.com/ - HIER_NONE/- text/html "SearchProtect;2.9.8.2;Windows 7 Professional;SP6514953B-9965-472B-BA9C-3BAF1395287D"
     1389733016.993      0 172.17.12.77 TCP_DENIED/407 4217 POST http://sp-alive-msg.conduit-data.com/ - HIER_NONE/- text/html "SearchProtect;2.9.8.2;Windows 7 Professional;SP6514953B-9965-472B-BA9C-3BAF1395287D"
     1389733017.403    394 172.17.12.77 TCP_MISS/202 657 POST http://sp-alive-msg.conduit-data.com/ bis002@RK.LOCAL HIER_DIRECT/54.243.66.232 - "SearchProtect;2.9.8.2;Windows 7 Professional;SP6514953B-9965-472B-BA9C-3BAF1395287D"
     1389733017.405    643 172.17.12.77 TCP_MISS/202 657 POST http://sp-alive-msg.conduit-data.com/ bis002@RK.LOCAL HIER_DIRECT/54.243.66.232 - "SearchProtect;2.9.8.2;Windows 7 Professional;SP6514953B-9965-472B-BA9C-3BAF1395287D"
     1389733019.202  25093 172.17.12.200 TCP_MISS/200 385 POST http://q23.queuev4.vk.com/im035 bav005@RK.LOCAL HIER_DIRECT/87.240.134.200 text/javascript "Mozilla/5.0 (Windows NT 6.1; WOW64) AppleWebKit/537.36 (KHTML, like Gecko) Chrome/28.0.1500.95 YaBrowser/13.10.1500.9323 Safari/537.36"
     1389733019.910      0 172.17.11.46 TCP_DENIED/407 3881 CONNECT client96.dropbox.com:443 - HIER_NONE/- text/html "-"
     1389733019.925      0 172.17.11.46 TCP_DENIED/407 3881 CONNECT client88.dropbox.com:443 - HIER_NONE/- text/html "-"
     1389733020.255      0 172.17.10.223 TCP_DENIED/407 4603 GET http://watson.microsoft.com/StageOne/PrintIsolationHost_exe/6_1_7600_16385/4a5bd3b1/StackHash_9d2a/6_1_7601_18247/521eaf24/c0000374/00000000000c4102.htm? - HIER_NONE/- text/html "MSDW"
     1389733020.667     64 172.17.11.27 TCP_MISS/200 445 GET http://vk.com/feed2.php tia001@RK.LOCAL HIER_DIRECT/87.240.131.117 text/plain "Mozilla/5.0 (Windows NT 6.1; WOW64) AppleWebKit/537.36 (KHTML, like Gecko) Chrome/31.0.1650.63 Safari/537.36"
     1389733020.718    453 172.17.10.223 TCP_MISS/200 713 GET http://watson.microsoft.com/StageOne/PrintIsolationHost_exe/6_1_7600_16385/4a5bd3b1/StackHash_9d2a/6_1_7601_18247/521eaf24/c0000374/00000000000c4102.htm? pev014@RK.LOCAL HIER_DIRECT/157.56.141.102 text/html "MSDW"
     1389733021.033      0 172.17.11.199 TCP_DENIED/407 3882 CONNECT client36.dropbox.com:443 - HIER_NONE/- text/html "-"
     1389733021.567      0 172.17.11.141 TCP_DENIED/407 4341 GET http://notify2.dropbox.com/subscribe? - HIER_NONE/- text/html "DropboxDesktopClient/2.0.26 (Windows; 7; i32; ru)"
     1389733023.388     88 172.17.11.196 TCP_MISS/200 1094 GET http://portal.mail.ru/NaviData? alf001@RK.LOCAL HIER_DIRECT/217.69.139.58 application/x-javascript "Mozilla/4.0 (compatible; MSIE 7.0; Windows NT 6.1; Trident/4.0; GTB7.5; SLCC2; .NET CLR 2.0.50727; .NET CLR 3.5.30729; .NET CLR 3.0.30729; Media Center PC 6.0; InfoPath.3; .NET4.0C; .NET4.0E)"
     1389733023.493     90 172.17.11.196 TCP_MISS/200 850 GET http://mail.ru/? alf001@RK.LOCAL HIER_DIRECT/94.100.180.199 text/html "Mozilla/4.0 (compatible; MSIE 7.0; Windows NT 6.1; Trident/4.0; GTB7.5; SLCC2; .NET CLR 2.0.50727; .NET CLR 3.5.30729; .NET CLR 3.0.30729; Media Center PC 6.0; InfoPath.3; .NET4.0C; .NET4.0E)"
     1389733023.966      0 172.17.10.196 TCP_DENIED/407 3882 CONNECT client78.dropbox.com:443 - HIER_NONE/- text/html "-"
     1389733023.980      0 172.17.10.196 TCP_DENIED/407 3882 CONNECT client30.dropbox.com:443 - HIER_NONE/- text/html "-"
     1389733025.323      0 172.17.10.223 TCP_DENIED/407 4603 GET http://watson.microsoft.com/StageOne/PrintIsolationHost_exe/6_1_7600_16385/4a5bd3b1/StackHash_9d2a/6_1_7601_18247/521eaf24/c0000374/00000000000c4102.htm? - HIER_NONE/- text/html "MSDW"
     1389733025.496      0 172.17.2.246 TCP_DENIED/407 3881 CONNECT client71.dropbox.com:443 - HIER_NONE/- text/html "-"
     1389733025.526      0 172.17.2.246 TCP_DENIED/407 3881 CONNECT client23.dropbox.com:443 - HIER_NONE/- text/html "-"
     1389733025.559      0 172.17.9.85 TCP_DENIED/407 3856 CONNECT uc.fotostrana.ru:8186 - HIER_NONE/- text/html "-"
     1389733025.576      6 172.17.9.85 TCP_DENIED/200 0 CONNECT uc.fotostrana.ru:8186 shi001@RK.LOCAL HIER_NONE/- - "-"
     1389733026.624    121 172.17.12.88 TCP_MISS/200 1331 GET http://export.yandex.ru/bar/reginfo.xml? mdg001@RK.LOCAL HIER_DIRECT/87.250.250.27 text/xml "Mozilla/5.0 (Windows NT 6.1; rv:26.0) Gecko/20100101 Firefox/26.0"
     1389733027.371      0 172.17.12.200 TCP_DENIED/407 3828 CONNECT 157.55.133.136:443 - HIER_NONE/- text/html "-"
     1389733028.500      0 172.17.11.196 TCP_DENIED/407 3878 CONNECT client2.dropbox.com:443 - HIER_NONE/- text/html "-"
     1389733028.501      0 172.17.3.57 TCP_DENIED/407 3852 CONNECT talk.google.com:5222 - HIER_NONE/- text/html "-"
     1389733028.511      0 172.17.3.57 TCP_DENIED/407 3866 CONNECT talk.google.com:443 - HIER_NONE/- text/html "-"
     1389733028.515      0 172.17.11.196 TCP_DENIED/407 3882 CONNECT client72.dropbox.com:443 - HIER_NONE/- text/html "-"
     1389733028.520      0 172.17.3.57 TCP_DENIED/407 3864 CONNECT talkx.l.google.com:5222 - HIER_NONE/- text/html "-"
     1389733028.530      0 172.17.3.57 TCP_DENIED/407 3878 CONNECT talkx.l.google.com:443 - HIER_NONE/- text/html "-"
     1389733028.757      0 172.17.11.27 TCP_DENIED/407 3881 CONNECT client70.dropbox.com:443 - HIER_NONE/- text/html "-"
     1389733028.776      0 172.17.11.27 TCP_DENIED/407 3881 CONNECT client91.dropbox.com:443 - HIER_NONE/- text/html "-"
     1389733029.386      0 172.17.3.228 TCP_DENIED/407 3881 CONNECT client92.dropbox.com:443 - HIER_NONE/- text/html "-"
     1389733029.446      0 172.17.3.228 TCP_DENIED/407 3881 CONNECT client12.dropbox.com:443 - HIER_NONE/- text/html "-"
     1389733029.910      0 172.17.3.228 TCP_DENIED/407 3853 CONNECT d.dropbox.com:443 - HIER_NONE/- text/html "-"
     1389733029.923      0 172.17.3.228 TCP_DENIED/407 3853 CONNECT d.dropbox.com:443 - HIER_NONE/- text/html "-"
     1389733030.222  25116 172.17.12.200 TCP_MISS/200 448 POST http://q42.queuev4.vk.com/im035 bav005@RK.LOCAL HIER_DIRECT/87.240.134.43 text/javascript "Mozilla/5.0 (Windows NT 6.1; WOW64) AppleWebKit/537.36 (KHTML, like Gecko) Chrome/28.0.1500.95 YaBrowser/13.10.1500.9323 Safari/537.36"
     1389733030.388      0 172.17.10.223 TCP_DENIED/407 4603 GET http://watson.microsoft.com/StageOne/PrintIsolationHost_exe/6_1_7600_16385/4a5bd3b1/StackHash_9d2a/6_1_7601_18247/521eaf24/c0000374/00000000000c4102.htm? - HIER_NONE/- text/html "MSDW"
     1389733030.667     64 172.17.11.27 TCP_MISS/200 445 GET http://vk.com/feed2.php tia001@RK.LOCAL HIER_DIRECT/87.240.131.117 text/plain "Mozilla/5.0 (Windows NT 6.1; WOW64) AppleWebKit/537.36 (KHTML, like Gecko) Chrome/31.0.1650.63 Safari/537.36"
     1389733030.833    435 172.17.10.223 TCP_MISS/200 713 GET http://watson.microsoft.com/StageOne/PrintIsolationHost_exe/6_1_7600_16385/4a5bd3b1/StackHash_9d2a/6_1_7601_18247/521eaf24/c0000374/00000000000c4102.htm? pev014@RK.LOCAL HIER_DIRECT/157.56.141.102 text/html "MSDW"
     1389733031.743      0 172.17.10.197 TCP_DENIED/407 4014 CONNECT www.google.ru:443 - HIER_NONE/- text/html "Mozilla/5.0 (Windows NT 6.1; WOW64) AppleWebKit/537.36 (KHTML, like Gecko) Chrome/31.0.1650.63 Safari/537.36"
     1389733031.747      0 172.17.10.197 TCP_DENIED/407 4034 CONNECT clients1.google.ru:443 - HIER_NONE/- text/html "Mozilla/5.0 (Windows NT 6.1; WOW64) AppleWebKit/537.36 (KHTML, like Gecko) Chrome/31.0.1650.63 Safari/537.36"
     1389733031.749      0 172.17.10.197 TCP_DENIED/407 4022 CONNECT www.gstatic.com:443 - HIER_NONE/- text/html "Mozilla/5.0 (Windows NT 6.1; WOW64) AppleWebKit/537.36 (KHTML, like Gecko) Chrome/31.0.1650.63 Safari/537.36"
     1389733031.751      0 172.17.10.197 TCP_DENIED/407 4022 CONNECT ssl.gstatic.com:443 - HIER_NONE/- text/html "Mozilla/5.0 (Windows NT 6.1; WOW64) AppleWebKit/537.36 (KHTML, like Gecko) Chrome/31.0.1650.63 Safari/537.36"
     1389733031.753      0 172.17.10.197 TCP_DENIED/407 4022 CONNECT apis.google.com:443 - HIER_NONE/- text/html "Mozilla/5.0 (Windows NT 6.1; WOW64) AppleWebKit/537.36 (KHTML, like Gecko) Chrome/31.0.1650.63 Safari/537.36"
     1389733031.808      0 172.17.10.197 TCP_DENIED/407 4014 CONNECT www.google.ru:443 - HIER_NONE/- text/html "Mozilla/5.0 (Windows NT 6.1; WOW64) AppleWebKit/537.36 (KHTML, like Gecko) Chrome/31.0.1650.63 Safari/537.36"
     1389733032.139    314 172.17.10.197 NONE/200 0 CONNECT www.google.ru:443 hns001@RK.LOCAL HIER_DIRECT/74.125.143.94 - "Mozilla/5.0 (Windows NT 6.1; WOW64) AppleWebKit/537.36 (KHTML, like Gecko) Chrome/31.0.1650.63 Safari/537.36"
     1389733032.409      0 172.17.10.197 TCP_DENIED/407 4014 CONNECT www.google.ru:443 - HIER_NONE/- text/html "Mozilla/5.0 (Windows NT 6.1; WOW64) AppleWebKit/537.36 (KHTML, like Gecko) Chrome/31.0.1650.63 Safari/537.36"
     1389733032.413    265 172.17.10.197 TCP_MISS/200 42176 GET https://www.google.ru/webhp? hns001@RK.LOCAL PINNED/74.125.143.94 text/html "Mozilla/5.0 (Windows NT 6.1; WOW64) AppleWebKit/537.36 (KHTML, like Gecko) Chrome/31.0.1650.63 Safari/537.36"
     1389733032.420      1 172.17.10.197 TCP_MEM_HIT/200 38062 GET https://www.google.ru/logos/doodles/2014/sofia-kovalevskayas-164th-birthday-6437907808124928-hp.jpg hns001@RK.LOCAL HIER_NONE/- image/jpeg "Mozilla/5.0 (Windows NT 6.1; WOW64) AppleWebKit/537.36 (KHTML, like Gecko) Chrome/31.0.1650.63 Safari/537.36"
     1389733032.421      0 172.17.10.197 TCP_DENIED/407 4014 CONNECT www.google.ru:443 - HIER_NONE/- text/html "Mozilla/5.0 (Windows NT 6.1; WOW64) AppleWebKit/537.36 (KHTML, like Gecko) Chrome/31.0.1650.63 Safari/537.36"
     1389733032.439      0 172.17.10.197 TCP_MEM_HIT/200 4584 GET https://www.google.ru/logos/doodles/2014/sofia-kovalevskayas-164th-birthday-6437907808124928-res.png hns001@RK.LOCAL HIER_NONE/- image/png "Mozilla/5.0 (Windows NT 6.1; WOW64) AppleWebKit/537.36 (KHTML, like Gecko) Chrome/31.0.1650.63 Safari/537.36"
     1389733032.441      0 172.17.10.197 TCP_DENIED/407 4014 CONNECT www.google.ru:443 - HIER_NONE/- text/html "Mozilla/5.0 (Windows NT 6.1; WOW64) AppleWebKit/537.36 (KHTML, like Gecko) Chrome/31.0.1650.63 Safari/537.36"
     1389733032.660    228 172.17.10.197 NONE/200 0 CONNECT www.google.ru:443 hns001@RK.LOCAL HIER_DIRECT/74.125.143.94 - "Mozilla/5.0 (Windows NT 6.1; WOW64) AppleWebKit/537.36 (KHTML, like Gecko) Chrome/31.0.1650.63 Safari/537.36"
     1389733032.665    246 172.17.10.197 NONE/200 0 CONNECT www.google.ru:443 hns001@RK.LOCAL HIER_DIRECT/74.125.143.94 - "Mozilla/5.0 (Windows NT 6.1; WOW64) AppleWebKit/537.36 (KHTML, like Gecko) Chrome/31.0.1650.63 Safari/537.36"
     1389733033.288      0 172.17.10.197 TCP_DENIED/407 4022 CONNECT www.gstatic.com:443 - HIER_NONE/- text/html "Mozilla/5.0 (Windows NT 6.1; WOW64) AppleWebKit/537.36 (KHTML, like Gecko) Chrome/31.0.1650.63 Safari/537.36"
     1389733033.579    280 172.17.10.197 NONE/200 0 CONNECT www.gstatic.com:443 hns001@RK.LOCAL HIER_DIRECT/173.194.32.143 - "Mozilla/5.0 (Windows NT 6.1; WOW64) AppleWebKit/537.36 (KHTML, like Gecko) Chrome/31.0.1650.63 Safari/537.36"
     1389733033.680    400 172.17.10.197 TCP_MISS/200 123742 GET https://www.google.ru/xjs/_/js/k=xjs.s.en_US.ToAWTlrCm4c.O/m=c,sb_omni,cr,jp,jsa,elog,r,hsm,j,p,pcc,csi/am=MAYAXAo/rt=j/d=1/sv=1/rs=AItRSTOlrldwqoye8TDP2IYRMgvoAOSJbQ hns001@RK.LOCAL PINNED/74.125.143.94 text/javascript "Mozilla/5.0 (Windows NT 6.1; WOW64) AppleWebKit/537.36 (KHTML, like Gecko) Chrome/31.0.1650.63 Safari/537.36"
     1389733033.767    180 172.17.10.197 TCP_MISS/200 43806 GET https://www.gstatic.com/og/_/js/k=og.og.en_US.JNa41rlPES0.O/rt=j/m=sy19,sy20,sy21,sy22,sy23,d,ld,gl,sy25,is,sy24,id,nb,nw,sb,sd,p,vd,st,awd,ip,dp/rs=AItRSTNZ3wKY6eXca-evRq0hbRW-dNsr6A hns001@RK.LOCAL PINNED/173.194.32.143 text/javascript "Mozilla/5.0 (Windows NT 6.1; WOW64) AppleWebKit/537.36 (KHTML, like Gecko) Chrome/31.0.1650.63 Safari/537.36"
     1389733033.819      0 172.17.10.197 TCP_DENIED/407 4034 CONNECT clients1.google.ru:443 - HIER_NONE/- text/html "Mozilla/5.0 (Windows NT 6.1; WOW64) AppleWebKit/537.36 (KHTML, like Gecko) Chrome/31.0.1650.63 Safari/537.36"
     1389733033.949    164 172.17.10.197 TCP_MISS/200 115856 GET https://www.google.ru/xjs/_/js/k=xjs.s.en_US.ToAWTlrCm4c.O/m=sy22,cdos,sy39,gf,vm,sy46,sy71,sy72,sy212,tbui,sy184,cfm,abd,sy60,sy64,sy61,sy63,sy65,sy62,sy69,sy41,sy66,sy67,sy59,sy68,sy70,sy73,sy74,sy97,sy96,sy58,llc,sy78,sy79,sy49,sy53,sy89,sy90,sy80,sy132,sy47,sy54,sy88,sy92,sy128,sy130,sy131,sy114,sy129,esp,idck,sy194,sy196,lu,sy198,m,me,sy163,sy162,sy175,sy164,em2,em3,em4,sy209,tnv,sy45,sy50,sy51,sy52,sy48,ttbcdr,sy125,adp,sy138,async,erh,sy98,hv,sy99,jsaleg,sy103,sy104,kp,lc,sf,sy178,sfa,sy107,sy108,sy109,sy106,sy105,sy110,sy112,sy113,tabs,tbpr,sy135,tr/am=MAYAXAo/rt=j/d=0/sv=1/rs=AItRSTOlrldwqoye8TDP2IYRMgvoAOSJbQ hns001@RK.LOCAL PINNED/74.125.143.94 text/javascript "Mozilla/5.0 (Windows NT 6.1; WOW64) AppleWebKit/537.36 (KHTML, like Gecko) Chrome/31.0.1650.63 Safari/537.36"
     1389733034.085    254 172.17.10.197 NONE/200 0 CONNECT clients1.google.ru:443 hns001@RK.LOCAL HIER_DIRECT/46.61.155.94 - "Mozilla/5.0 (Windows NT 6.1; WOW64) AppleWebKit/537.36 (KHTML, like Gecko) Chrome/31.0.1650.63 Safari/537.36"
     1389733034.153     60 172.17.10.197 TCP_MISS/204 586 GET https://clients1.google.ru/generate_204 hns001@RK.LOCAL PINNED/46.61.155.94 text/html "Mozilla/5.0 (Windows NT 6.1; WOW64) AppleWebKit/537.36 (KHTML, like Gecko) Chrome/31.0.1650.63 Safari/537.36"
     1389733034.300   8969 172.17.10.223 TCP_MISS/200 713 GET http://watson.microsoft.com/StageOne/PrintIsolationHost_exe/6_1_7600_16385/4a5bd3b1/StackHash_9d2a/6_1_7601_18247/521eaf24/c0000374/00000000000c4102.htm? pev014@RK.LOCAL HIER_DIRECT/157.56.141.102 text/html "MSDW"
     1389733034.361     83 172.17.10.197 TCP_MISS/204 397 GET https://www.google.ru/gen_204? hns001@RK.LOCAL PINNED/74.125.143.94 text/html "Mozilla/5.0 (Windows NT 6.1; WOW64) AppleWebKit/537.36 (KHTML, like Gecko) Chrome/31.0.1650.63 Safari/537.36"
     1389733034.477     82 172.17.3.36 TCP_MISS/200 973 GET http://portal.mail.ru/NaviData? ela001@RK.LOCAL HIER_DIRECT/217.69.139.58 application/x-javascript "Mozilla/5.0 (Windows NT 6.1) AppleWebKit/537.36 (KHTML, like Gecko) Chrome/31.0.1650.63 Safari/537.36"
     1389733034.602      0 172.17.11.141 TCP_DENIED/407 4341 GET http://notify2.dropbox.com/subscribe? - HIER_NONE/- text/html "DropboxDesktopClient/2.0.26 (Windows; 7; i32; ru)"
     1389733034.948      0 172.17.11.46 TCP_DENIED/407 3881 CONNECT client23.dropbox.com:443 - HIER_NONE/- text/html "-"
     1389733034.968      0 172.17.11.46 TCP_DENIED/407 3881 CONNECT client19.dropbox.com:443 - HIER_NONE/- text/html "-"
     1389733035.459      0 172.17.10.223 TCP_DENIED/407 4603 GET http://watson.microsoft.com/StageOne/PrintIsolationHost_exe/6_1_7600_16385/4a5bd3b1/StackHash_9d2a/6_1_7601_18247/521eaf24/c0000374/00000000000c4102.htm? - HIER_NONE/- text/html "MSDW"
     1389733035.906    437 172.17.10.223 TCP_MISS/200 713 GET http://watson.microsoft.com/StageOne/PrintIsolationHost_exe/6_1_7600_16385/4a5bd3b1/StackHash_9d2a/6_1_7601_18247/521eaf24/c0000374/00000000000c4102.htm? pev014@RK.LOCAL HIER_DIRECT/157.56.141.102 text/html "MSDW"
     1389733036.059      0 172.17.11.199 TCP_DENIED/407 3882 CONNECT client44.dropbox.com:443 - HIER_NONE/- text/html "-"
     1389733036.206  25084 172.17.10.137 TCP_MISS/200 362 GET http://37.252.232.5/din.aspx? las001@RK.LOCAL HIER_DIRECT/37.252.232.5 application/octet-stream "Mozilla/4.0 (compatible; MSIE 6.0; DynGate)"
     1389733036.305     84 172.17.10.137 TCP_MISS/200 297 GET http://37.252.232.5/dout.aspx? las001@RK.LOCAL HIER_DIRECT/37.252.232.5 - "Mozilla/4.0 (compatible; MSIE 6.0; DynGate)"
     1389733038.763      0 172.17.9.85 TCP_DENIED/407 3798 CONNECT clients3.google.com:443 - HIER_NONE/- text/html "-"
     1389733039.018      0 172.17.10.196 TCP_DENIED/407 3882 CONNECT client48.dropbox.com:443 - HIER_NONE/- text/html "-"
     1389733039.038      0 172.17.10.196 TCP_DENIED/407 3882 CONNECT client23.dropbox.com:443 - HIER_NONE/- text/html "-"
     1389733040.546      0 172.17.10.223 TCP_DENIED/407 4603 GET http://watson.microsoft.com/StageOne/PrintIsolationHost_exe/6_1_7600_16385/4a5bd3b1/StackHash_9d2a/6_1_7601_18247/521eaf24/c0000374/00000000000c4102.htm? - HIER_NONE/- text/html "MSDW"
     1389733040.560      0 172.17.2.246 TCP_DENIED/407 3881 CONNECT client39.dropbox.com:443 - HIER_NONE/- text/html "-"
     1389733040.586      0 172.17.2.246 TCP_DENIED/407 3881 CONNECT client62.dropbox.com:443 - HIER_NONE/- text/html "-"
     1389733040.669     65 172.17.11.27 TCP_MISS/200 445 GET http://vk.com/feed2.php tia001@RK.LOCAL HIER_DIRECT/87.240.131.117 text/plain "Mozilla/5.0 (Windows NT 6.1; WOW64) AppleWebKit/537.36 (KHTML, like Gecko) Chrome/31.0.1650.63 Safari/537.36"
     1389733040.991    435 172.17.10.223 TCP_MISS/200 713 GET http://watson.microsoft.com/StageOne/PrintIsolationHost_exe/6_1_7600_16385/4a5bd3b1/StackHash_9d2a/6_1_7601_18247/521eaf24/c0000374/00000000000c4102.htm? pev014@RK.LOCAL HIER_DIRECT/157.56.141.102 text/html "MSDW"
     1389733042.109      0 172.17.12.200 TCP_DENIED/407 4056 CONNECT www.facebook.com:443 - HIER_NONE/- text/html "Mozilla/5.0 (Windows NT 6.1; WOW64) AppleWebKit/537.36 (KHTML, like Gecko) Chrome/28.0.1500.95 YaBrowser/13.10.1500.9323 Safari/537.36"
     1389733042.764    645 172.17.12.200 NONE/200 0 CONNECT www.facebook.com:443 bav005@RK.LOCAL HIER_DIRECT/173.252.100.27 - "Mozilla/5.0 (Windows NT 6.1; WOW64) AppleWebKit/537.36 (KHTML, like Gecko) Chrome/28.0.1500.95 YaBrowser/13.10.1500.9323 Safari/537.36"
     1389733043.447    672 172.17.12.200 TCP_MISS/200 1847 POST https://www.facebook.com/ajax/chat/buddy_list.php bav005@RK.LOCAL PINNED/173.252.100.27 application/x-javascript "Mozilla/5.0 (Windows NT 6.1; WOW64) AppleWebKit/537.36 (KHTML, like Gecko) Chrome/28.0.1500.95 YaBrowser/13.10.1500.9323 Safari/537.36"
     1389733043.539      0 172.17.11.196 TCP_DENIED/407 3882 CONNECT client91.dropbox.com:443 - HIER_NONE/- text/html "-"
     1389733043.558      0 172.17.11.196 TCP_DENIED/407 3882 CONNECT client30.dropbox.com:443 - HIER_NONE/- text/html "-"
     1389733043.798      0 172.17.11.27 TCP_DENIED/407 3881 CONNECT client92.dropbox.com:443 - HIER_NONE/- text/html "-"
     1389733043.820      0 172.17.11.27 TCP_DENIED/407 3881 CONNECT client45.dropbox.com:443 - HIER_NONE/- text/html "-"
     1389733044.462      0 172.17.3.228 TCP_DENIED/407 3881 CONNECT client87.dropbox.com:443 - HIER_NONE/- text/html "-"
     1389733044.475      0 172.17.3.228 TCP_DENIED/407 3881 CONNECT client22.dropbox.com:443 - HIER_NONE/- text/html "-"
     1389733044.724      0 172.17.10.118 TCP_DENIED/407 3854 CONNECT talk.google.com:5222 - HIER_NONE/- text/html "-"
     1389733044.727      0 172.17.10.118 TCP_DENIED/407 3868 CONNECT talk.google.com:443 - HIER_NONE/- text/html "-"
     1389733044.729      0 172.17.10.118 TCP_DENIED/407 3866 CONNECT talkx.l.google.com:5222 - HIER_NONE/- text/html "-"
     1389733044.731      0 172.17.10.118 TCP_DENIED/407 3880 CONNECT talkx.l.google.com:443 - HIER_NONE/- text/html "-"
     1389733045.202  25091 172.17.12.200 TCP_MISS/200 385 POST http://q23.queuev4.vk.com/im035 bav005@RK.LOCAL HIER_DIRECT/87.240.134.200 text/javascript "Mozilla/5.0 (Windows NT 6.1; WOW64) AppleWebKit/537.36 (KHTML, like Gecko) Chrome/28.0.1500.95 YaBrowser/13.10.1500.9323 Safari/537.36"
     1389733045.619      0 172.17.10.223 TCP_DENIED/407 4603 GET http://watson.microsoft.com/StageOne/PrintIsolationHost_exe/6_1_7600_16385/4a5bd3b1/StackHash_9d2a/6_1_7601_18247/521eaf24/c0000374/00000000000c4102.htm? - HIER_NONE/- text/html "MSDW"
     1389733046.083    455 172.17.10.223 TCP_MISS/200 713 GET http://watson.microsoft.com/StageOne/PrintIsolationHost_exe/6_1_7600_16385/4a5bd3b1/StackHash_9d2a/6_1_7601_18247/521eaf24/c0000374/00000000000c4102.htm? pev014@RK.LOCAL HIER_DIRECT/157.56.141.102 text/html "MSDW"
     1389733046.559      0 172.17.9.85 TCP_DENIED/407 3856 CONNECT uc.fotostrana.ru:8186 - HIER_NONE/- text/html "-"
     1389733046.573      2 172.17.9.85 TCP_DENIED/200 0 CONNECT uc.fotostrana.ru:8186 shi001@RK.LOCAL HIER_NONE/- - "-"
     1389733048.641      0 172.17.11.141 TCP_DENIED/407 4341 GET http://notify2.dropbox.com/subscribe? - HIER_NONE/- text/html "DropboxDesktopClient/2.0.26 (Windows; 7; i32; ru)"
     1389733049.423  39974 172.17.12.200 TCP_MISS/200 530 GET https://2-p-04-frc3.channel.facebook.com/pull? bav005@RK.LOCAL PINNED/173.252.107.18 text/plain "Mozilla/5.0 (Windows NT 6.1; WOW64) AppleWebKit/537.36 (KHTML, like Gecko) Chrome/28.0.1500.95 YaBrowser/13.10.1500.9323 Safari/537.36"
     1389733049.674      0 172.17.3.34 TCP_DENIED/407 4667 GET http://export.yandex.ru/bar/reginfo.xml? - HIER_NONE/- text/html "Mozilla/5.0 (Windows NT 6.1; WOW64) AppleWebKit/537.36 (KHTML, like Gecko) Chrome/32.0.1700.41 Safari/537.36"
     1389733049.817    130 172.17.3.34 TCP_MISS/200 1634 GET http://export.yandex.ru/bar/reginfo.xml? fom001@RK.LOCAL HIER_DIRECT/87.250.250.27 text/xml "Mozilla/5.0 (Windows NT 6.1; WOW64) AppleWebKit/537.36 (KHTML, like Gecko) Chrome/32.0.1700.41 Safari/537.36"
     1389733049.987      0 172.17.11.46 TCP_DENIED/407 3881 CONNECT client77.dropbox.com:443 - HIER_NONE/- text/html "-"
     1389733050.000      0 172.17.11.46 TCP_DENIED/407 3881 CONNECT client99.dropbox.com:443 - HIER_NONE/- text/html "-"
     1389733050.670     64 172.17.11.27 TCP_MISS/200 445 GET http://vk.com/feed2.php tia001@RK.LOCAL HIER_DIRECT/87.240.131.117 text/plain "Mozilla/5.0 (Windows NT 6.1; WOW64) AppleWebKit/537.36 (KHTML, like Gecko) Chrome/31.0.1650.63 Safari/537.36"
     1389733050.692      0 172.17.10.223 TCP_DENIED/407 4603 GET http://watson.microsoft.com/StageOne/PrintIsolationHost_exe/6_1_7600_16385/4a5bd3b1/StackHash_9d2a/6_1_7601_18247/521eaf24/c0000374/00000000000c4102.htm? - HIER_NONE/- text/html "MSDW"
     1389733051.086      0 172.17.11.199 TCP_DENIED/407 3882 CONNECT client62.dropbox.com:443 - HIER_NONE/- text/html "-"
     1389733051.156    456 172.17.10.223 TCP_MISS/200 713 GET http://watson.microsoft.com/StageOne/PrintIsolationHost_exe/6_1_7600_16385/4a5bd3b1/StackHash_9d2a/6_1_7601_18247/521eaf24/c0000374/00000000000c4102.htm? pev014@RK.LOCAL HIER_DIRECT/157.56.141.102 text/html "MSDW"
     1389733051.379     78 172.17.3.228 TCP_MISS/200 973 GET http://portal.mail.ru/NaviData? psv001@RK.LOCAL HIER_DIRECT/217.69.139.58 application/x-javascript "Mozilla/5.0 (Windows NT 6.1) AppleWebKit/537.36 (KHTML, like Gecko) Chrome/31.0.1650.63 Safari/537.36"
     1389733051.469     78 172.17.3.228 TCP_MISS/200 422 GET http://headline.radar.imgsmail.ru/update? psv001@RK.LOCAL HIER_DIRECT/185.5.137.249 image/gif "Mozilla/5.0 (Windows NT 6.1) AppleWebKit/537.36 (KHTML, like Gecko) Chrome/31.0.1650.63 Safari/537.36"
     1389733051.472     77 172.17.3.228 TCP_MISS/200 831 GET http://mail.ru/? psv001@RK.LOCAL HIER_DIRECT/94.100.180.201 text/html "Mozilla/5.0 (Windows NT 6.1) AppleWebKit/537.36 (KHTML, like Gecko) Chrome/31.0.1650.63 Safari/537.36"
     1389733054.054      0 172.17.10.196 TCP_DENIED/407 3882 CONNECT client98.dropbox.com:443 - HIER_NONE/- text/html "-"
     1389733054.076      0 172.17.10.196 TCP_DENIED/407 3882 CONNECT client77.dropbox.com:443 - HIER_NONE/- text/html "-"
     1389733054.185     80 172.17.12.200 TCP_MISS/200 965 GET http://ok-portal.mail.ru/NaviData? bav005@RK.LOCAL HIER_DIRECT/217.69.139.59 application/x-javascript "Mozilla/5.0 (Windows NT 6.1; WOW64) AppleWebKit/537.36 (KHTML, like Gecko) Chrome/28.0.1500.95 YaBrowser/13.10.1500.9323 Safari/537.36"
     1389733055.618      0 172.17.2.246 TCP_DENIED/407 3881 CONNECT client41.dropbox.com:443 - HIER_NONE/- text/html "-"
     1389733055.645      0 172.17.2.246 TCP_DENIED/407 3881 CONNECT client65.dropbox.com:443 - HIER_NONE/- text/html "-"
     1389733055.713      0 172.17.10.161 TCP_DENIED/407 4644 GET http://inf.mail.ru/sputnik/rate/sputnik.xml? - HIER_NONE/- text/html "MailRuSputnik"
     1389733055.714      0 172.17.10.161 TCP_DENIED/407 4630 GET http://mailsputnik.mail.ru/cgi-bin/checknew? - HIER_NONE/- text/html "MailRuSputnik"
     1389733055.715      0 172.17.11.141 TCP_DENIED/407 3882 CONNECT client57.dropbox.com:443 - HIER_NONE/- text/html "-"
     1389733055.716      0 172.17.10.161 TCP_DENIED/407 4669 GET http://weather.sputnik.mail.ru/inf/sputnik_v2.xml? - HIER_NONE/- text/html "MailRuSputnik"
     1389733055.734      0 172.17.11.141 TCP_DENIED/407 3882 CONNECT client71.dropbox.com:443 - HIER_NONE/- text/html "-"
     1389733055.770      0 172.17.10.223 TCP_DENIED/407 4603 GET http://watson.microsoft.com/StageOne/PrintIsolationHost_exe/6_1_7600_16385/4a5bd3b1/StackHash_9d2a/6_1_7601_18247/521eaf24/c0000374/00000000000c4102.htm? - HIER_NONE/- text/html "MSDW"
     1389733055.849    123 172.17.10.161 TCP_MISS/200 1248 GET http://weather.sputnik.mail.ru/inf/sputnik_v2.xml? vay001@RK.LOCAL HIER_DIRECT/94.100.185.52 text/xml "MailRuSputnik"
     1389733055.856    135 172.17.10.161 TCP_MISS/200 2060 GET http://inf.mail.ru/sputnik/rate/sputnik.xml? vay001@RK.LOCAL HIER_DIRECT/94.100.179.144 text/html "MailRuSputnik"
     1389733055.863    142 172.17.10.161 TCP_MISS/200 1428 GET http://mailsputnik.mail.ru/cgi-bin/checknew? vay001@RK.LOCAL HIER_DIRECT/94.100.180.220 text/xml "MailRuSputnik"
     1389733055.963      0 172.17.10.161 TCP_DENIED/407 4644 GET http://inf.mail.ru/sputnik/rate/sputnik.xml? - HIER_NONE/- text/html "MailRuSputnik"
     1389733056.054     86 172.17.10.161 TCP_MISS/200 2060 GET http://inf.mail.ru/sputnik/rate/sputnik.xml? vay001@RK.LOCAL HIER_DIRECT/94.100.179.144 text/html "MailRuSputnik"
     1389733056.189  25083 172.17.12.200 TCP_MISS/200 448 POST http://q42.queuev4.vk.com/im035 bav005@RK.LOCAL HIER_DIRECT/87.240.134.43 text/javascript "Mozilla/5.0 (Windows NT 6.1; WOW64) AppleWebKit/537.36 (KHTML, like Gecko) Chrome/28.0.1500.95 YaBrowser/13.10.1500.9323 Safari/537.36"
     1389733056.215    436 172.17.10.223 TCP_MISS/200 713 GET http://watson.microsoft.com/StageOne/PrintIsolationHost_exe/6_1_7600_16385/4a5bd3b1/StackHash_9d2a/6_1_7601_18247/521eaf24/c0000374/00000000000c4102.htm? pev014@RK.LOCAL HIER_DIRECT/157.56.141.102 text/html "MSDW"
     1389733058.577      0 172.17.11.196 TCP_DENIED/407 3882 CONNECT client82.dropbox.com:443 - HIER_NONE/- text/html "-"
     1389733058.596      0 172.17.11.196 TCP_DENIED/407 3882 CONNECT client90.dropbox.com:443 - HIER_NONE/- text/html "-"
     1389733058.684     87 172.17.10.161 TCP_MISS/200 968 GET http://www.odnoklassniki.ru/browserToolbarGetData? vay001@RK.LOCAL HIER_DIRECT/217.20.147.94 text/xml "MailRuSputnik"
     1389733058.844      0 172.17.11.27 TCP_DENIED/407 3877 CONNECT client7.dropbox.com:443 - HIER_NONE/- text/html "-"
     1389733058.866      0 172.17.11.27 TCP_DENIED/407 3881 CONNECT client34.dropbox.com:443 - HIER_NONE/- text/html "-"
     1389733059.491      0 172.17.3.228 TCP_DENIED/407 3881 CONNECT client47.dropbox.com:443 - HIER_NONE/- text/html "-"
     1389733059.551      0 172.17.3.228 TCP_DENIED/407 3881 CONNECT client18.dropbox.com:443 - HIER_NONE/- text/html "-"
     1389733060.672     64 172.17.11.27 TCP_MISS/200 445 GET http://vk.com/feed2.php tia001@RK.LOCAL HIER_DIRECT/87.240.131.117 text/plain "Mozilla/5.0 (Windows NT 6.1; WOW64) AppleWebKit/537.36 (KHTML, like Gecko) Chrome/31.0.1650.63 Safari/537.36"
     1389733060.828      0 172.17.10.223 TCP_DENIED/407 4603 GET http://watson.microsoft.com/StageOne/PrintIsolationHost_exe/6_1_7600_16385/4a5bd3b1/StackHash_9d2a/6_1_7601_18247/521eaf24/c0000374/00000000000c4102.htm? - HIER_NONE/- text/html "MSDW"
     1389733061.269    433 172.17.10.223 TCP_MISS/200 713 GET http://watson.microsoft.com/StageOne/PrintIsolationHost_exe/6_1_7600_16385/4a5bd3b1/StackHash_9d2a/6_1_7601_18247/521eaf24/c0000374/00000000000c4102.htm? pev014@RK.LOCAL HIER_DIRECT/157.56.141.102 text/html "MSDW"
     1389733061.401  25086 172.17.10.137 TCP_MISS/200 362 GET http://37.252.232.5/din.aspx? las001@RK.LOCAL HIER_DIRECT/37.252.232.5 application/octet-stream "Mozilla/4.0 (compatible; MSIE 6.0; DynGate)"
     1389733061.682      0 172.17.11.141 TCP_DENIED/407 4341 GET http://notify2.dropbox.com/subscribe? - HIER_NONE/- text/html "DropboxDesktopClient/2.0.26 (Windows; 7; i32; ru)"
     1389733062.165    750 172.17.10.137 TCP_MISS/200 297 GET http://37.252.232.5/dout.aspx? las001@RK.LOCAL HIER_DIRECT/37.252.232.5 - "Mozilla/4.0 (compatible; MSIE 6.0; DynGate)"
     1389733062.896      0 172.17.11.196 TCP_DENIED/407 3854 CONNECT d.dropbox.com:443 - HIER_NONE/- text/html "-"
     1389733062.915      0 172.17.11.196 TCP_DENIED/407 3854 CONNECT d.dropbox.com:443 - HIER_NONE/- text/html "-"
     1389733065.025      0 172.17.11.46 TCP_DENIED/407 3881 CONNECT client40.dropbox.com:443 - HIER_NONE/- text/html "-"
     1389733065.047      0 172.17.11.46 TCP_DENIED/407 3881 CONNECT client81.dropbox.com:443 - HIER_NONE/- text/html "-"
     1389733065.900      0 172.17.10.223 TCP_DENIED/407 4603 GET http://watson.microsoft.com/StageOne/PrintIsolationHost_exe/6_1_7600_16385/4a5bd3b1/StackHash_9d2a/6_1_7601_18247/521eaf24/c0000374/00000000000c4102.htm? - HIER_NONE/- text/html "MSDW"
     1389733066.111      0 172.17.11.199 TCP_DENIED/407 3878 CONNECT client6.dropbox.com:443 - HIER_NONE/- text/html "-"
     1389733066.282     85 172.17.10.161 TCP_MISS/200 1145 GET http://mailsputnik.mail.ru/cgi-bin/checknew? vay001@RK.LOCAL HIER_DIRECT/94.100.180.220 text/xml "MailRuSputnik"
     1389733066.361    453 172.17.10.223 TCP_MISS/200 713 GET http://watson.microsoft.com/StageOne/PrintIsolationHost_exe/6_1_7600_16385/4a5bd3b1/StackHash_9d2a/6_1_7601_18247/521eaf24/c0000374/00000000000c4102.htm? pev014@RK.LOCAL HIER_DIRECT/157.56.141.102 text/html "MSDW"
     1389733067.569      0 172.17.9.85 TCP_DENIED/407 3856 CONNECT uc.fotostrana.ru:8186 - HIER_NONE/- text/html "-"
     1389733067.585      3 172.17.9.85 TCP_DENIED/200 0 CONNECT uc.fotostrana.ru:8186 shi001@RK.LOCAL HIER_NONE/- - "-"
     1389733067.981    216 172.17.12.218 TCP_MISS/000 0 GET https://syndication.twitter.com/widgets/timelines/paged/401444136647024640? uav001@RK.LOCAL PINNED/199.16.156.52 - "Mozilla/5.0 (Windows NT 6.1; WOW64) AppleWebKit/537.36 (KHTML, like Gecko) Chrome/31.0.1650.57 Safari/537.36 OPR/18.0.1284.49 (Edition RMV)"
     1389733067.997      0 172.17.12.218 TCP_DENIED/407 4093 CONNECT syndication.twitter.com:443 - HIER_NONE/- text/html "Mozilla/5.0 (Windows NT 6.1; WOW64) AppleWebKit/537.36 (KHTML, like Gecko) Chrome/31.0.1650.57 Safari/537.36 OPR/18.0.1284.49 (Edition RMV)"
     1389733068.822    812 172.17.12.218 NONE/200 0 CONNECT syndication.twitter.com:443 uav001@RK.LOCAL HIER_DIRECT/199.16.156.52 - "Mozilla/5.0 (Windows NT 6.1; WOW64) AppleWebKit/537.36 (KHTML, like Gecko) Chrome/31.0.1650.57 Safari/537.36 OPR/18.0.1284.49 (Edition RMV)"
     1389733068.899      0 172.17.10.196 TCP_DENIED/407 3854 CONNECT d.dropbox.com:443 - HIER_NONE/- text/html "-"
     1389733068.920      0 172.17.10.196 TCP_DENIED/407 3854 CONNECT d.dropbox.com:443 - HIER_NONE/- text/html "-"
     1389733069.103      0 172.17.10.196 TCP_DENIED/407 3882 CONNECT client18.dropbox.com:443 - HIER_NONE/- text/html "-"
     1389733069.104    280 172.17.12.218 TCP_MISS/200 1550 GET https://syndication.twitter.com/widgets/timelines/paged/401444136647024640? uav001@RK.LOCAL PINNED/199.16.156.52 application/javascript "Mozilla/5.0 (Windows NT 6.1; WOW64) AppleWebKit/537.36 (KHTML, like Gecko) Chrome/31.0.1650.57 Safari/537.36 OPR/18.0.1284.49 (Edition RMV)"
     1389733069.124      0 172.17.10.196 TCP_DENIED/407 3882 CONNECT client74.dropbox.com:443 - HIER_NONE/- text/html "-"
     1389733070.671      0 172.17.2.246 TCP_DENIED/407 3877 CONNECT client5.dropbox.com:443 - HIER_NONE/- text/html "-"
     1389733070.700      0 172.17.2.246 TCP_DENIED/407 3881 CONNECT client37.dropbox.com:443 - HIER_NONE/- text/html "-"
     1389733070.750    145 172.17.11.27 TCP_MISS/200 445 GET http://vk.com/feed2.php tia001@RK.LOCAL HIER_DIRECT/87.240.131.118 text/plain "Mozilla/5.0 (Windows NT 6.1; WOW64) AppleWebKit/537.36 (KHTML, like Gecko) Chrome/31.0.1650.63 Safari/537.36"
     1389733070.971      0 172.17.10.223 TCP_DENIED/407 4603 GET http://watson.microsoft.com/StageOne/PrintIsolationHost_exe/6_1_7600_16385/4a5bd3b1/StackHash_9d2a/6_1_7601_18247/521eaf24/c0000374/00000000000c4102.htm? - HIER_NONE/- text/html "MSDW"
     1389733071.201  25092 172.17.12.200 TCP_MISS/200 385 POST http://q23.queuev4.vk.com/im035 bav005@RK.LOCAL HIER_DIRECT/87.240.134.200 text/javascript "Mozilla/5.0 (Windows NT 6.1; WOW64) AppleWebKit/537.36 (KHTML, like Gecko) Chrome/28.0.1500.95 YaBrowser/13.10.1500.9323 Safari/537.36"
     1389733071.311      0 192.168.44.85 TCP_DENIED/407 4038 CONNECT clients2.google.com:443 - HIER_NONE/- text/html "Mozilla/5.0 (Windows NT 6.1; WOW64) AppleWebKit/537.36 (KHTML, like Gecko) Chrome/31.0.1650.63 Safari/537.36"
     1389733071.414    435 172.17.10.223 TCP_MISS/200 713 GET http://watson.microsoft.com/StageOne/PrintIsolationHost_exe/6_1_7600_16385/4a5bd3b1/StackHash_9d2a/6_1_7601_18247/521eaf24/c0000374/00000000000c4102.htm? pev014@RK.LOCAL HIER_DIRECT/157.56.141.102 text/html "MSDW"
     1389733071.489    164 192.168.44.85 NONE/200 0 CONNECT clients2.google.com:443 yav004@RK.LOCAL HIER_DIRECT/46.61.155.123 - "Mozilla/5.0 (Windows NT 6.1; WOW64) AppleWebKit/537.36 (KHTML, like Gecko) Chrome/31.0.1650.63 Safari/537.36"
     1389733071.632    102 192.168.44.85 TCP_MISS/200 1369 GET https://clients2.google.com/service/update2/crx? yav004@RK.LOCAL PINNED/46.61.155.123 text/xml "Mozilla/5.0 (Windows NT 6.1; WOW64) AppleWebKit/537.36 (KHTML, like Gecko) Chrome/31.0.1650.63 Safari/537.36"
     1389733073.258    136 172.17.10.161 TCP_MISS/200 1318 GET http://sputnikmaps.mail.ru/informer/informer.aspx? vay001@RK.LOCAL HIER_DIRECT/94.100.189.162 text/html "MailRuSputnik"
     1389733073.615      0 172.17.11.196 TCP_DENIED/407 3882 CONNECT client42.dropbox.com:443 - HIER_NONE/- text/html "-"
     1389733073.634      0 172.17.11.196 TCP_DENIED/407 3882 CONNECT client33.dropbox.com:443 - HIER_NONE/- text/html "-"
     1389733073.892      0 172.17.11.27 TCP_DENIED/407 3881 CONNECT client25.dropbox.com:443 - HIER_NONE/- text/html "-"
     1389733073.913      0 172.17.11.27 TCP_DENIED/407 3881 CONNECT client48.dropbox.com:443 - HIER_NONE/- text/html "-"
     1389733074.566      0 172.17.3.228 TCP_DENIED/407 3881 CONNECT client43.dropbox.com:443 - HIER_NONE/- text/html "-"
     1389733074.578      0 172.17.3.228 TCP_DENIED/407 3881 CONNECT client38.dropbox.com:443 - HIER_NONE/- text/html "-"
     1389733075.515    123 192.168.44.85 TCP_MISS/302 836 GET https://mail.google.com/mail/? ssi002 PINNED/173.194.32.150 text/html "Mozilla/5.0 (Windows NT 6.1; rv:26.0) Gecko/20100101 Firefox/26.0"
1389733075.515    123 192.168.44.85 TCP_MISS/302 836 GET https://mail.google.com/mail/? ssi002 PINNED/173.194.32.150 text/html
     1389733076.004    483 192.168.44.85 TCP_MISS/200 14415 GET https://mail.google.com/mail/h/1u14chpadi4aq/? ssi002 PINNED/173.194.32.150 text/html "Mozilla/5.0 (Windows NT 6.1; rv:26.0) Gecko/20100101 Firefox/26.0"
1389733076.004    483 192.168.44.85 TCP_MISS/200 14415 GET https://mail.google.com/mail/h/1u14chpadi4aq/? ssi002 PINNED/173.194.32.150 text/html
     1389733076.040      0 172.17.10.223 TCP_DENIED/407 4603 GET http://watson.microsoft.com/StageOne/PrintIsolationHost_exe/6_1_7600_16385/4a5bd3b1/StackHash_9d2a/6_1_7601_18247/521eaf24/c0000374/00000000000c4102.htm? - HIER_NONE/- text/html "MSDW"
     1389733078.386      0 172.17.12.200 TCP_DENIED/407 3828 CONNECT 157.55.133.137:443 - HIER_NONE/- text/html "-"
     1389733079.713      0 172.17.11.141 TCP_DENIED/407 4341 GET http://notify2.dropbox.com/subscribe? - HIER_NONE/- text/html "DropboxDesktopClient/2.0.26 (Windows; 7; i32; ru)"
     1389733080.079      0 172.17.11.46 TCP_DENIED/407 3881 CONNECT client15.dropbox.com:443 - HIER_NONE/- text/html "-"
     1389733080.101      0 172.17.11.46 TCP_DENIED/407 3881 CONNECT client28.dropbox.com:443 - HIER_NONE/- text/html "-"
     1389733080.658     51 172.17.11.27 TCP_MISS/200 445 GET http://vk.com/feed2.php tia001@RK.LOCAL HIER_DIRECT/87.240.131.118 text/plain "Mozilla/5.0 (Windows NT 6.1; WOW64) AppleWebKit/537.36 (KHTML, like Gecko) Chrome/31.0.1650.63 Safari/537.36"
     1389733081.082      0 172.17.10.223 TCP_DENIED/407 4603 GET http://watson.microsoft.com/StageOne/PrintIsolationHost_exe/6_1_7600_16385/4a5bd3b1/StackHash_9d2a/6_1_7601_18247/521eaf24/c0000374/00000000000c4102.htm? - HIER_NONE/- text/html "MSDW"
     1389733081.137      0 172.17.11.199 TCP_DENIED/407 3882 CONNECT client91.dropbox.com:443 - HIER_NONE/- text/html "-"
     1389733081.574   5524 172.17.10.223 TCP_MISS/200 713 GET http://watson.microsoft.com/StageOne/PrintIsolationHost_exe/6_1_7600_16385/4a5bd3b1/StackHash_9d2a/6_1_7601_18247/521eaf24/c0000374/00000000000c4102.htm? pev014@RK.LOCAL HIER_DIRECT/157.56.141.102 text/html "MSDW"
     1389733082.222  25115 172.17.12.200 TCP_MISS/200 448 POST http://q42.queuev4.vk.com/im035 bav005@RK.LOCAL HIER_DIRECT/87.240.134.43 text/javascript "Mozilla/5.0 (Windows NT 6.1; WOW64) AppleWebKit/537.36 (KHTML, like Gecko) Chrome/28.0.1500.95 YaBrowser/13.10.1500.9323 Safari/537.36"
     1389733083.415    103 172.17.11.196 TCP_MISS/200 1094 GET http://portal.mail.ru/NaviData? alf001@RK.LOCAL HIER_DIRECT/94.100.180.59 application/x-javascript "Mozilla/4.0 (compatible; MSIE 7.0; Windows NT 6.1; Trident/4.0; GTB7.5; SLCC2; .NET CLR 2.0.50727; .NET CLR 3.5.30729; .NET CLR 3.0.30729; Media Center PC 6.0; InfoPath.3; .NET4.0C; .NET4.0E)"
     1389733083.510     81 172.17.11.196 TCP_MISS/200 850 GET http://mail.ru/? alf001@RK.LOCAL HIER_DIRECT/94.100.180.201 text/html "Mozilla/4.0 (compatible; MSIE 7.0; Windows NT 6.1; Trident/4.0; GTB7.5; SLCC2; .NET CLR 2.0.50727; .NET CLR 3.5.30729; .NET CLR 3.0.30729; Media Center PC 6.0; InfoPath.3; .NET4.0C; .NET4.0E)"
     1389733084.165      0 172.17.10.196 TCP_DENIED/407 3882 CONNECT client26.dropbox.com:443 - HIER_NONE/- text/html "-"
     1389733084.185      0 172.17.10.196 TCP_DENIED/407 3882 CONNECT client96.dropbox.com:443 - HIER_NONE/- text/html "-"
     1389733085.726      0 172.17.2.246 TCP_DENIED/407 3881 CONNECT client56.dropbox.com:443 - HIER_NONE/- text/html "-"
     1389733085.756      0 172.17.2.246 TCP_DENIED/407 3881 CONNECT client22.dropbox.com:443 - HIER_NONE/- text/html "-"
     1389733086.176      0 172.17.10.223 TCP_DENIED/407 4603 GET http://watson.microsoft.com/StageOne/PrintIsolationHost_exe/6_1_7600_16385/4a5bd3b1/StackHash_9d2a/6_1_7601_18247/521eaf24/c0000374/00000000000c4102.htm? - HIER_NONE/- text/html "MSDW"
     1389733086.533   5442 172.17.10.223 TCP_MISS/200 713 GET http://watson.microsoft.com/StageOne/PrintIsolationHost_exe/6_1_7600_16385/4a5bd3b1/StackHash_9d2a/6_1_7601_18247/521eaf24/c0000374/00000000000c4102.htm? pev014@RK.LOCAL HIER_DIRECT/157.56.141.102 text/html "MSDW"
     1389733086.640    455 172.17.10.223 TCP_MISS/200 713 GET http://watson.microsoft.com/StageOne/PrintIsolationHost_exe/6_1_7600_16385/4a5bd3b1/StackHash_9d2a/6_1_7601_18247/521eaf24/c0000374/00000000000c4102.htm? pev014@RK.LOCAL HIER_DIRECT/157.56.141.102 text/html "MSDW"
     1389733087.266  25090 172.17.10.137 TCP_MISS/200 362 GET http://37.252.232.5/din.aspx? las001@RK.LOCAL HIER_DIRECT/37.252.232.5 application/octet-stream "Mozilla/4.0 (compatible; MSIE 6.0; DynGate)"
     1389733087.366     84 172.17.10.137 TCP_MISS/200 297 GET http://37.252.232.5/dout.aspx? las001@RK.LOCAL HIER_DIRECT/37.252.232.5 - "Mozilla/4.0 (compatible; MSIE 6.0; DynGate)"
     1389733088.559      0 172.17.9.85 TCP_DENIED/407 3856 CONNECT uc.fotostrana.ru:8186 - HIER_NONE/- text/html "-"
     1389733088.573      3 172.17.9.85 TCP_DENIED/200 0 CONNECT uc.fotostrana.ru:8186 shi001@RK.LOCAL HIER_NONE/- - "-"
     1389733088.653      0 172.17.11.196 TCP_DENIED/407 3882 CONNECT client34.dropbox.com:443 - HIER_NONE/- text/html "-"
     1389733088.674      0 172.17.11.196 TCP_DENIED/407 3878 CONNECT client8.dropbox.com:443 - HIER_NONE/- text/html "-"
     1389733088.936      0 172.17.11.27 TCP_DENIED/407 3881 CONNECT client65.dropbox.com:443 - HIER_NONE/- text/html "-"
     1389733088.957      0 172.17.11.27 TCP_DENIED/407 3881 CONNECT client99.dropbox.com:443 - HIER_NONE/- text/html "-"
     1389733089.439  40010 172.17.12.200 TCP_MISS/200 530 GET https://2-p-04-frc3.channel.facebook.com/pull? bav005@RK.LOCAL PINNED/173.252.107.18 text/plain "Mozilla/5.0 (Windows NT 6.1; WOW64) AppleWebKit/537.36 (KHTML, like Gecko) Chrome/28.0.1500.95 YaBrowser/13.10.1500.9323 Safari/537.36"
     1389733089.593      0 172.17.3.228 TCP_DENIED/407 3881 CONNECT client78.dropbox.com:443 - HIER_NONE/- text/html "-"
     1389733089.654      0 172.17.3.228 TCP_DENIED/407 3881 CONNECT client29.dropbox.com:443 - HIER_NONE/- text/html "-"
     1389733090.655     51 172.17.11.27 TCP_MISS/200 445 GET http://vk.com/feed2.php tia001@RK.LOCAL HIER_DIRECT/87.240.131.118 text/plain "Mozilla/5.0 (Windows NT 6.1; WOW64) AppleWebKit/537.36 (KHTML, like Gecko) Chrome/31.0.1650.63 Safari/537.36"
     1389733091.252      0 172.17.10.223 TCP_DENIED/407 4603 GET http://watson.microsoft.com/StageOne/PrintIsolationHost_exe/6_1_7600_16385/4a5bd3b1/StackHash_9d2a/6_1_7601_18247/521eaf24/c0000374/00000000000c4102.htm? - HIER_NONE/- text/html "MSDW"
     1389733094.482     89 172.17.3.36 TCP_MISS/200 973 GET http://portal.mail.ru/NaviData? ela001@RK.LOCAL HIER_DIRECT/94.100.180.59 application/x-javascript "Mozilla/5.0 (Windows NT 6.1) AppleWebKit/537.36 (KHTML, like Gecko) Chrome/31.0.1650.63 Safari/537.36"
     1389733095.133      0 172.17.11.46 TCP_DENIED/407 3881 CONNECT client65.dropbox.com:443 - HIER_NONE/- text/html "-"
     1389733095.153      0 172.17.11.46 TCP_DENIED/407 3881 CONNECT client43.dropbox.com:443 - HIER_NONE/- text/html "-"
     1389733096.163      0 172.17.11.199 TCP_DENIED/407 3878 CONNECT client5.dropbox.com:443 - HIER_NONE/- text/html "-"
     1389733096.292      0 172.17.10.223 TCP_DENIED/407 4603 GET http://watson.microsoft.com/StageOne/PrintIsolationHost_exe/6_1_7600_16385/4a5bd3b1/StackHash_9d2a/6_1_7601_18247/521eaf24/c0000374/00000000000c4102.htm? - HIER_NONE/- text/html "MSDW"
     1389733096.556   5295 172.17.10.223 TCP_MISS/200 713 GET http://watson.microsoft.com/StageOne/PrintIsolationHost_exe/6_1_7600_16385/4a5bd3b1/StackHash_9d2a/6_1_7601_18247/521eaf24/c0000374/00000000000c4102.htm? pev014@RK.LOCAL HIER_DIRECT/157.56.141.102 text/html "MSDW"
     1389733096.739    437 172.17.10.223 TCP_MISS/200 713 GET http://watson.microsoft.com/StageOne/PrintIsolationHost_exe/6_1_7600_16385/4a5bd3b1/StackHash_9d2a/6_1_7601_18247/521eaf24/c0000374/00000000000c4102.htm? pev014@RK.LOCAL HIER_DIRECT/157.56.141.102 text/html "MSDW"
     1389733096.775      0 172.17.11.141 TCP_DENIED/407 4341 GET http://notify2.dropbox.com/subscribe? - HIER_NONE/- text/html "DropboxDesktopClient/2.0.26 (Windows; 7; i32; ru)"
     1389733097.202  25092 172.17.12.200 TCP_MISS/200 385 POST http://q23.queuev4.vk.com/im035 bav005@RK.LOCAL HIER_DIRECT/87.240.134.200 text/javascript "Mozilla/5.0 (Windows NT 6.1; WOW64) AppleWebKit/537.36 (KHTML, like Gecko) Chrome/28.0.1500.95 YaBrowser/13.10.1500.9323 Safari/537.36"
     1389733097.990      0 172.17.10.120 TCP_DENIED/407 3846 CONNECT login.icq.com:443 - HIER_NONE/- text/html "Mozilla/4.08 [en] (WinNT; U)"
     1389733099.199      0 172.17.10.196 TCP_DENIED/407 3882 CONNECT client58.dropbox.com:443 - HIER_NONE/- text/html "-"
     1389733099.219      0 172.17.10.196 TCP_DENIED/407 3882 CONNECT client68.dropbox.com:443 - HIER_NONE/- text/html "-"
     1389733100.403      0 172.17.3.36 TCP_DENIED/407 4375 GET http://www.odnoklassniki.ru/mapi? - HIER_NONE/- text/html "Mozilla/5.0 (Windows NT 6.1) AppleWebKit/537.36 (KHTML, like Gecko) Chrome/31.0.1650.63 Safari/537.36"
     1389733100.468     46 172.17.3.36 TCP_MISS/200 791 GET http://www.odnoklassniki.ru/mapi? ela001@RK.LOCAL HIER_DIRECT/217.20.147.94 application/x-javascript "Mozilla/5.0 (Windows NT 6.1) AppleWebKit/537.36 (KHTML, like Gecko) Chrome/31.0.1650.63 Safari/537.36"
     1389733100.659     50 172.17.11.27 TCP_MISS/200 445 GET http://vk.com/feed2.php tia001@RK.LOCAL HIER_DIRECT/87.240.131.118 text/plain "Mozilla/5.0 (Windows NT 6.1; WOW64) AppleWebKit/537.36 (KHTML, like Gecko) Chrome/31.0.1650.63 Safari/537.36"
     1389733100.758      0 172.17.11.27 TCP_DENIED/407 3853 CONNECT d.dropbox.com:443 - HIER_NONE/- text/html "-"
     1389733100.778      0 172.17.11.27 TCP_DENIED/407 3853 CONNECT d.dropbox.com:443 - HIER_NONE/- text/html "-"
     1389733100.792      0 172.17.2.246 TCP_DENIED/407 3877 CONNECT client6.dropbox.com:443 - HIER_NONE/- text/html "-"
     1389733100.823      0 172.17.2.246 TCP_DENIED/407 3881 CONNECT client85.dropbox.com:443 - HIER_NONE/- text/html "-"
     1389733101.388      0 172.17.10.223 TCP_DENIED/407 4603 GET http://watson.microsoft.com/StageOne/PrintIsolationHost_exe/6_1_7600_16385/4a5bd3b1/StackHash_9d2a/6_1_7601_18247/521eaf24/c0000374/00000000000c4102.htm? - HIER_NONE/- text/html "MSDW"
     1389733101.837    440 172.17.10.223 TCP_MISS/200 713 GET http://watson.microsoft.com/StageOne/PrintIsolationHost_exe/6_1_7600_16385/4a5bd3b1/StackHash_9d2a/6_1_7601_18247/521eaf24/c0000374/00000000000c4102.htm? pev014@RK.LOCAL HIER_DIRECT/157.56.141.102 text/html "MSDW"
     1389733103.032      0 172.17.10.161 TCP_DENIED/407 4254 GET http://crl.microsoft.com/pki/crl/products/microsoftrootcert.crl - HIER_NONE/- text/html "Microsoft-CryptoAPI/6.1"
     1389733103.041      2 172.17.10.161 TCP_IMS_HIT/304 607 GET http://crl.microsoft.com/pki/crl/products/microsoftrootcert.crl kgo001@RK.LOCAL HIER_NONE/- application/pkix-crl "Microsoft-CryptoAPI/6.1"
     1389733103.399      0 172.17.3.36 TCP_DENIED/407 3993 CONNECT twitter.com:443 - HIER_NONE/- text/html "Mozilla/5.0 (Windows NT 6.1) AppleWebKit/537.36 (KHTML, like Gecko) Chrome/31.0.1650.63 Safari/537.36"
     1389733103.691      0 172.17.11.196 TCP_DENIED/407 3882 CONNECT client95.dropbox.com:443 - HIER_NONE/- text/html "-"
     1389733103.711      0 172.17.11.196 TCP_DENIED/407 3882 CONNECT client73.dropbox.com:443 - HIER_NONE/- text/html "-"
     1389733103.986      0 172.17.11.27 TCP_DENIED/407 3881 CONNECT client12.dropbox.com:443 - HIER_NONE/- text/html "-"
     1389733104.007      0 172.17.11.27 TCP_DENIED/407 3881 CONNECT client27.dropbox.com:443 - HIER_NONE/- text/html "-"
     1389733104.294    879 172.17.3.36 NONE/200 0 CONNECT twitter.com:443 ela001@RK.LOCAL HIER_DIRECT/199.16.156.198 - "Mozilla/5.0 (Windows NT 6.1) AppleWebKit/537.36 (KHTML, like Gecko) Chrome/31.0.1650.63 Safari/537.36"
     1389733104.616    313 172.17.3.36 TCP_MISS/200 2174 GET https://twitter.com/trends? ela001@RK.LOCAL PINNED/199.16.156.198 text/javascript "Mozilla/5.0 (Windows NT 6.1) AppleWebKit/537.36 (KHTML, like Gecko) Chrome/31.0.1650.63 Safari/537.36"
     1389733104.668      0 172.17.3.228 TCP_DENIED/407 3881 CONNECT client73.dropbox.com:443 - HIER_NONE/- text/html "-"
     1389733104.680      0 172.17.3.228 TCP_DENIED/407 3881 CONNECT client52.dropbox.com:443 - HIER_NONE/- text/html "-"
     1389733105.326      0 172.17.10.161 TCP_DENIED/407 4229 GET http://crl.microsoft.com/pki/crl/products/CodeSignPCA.crl - HIER_NONE/- text/html "Microsoft-CryptoAPI/6.1"
     1389733105.527    195 172.17.10.161 TCP_MISS/304 654 GET http://crl.microsoft.com/pki/crl/products/CodeSignPCA.crl kgo001@RK.LOCAL HIER_DIRECT/217.212.252.145 application/pkix-crl "Microsoft-CryptoAPI/6.1"
     1389733106.462      0 172.17.10.223 TCP_DENIED/407 4603 GET http://watson.microsoft.com/StageOne/PrintIsolationHost_exe/6_1_7600_16385/4a5bd3b1/StackHash_9d2a/6_1_7601_18247/521eaf24/c0000374/00000000000c4102.htm? - HIER_NONE/- text/html "MSDW"
     1389733106.927    456 172.17.10.223 TCP_MISS/200 713 GET http://watson.microsoft.com/StageOne/PrintIsolationHost_exe/6_1_7600_16385/4a5bd3b1/StackHash_9d2a/6_1_7601_18247/521eaf24/c0000374/00000000000c4102.htm? pev014@RK.LOCAL HIER_DIRECT/157.56.141.102 text/html "MSDW"
     1389733108.204  25097 172.17.12.200 TCP_MISS/200 448 POST http://q42.queuev4.vk.com/im035 bav005@RK.LOCAL HIER_DIRECT/87.240.134.43 text/javascript "Mozilla/5.0 (Windows NT 6.1; WOW64) AppleWebKit/537.36 (KHTML, like Gecko) Chrome/28.0.1500.95 YaBrowser/13.10.1500.9323 Safari/537.36"
     1389733109.561      0 172.17.9.85 TCP_DENIED/407 3856 CONNECT uc.fotostrana.ru:8186 - HIER_NONE/- text/html "-"
     1389733109.574      2 172.17.9.85 TCP_DENIED/200 0 CONNECT uc.fotostrana.ru:8186 shi001@RK.LOCAL HIER_NONE/- - "-"
     1389733110.171      0 172.17.11.46 TCP_DENIED/407 3877 CONNECT client4.dropbox.com:443 - HIER_NONE/- text/html "-"
     1389733110.193      0 172.17.11.46 TCP_DENIED/407 3881 CONNECT client56.dropbox.com:443 - HIER_NONE/- text/html "-"
     1389733110.661     51 172.17.11.27 TCP_MISS/200 445 GET http://vk.com/feed2.php tia001@RK.LOCAL HIER_DIRECT/87.240.131.118 text/plain "Mozilla/5.0 (Windows NT 6.1; WOW64) AppleWebKit/537.36 (KHTML, like Gecko) Chrome/31.0.1650.63 Safari/537.36"
     1389733110.971   1865 172.17.12.200 TCP_MISS/200 480 POST http://q42.queuev4.vk.com/im035 bav005@RK.LOCAL HIER_DIRECT/87.240.134.43 text/javascript "Mozilla/5.0 (Windows NT 6.1; WOW64) AppleWebKit/537.36 (KHTML, like Gecko) Chrome/28.0.1500.95 YaBrowser/13.10.1500.9323 Safari/537.36"
     1389733111.189      0 172.17.11.199 TCP_DENIED/407 3882 CONNECT client59.dropbox.com:443 - HIER_NONE/- text/html "-"
     1389733111.386     83 172.17.3.228 TCP_MISS/200 973 GET http://portal.mail.ru/NaviData? psv001@RK.LOCAL HIER_DIRECT/94.100.180.59 application/x-javascript "Mozilla/5.0 (Windows NT 6.1) AppleWebKit/537.36 (KHTML, like Gecko) Chrome/31.0.1650.63 Safari/537.36"
     1389733111.474     78 172.17.3.228 TCP_MISS/200 422 GET http://headline.radar.imgsmail.ru/update? psv001@RK.LOCAL HIER_DIRECT/185.5.137.249 image/gif "Mozilla/5.0 (Windows NT 6.1) AppleWebKit/537.36 (KHTML, like Gecko) Chrome/31.0.1650.63 Safari/537.36"
     1389733111.486     85 172.17.3.228 TCP_MISS/200 831 GET http://mail.ru/? psv001@RK.LOCAL HIER_DIRECT/94.100.180.199 text/html "Mozilla/5.0 (Windows NT 6.1) AppleWebKit/537.36 (KHTML, like Gecko) Chrome/31.0.1650.63 Safari/537.36"
     1389733111.532      0 172.17.10.223 TCP_DENIED/407 4603 GET http://watson.microsoft.com/StageOne/PrintIsolationHost_exe/6_1_7600_16385/4a5bd3b1/StackHash_9d2a/6_1_7601_18247/521eaf24/c0000374/00000000000c4102.htm? - HIER_NONE/- text/html "MSDW"
     1389733111.998    457 172.17.10.223 TCP_MISS/200 713 GET http://watson.microsoft.com/StageOne/PrintIsolationHost_exe/6_1_7600_16385/4a5bd3b1/StackHash_9d2a/6_1_7601_18247/521eaf24/c0000374/00000000000c4102.htm? pev014@RK.LOCAL HIER_DIRECT/157.56.141.102 text/html "MSDW"
     1389733112.460  25084 172.17.10.137 TCP_MISS/200 362 GET http://37.252.232.5/din.aspx? las001@RK.LOCAL HIER_DIRECT/37.252.232.5 application/octet-stream "Mozilla/4.0 (compatible; MSIE 6.0; DynGate)"
     1389733112.559     84 172.17.10.137 TCP_MISS/200 297 GET http://37.252.232.5/dout.aspx? las001@RK.LOCAL HIER_DIRECT/37.252.232.5 - "Mozilla/4.0 (compatible; MSIE 6.0; DynGate)"
     1389733114.182     81 172.17.12.200 TCP_MISS/200 965 GET http://ok-portal.mail.ru/NaviData? bav005@RK.LOCAL HIER_DIRECT/217.69.139.59 application/x-javascript "Mozilla/5.0 (Windows NT 6.1; WOW64) AppleWebKit/537.36 (KHTML, like Gecko) Chrome/28.0.1500.95 YaBrowser/13.10.1500.9323 Safari/537.36"
     1389733114.233      0 172.17.10.196 TCP_DENIED/407 3882 CONNECT client43.dropbox.com:443 - HIER_NONE/- text/html "-"
     1389733114.252      0 172.17.10.196 TCP_DENIED/407 3878 CONNECT client3.dropbox.com:443 - HIER_NONE/- text/html "-"
     1389733114.804      0 172.17.11.141 TCP_DENIED/407 4341 GET http://notify2.dropbox.com/subscribe? - HIER_NONE/- text/html "DropboxDesktopClient/2.0.26 (Windows; 7; i32; ru)"
     1389733114.865      0 172.17.11.141 TCP_DENIED/407 3854 CONNECT d.dropbox.com:443 - HIER_NONE/- text/html "-"
     1389733114.880      0 172.17.11.141 TCP_DENIED/407 3854 CONNECT d.dropbox.com:443 - HIER_NONE/- text/html "-"
     1389733115.755      0 172.17.11.141 TCP_DENIED/407 3882 CONNECT client38.dropbox.com:443 - HIER_NONE/- text/html "-"
     1389733115.779      0 172.17.11.141 TCP_DENIED/407 3882 CONNECT client22.dropbox.com:443 - HIER_NONE/- text/html "-"
     1389733115.849      0 172.17.2.246 TCP_DENIED/407 3881 CONNECT client20.dropbox.com:443 - HIER_NONE/- text/html "-"
     1389733115.878      0 172.17.2.246 TCP_DENIED/407 3881 CONNECT client55.dropbox.com:443 - HIER_NONE/- text/html "-"
     1389733116.600      0 172.17.10.223 TCP_DENIED/407 4603 GET http://watson.microsoft.com/StageOne/PrintIsolationHost_exe/6_1_7600_16385/4a5bd3b1/StackHash_9d2a/6_1_7601_18247/521eaf24/c0000374/00000000000c4102.htm? - HIER_NONE/- text/html "MSDW"
     1389733117.086    478 172.17.10.223 TCP_MISS/200 713 GET http://watson.microsoft.com/StageOne/PrintIsolationHost_exe/6_1_7600_16385/4a5bd3b1/StackHash_9d2a/6_1_7601_18247/521eaf24/c0000374/00000000000c4102.htm? pev014@RK.LOCAL HIER_DIRECT/157.56.141.102 text/html "MSDW"
     1389733117.305      0 172.17.3.228 TCP_DENIED/407 4676 GET http://rs.mail.ru/d1445409.gif? - HIER_NONE/- text/html "Mozilla/5.0 (Windows NT 6.1) AppleWebKit/537.36 (KHTML, like Gecko) Chrome/31.0.1650.63 Safari/537.36"
     1389733117.483    170 172.17.3.228 TCP_MISS/200 742 GET http://rs.mail.ru/d1445409.gif? psv001@RK.LOCAL HIER_DIRECT/94.100.181.220 image/gif "Mozilla/5.0 (Windows NT 6.1) AppleWebKit/537.36 (KHTML, like Gecko) Chrome/31.0.1650.63 Safari/537.36"
     1389733118.729      0 172.17.11.196 TCP_DENIED/407 3882 CONNECT client53.dropbox.com:443 - HIER_NONE/- text/html "-"
     1389733118.748      0 172.17.11.196 TCP_DENIED/407 3878 CONNECT client6.dropbox.com:443 - HIER_NONE/- text/html "-"
     1389733119.033      0 172.17.11.27 TCP_DENIED/407 3881 CONNECT client24.dropbox.com:443 - HIER_NONE/- text/html "-"
     1389733119.054      0 172.17.11.27 TCP_DENIED/407 3881 CONNECT client96.dropbox.com:443 - HIER_NONE/- text/html "-"
     1389733119.304      0 172.17.3.228 TCP_DENIED/407 4352 GET http://www.odnoklassniki.ru/mapi? - HIER_NONE/- text/html "Mozilla/5.0 (Windows NT 6.1) AppleWebKit/537.36 (KHTML, like Gecko) Chrome/31.0.1650.63 Safari/537.36"
     1389733119.360     46 172.17.3.228 TCP_MISS/200 791 GET http://www.odnoklassniki.ru/mapi? psv001@RK.LOCAL HIER_DIRECT/217.20.147.94 application/x-javascript "Mozilla/5.0 (Windows NT 6.1) AppleWebKit/537.36 (KHTML, like Gecko) Chrome/31.0.1650.63 Safari/537.36"
     1389733119.696      0 172.17.3.228 TCP_DENIED/407 3881 CONNECT client58.dropbox.com:443 - HIER_NONE/- text/html "-"
     1389733119.755      0 172.17.3.228 TCP_DENIED/407 3881 CONNECT client94.dropbox.com:443 - HIER_NONE/- text/html "-"
     1389733120.440      0 172.17.10.108 TCP_DENIED/407 4054 CONNECT safebrowsing.google.com:443 - HIER_NONE/- text/html "Mozilla/5.0 (Windows NT 6.1; WOW64) AppleWebKit/537.36 (KHTML, like Gecko) Chrome/31.0.1650.63 Safari/537.36"
     1389733120.601    152 172.17.10.108 NONE/200 0 CONNECT safebrowsing.google.com:443 omn001@RK.LOCAL HIER_DIRECT/46.61.155.173 - "Mozilla/5.0 (Windows NT 6.1; WOW64) AppleWebKit/537.36 (KHTML, like Gecko) Chrome/31.0.1650.63 Safari/537.36"
     1389733120.663     52 172.17.11.27 TCP_MISS/200 445 GET http://vk.com/feed2.php tia001@RK.LOCAL HIER_DIRECT/87.240.131.118 text/plain "Mozilla/5.0 (Windows NT 6.1; WOW64) AppleWebKit/537.36 (KHTML, like Gecko) Chrome/31.0.1650.63 Safari/537.36"
     1389733120.695     87 172.17.10.108 TCP_MISS/200 1447 POST https://safebrowsing.google.com/safebrowsing/downloads? omn001@RK.LOCAL PINNED/46.61.155.173 application/vnd.google.safebrowsing-update "Mozilla/5.0 (Windows NT 6.1; WOW64) AppleWebKit/537.36 (KHTML, like Gecko) Chrome/31.0.1650.63 Safari/537.36"
     1389733120.702      0 172.17.10.108 TCP_DENIED/407 4078 CONNECT safebrowsing-cache.google.com:443 - HIER_NONE/- text/html "Mozilla/5.0 (Windows NT 6.1; WOW64) AppleWebKit/537.36 (KHTML, like Gecko) Chrome/31.0.1650.63 Safari/537.36"
     1389733120.879    169 172.17.10.108 NONE/200 0 CONNECT safebrowsing-cache.google.com:443 omn001@RK.LOCAL HIER_DIRECT/46.61.155.24 - "Mozilla/5.0 (Windows NT 6.1; WOW64) AppleWebKit/537.36 (KHTML, like Gecko) Chrome/31.0.1650.63 Safari/537.36"
     1389733120.886      0 172.17.10.108 TCP_MEM_HIT/200 3712 GET https://safebrowsing-cache.google.com/safebrowsing/rd/ChVnb29nLWJhZGJpbnVybC1zaGF2YXIQARixswEggLQBKg64WQAA____________ATIFsVkAAH8 omn001@RK.LOCAL HIER_NONE/- application/vnd.google.safebrowsing-chunk "Mozilla/5.0 (Windows NT 6.1; WOW64) AppleWebKit/537.36 (KHTML, like Gecko) Chrome/31.0.1650.63 Safari/537.36"
     1389733120.890      0 172.17.10.108 TCP_MEM_HIT/200 2258 GET https://safebrowsing-cache.google.com/safebrowsing/rd/ChVnb29nLWJhZGJpbnVybC1zaGF2YXIQABiNpgEgoKYBKgYTUwAA_z8yBQ1TAAA_ omn001@RK.LOCAL HIER_NONE/- application/vnd.google.safebrowsing-chunk "Mozilla/5.0 (Windows NT 6.1; WOW64) AppleWebKit/537.36 (KHTML, like Gecko) Chrome/31.0.1650.63 Safari/537.36"
     1389733120.892      0 172.17.10.108 TCP_MEM_HIT/200 641 GET https://safebrowsing-cache.google.com/safebrowsing/rd/ChFnb29nLXBoaXNoLXNoYXZhchABGP--CSCAvwkyBX9fAgAD omn001@RK.LOCAL HIER_NONE/- application/vnd.google.safebrowsing-chunk "Mozilla/5.0 (Windows NT 6.1; WOW64) AppleWebKit/537.36 (KHTML, like Gecko) Chrome/31.0.1650.63 Safari/537.36"
     1389733120.894      0 172.17.10.108 TCP_MEM_HIT/200 11959 GET https://safebrowsing-cache.google.com/safebrowsing/rd/ChFnb29nLXBoaXNoLXNoYXZhchAAGKT5EiCo-RIyBaS8BAAf omn001@RK.LOCAL HIER_NONE/- application/vnd.google.safebrowsing-chunk "Mozilla/5.0 (Windows NT 6.1; WOW64) AppleWebKit/537.36 (KHTML, like Gecko) Chrome/31.0.1650.63 Safari/537.36"
     1389733120.898      0 172.17.10.108 TCP_MEM_HIT/200 4690 GET https://safebrowsing-cache.google.com/safebrowsing/rd/ChFnb29nLXBoaXNoLXNoYXZhchAAGKn5EiDQ-RIqCau8BAD_____PzIFqbwEAAM omn001@RK.LOCAL HIER_NONE/- application/vnd.google.safebrowsing-chunk "Mozilla/5.0 (Windows NT 6.1; WOW64) AppleWebKit/537.36 (KHTML, like Gecko) Chrome/31.0.1650.63 Safari/537.36"
     1389733121.679      0 172.17.10.223 TCP_DENIED/407 4603 GET http://watson.microsoft.com/StageOne/PrintIsolationHost_exe/6_1_7600_16385/4a5bd3b1/StackHash_9d2a/6_1_7601_18247/521eaf24/c0000374/00000000000c4102.htm? - HIER_NONE/- text/html "MSDW"
     1389733121.989      0 172.17.12.107 TCP_DENIED/407 3790 CONNECT 27.111.185.138:443 - HIER_NONE/- text/html "-"
     1389733122.005      0 172.17.12.107 TCP_DENIED/407 3790 CONNECT 27.111.185.141:443 - HIER_NONE/- text/html "-"
     1389733122.005      0 172.17.12.107 TCP_DENIED/407 3942 CONNECT 27.111.185.138:443 - HIER_NONE/- text/html "-"
     1389733122.036      0 172.17.12.107 TCP_DENIED/407 3790 CONNECT 27.111.185.144:443 - HIER_NONE/- text/html "-"
     1389733122.036      0 172.17.12.107 TCP_DENIED/407 3942 CONNECT 27.111.185.141:443 - HIER_NONE/- text/html "-"
     1389733122.067      0 172.17.12.107 TCP_DENIED/407 3790 CONNECT 62.128.100.107:443 - HIER_NONE/- text/html "-"
     1389733122.067      0 172.17.12.107 TCP_DENIED/407 3942 CONNECT 27.111.185.144:443 - HIER_NONE/- text/html "-"
     1389733122.098      0 172.17.12.107 TCP_DENIED/407 3790 CONNECT 62.128.100.108:443 - HIER_NONE/- text/html "-"
     1389733122.099      0 172.17.12.107 TCP_DENIED/407 3942 CONNECT 62.128.100.107:443 - HIER_NONE/- text/html "-"
     1389733122.129      0 172.17.12.107 TCP_DENIED/407 3790 CONNECT 62.128.100.109:443 - HIER_NONE/- text/html "-"
     1389733122.130      0 172.17.12.107 TCP_DENIED/407 3942 CONNECT 62.128.100.108:443 - HIER_NONE/- text/html "-"
     1389733122.141    453 172.17.10.223 TCP_MISS/200 713 GET http://watson.microsoft.com/StageOne/PrintIsolationHost_exe/6_1_7600_16385/4a5bd3b1/StackHash_9d2a/6_1_7601_18247/521eaf24/c0000374/00000000000c4102.htm? pev014@RK.LOCAL HIER_DIRECT/157.56.141.102 text/html "MSDW"
     1389733122.161      0 172.17.12.107 TCP_DENIED/407 3790 CONNECT 62.128.100.131:443 - HIER_NONE/- text/html "-"
     1389733122.161      0 172.17.12.107 TCP_DENIED/407 3942 CONNECT 62.128.100.109:443 - HIER_NONE/- text/html "-"
     1389733122.192      0 172.17.12.107 TCP_DENIED/407 3790 CONNECT 62.128.100.132:443 - HIER_NONE/- text/html "-"
     1389733122.192      0 172.17.12.107 TCP_DENIED/407 3942 CONNECT 62.128.100.131:443 - HIER_NONE/- text/html "-"
     1389733122.223      0 172.17.12.107 TCP_DENIED/407 3787 CONNECT 62.128.100.35:443 - HIER_NONE/- text/html "-"
     1389733122.224      0 172.17.12.107 TCP_DENIED/407 3942 CONNECT 62.128.100.132:443 - HIER_NONE/- text/html "-"
     1389733122.254      0 172.17.12.107 TCP_DENIED/407 3787 CONNECT 62.128.100.39:443 - HIER_NONE/- text/html "-"
     1389733122.255      0 172.17.12.107 TCP_DENIED/407 3939 CONNECT 62.128.100.35:443 - HIER_NONE/- text/html "-"
     1389733122.286      0 172.17.12.107 TCP_DENIED/407 3787 CONNECT 62.128.100.41:443 - HIER_NONE/- text/html "-"
     1389733122.287      1 172.17.12.107 TCP_DENIED/407 3939 CONNECT 62.128.100.39:443 - HIER_NONE/- text/html "-"
     1389733122.317      0 172.17.12.107 TCP_DENIED/407 3787 CONNECT 62.128.100.43:443 - HIER_NONE/- text/html "-"
     1389733122.317      0 172.17.12.107 TCP_DENIED/407 3939 CONNECT 62.128.100.41:443 - HIER_NONE/- text/html "-"
     1389733122.348      0 172.17.12.107 TCP_DENIED/407 3787 CONNECT 62.128.100.59:443 - HIER_NONE/- text/html "-"
     1389733122.348      0 172.17.12.107 TCP_DENIED/407 3939 CONNECT 62.128.100.43:443 - HIER_NONE/- text/html "-"
     1389733122.379      0 172.17.12.107 TCP_DENIED/407 3787 CONNECT 62.128.100.61:443 - HIER_NONE/- text/html "-"
     1389733122.379      0 172.17.12.107 TCP_DENIED/407 3939 CONNECT 62.128.100.59:443 - HIER_NONE/- text/html "-"
     1389733122.410      0 172.17.12.107 TCP_DENIED/407 3939 CONNECT 62.128.100.61:443 - HIER_NONE/- text/html "-"
     1389733122.411      0 172.17.12.107 TCP_DENIED/407 3787 CONNECT 62.128.100.92:443 - HIER_NONE/- text/html "-"
     1389733122.441      0 172.17.12.107 TCP_DENIED/407 3787 CONNECT 62.128.100.93:443 - HIER_NONE/- text/html "-"
     1389733122.442      0 172.17.12.107 TCP_DENIED/407 3939 CONNECT 62.128.100.92:443 - HIER_NONE/- text/html "-"
     1389733122.457      0 172.17.12.107 TCP_DENIED/407 3939 CONNECT 62.128.100.93:443 - HIER_NONE/- text/html "-"
     1389733122.472      0 172.17.12.107 TCP_DENIED/407 3787 CONNECT 62.128.100.94:443 - HIER_NONE/- text/html "-"
     1389733122.488      0 172.17.12.107 TCP_DENIED/407 3787 CONNECT 62.128.100.96:443 - HIER_NONE/- text/html "-"
     1389733122.504      0 172.17.12.107 TCP_DENIED/407 3939 CONNECT 62.128.100.96:443 - HIER_NONE/- text/html "-"
     1389733122.504      0 172.17.12.107 TCP_DENIED/407 3939 CONNECT 62.128.100.94:443 - HIER_NONE/- text/html "-"
     1389733122.535      0 172.17.12.107 TCP_DENIED/407 3787 CONNECT 81.19.104.111:443 - HIER_NONE/- text/html "-"
     1389733122.535      0 172.17.12.107 TCP_DENIED/407 3787 CONNECT 81.19.104.102:443 - HIER_NONE/- text/html "-"
     1389733122.567      0 172.17.12.107 TCP_DENIED/407 3939 CONNECT 81.19.104.102:443 - HIER_NONE/- text/html "-"
     1389733122.567      0 172.17.12.107 TCP_DENIED/407 3939 CONNECT 81.19.104.111:443 - HIER_NONE/- text/html "-"
     1389733122.597      0 172.17.12.107 TCP_DENIED/407 3784 CONNECT 81.19.104.27:443 - HIER_NONE/- text/html "-"
     1389733122.598      0 172.17.12.107 TCP_DENIED/407 3784 CONNECT 81.19.104.24:443 - HIER_NONE/- text/html "-"
     1389733122.629      0 172.17.12.107 TCP_DENIED/407 3936 CONNECT 81.19.104.24:443 - HIER_NONE/- text/html "-"
     1389733122.629      0 172.17.12.107 TCP_DENIED/407 3936 CONNECT 81.19.104.27:443 - HIER_NONE/- text/html "-"
     1389733122.660      0 172.17.12.107 TCP_DENIED/407 3784 CONNECT 81.19.104.42:443 - HIER_NONE/- text/html "-"
     1389733122.660      0 172.17.12.107 TCP_DENIED/407 3784 CONNECT 81.19.104.45:443 - HIER_NONE/- text/html "-"
     1389733122.691      0 172.17.12.107 TCP_DENIED/407 3936 CONNECT 81.19.104.42:443 - HIER_NONE/- text/html "-"
     1389733122.691      0 172.17.12.107 TCP_DENIED/407 3936 CONNECT 81.19.104.45:443 - HIER_NONE/- text/html "-"
     1389733122.722      0 172.17.12.107 TCP_DENIED/407 3784 CONNECT 81.19.104.60:443 - HIER_NONE/- text/html "-"
     1389733122.723      0 172.17.12.107 TCP_DENIED/407 3784 CONNECT 81.19.104.84:443 - HIER_NONE/- text/html "-"
     1389733122.754      0 172.17.12.107 TCP_DENIED/407 3936 CONNECT 81.19.104.60:443 - HIER_NONE/- text/html "-"
     1389733122.754      0 172.17.12.107 TCP_DENIED/407 3936 CONNECT 81.19.104.84:443 - HIER_NONE/- text/html "-"
     1389733122.785      0 172.17.12.107 TCP_DENIED/407 3784 CONNECT 81.19.104.87:443 - HIER_NONE/- text/html "-"
     1389733122.785      0 172.17.12.107 TCP_DENIED/407 3784 CONNECT 81.19.104.96:443 - HIER_NONE/- text/html "-"
     1389733122.816      0 172.17.12.107 TCP_DENIED/407 3936 CONNECT 81.19.104.96:443 - HIER_NONE/- text/html "-"
     1389733122.816      0 172.17.12.107 TCP_DENIED/407 3936 CONNECT 81.19.104.87:443 - HIER_NONE/- text/html "-"
     1389733123.199  25093 172.17.12.200 TCP_MISS/200 385 POST http://q23.queuev4.vk.com/im035 bav005@RK.LOCAL HIER_DIRECT/87.240.134.200 text/javascript "Mozilla/5.0 (Windows NT 6.1; WOW64) AppleWebKit/537.36 (KHTML, like Gecko) Chrome/28.0.1500.95 YaBrowser/13.10.1500.9323 Safari/537.36"
     1389733125.225      0 172.17.11.46 TCP_DENIED/407 3881 CONNECT client60.dropbox.com:443 - HIER_NONE/- text/html "-"
     1389733125.247      0 172.17.11.46 TCP_DENIED/407 3881 CONNECT client57.dropbox.com:443 - HIER_NONE/- text/html "-"
     1389733126.215      0 172.17.11.199 TCP_DENIED/407 3882 CONNECT client23.dropbox.com:443 - HIER_NONE/- text/html "-"
     1389733126.747      0 172.17.10.223 TCP_DENIED/407 4603 GET http://watson.microsoft.com/StageOne/PrintIsolationHost_exe/6_1_7600_16385/4a5bd3b1/StackHash_9d2a/6_1_7601_18247/521eaf24/c0000374/00000000000c4102.htm? - HIER_NONE/- text/html "MSDW"
     1389733127.272    516 172.17.10.223 TCP_MISS/200 713 GET http://watson.microsoft.com/StageOne/PrintIsolationHost_exe/6_1_7600_16385/4a5bd3b1/StackHash_9d2a/6_1_7601_18247/521eaf24/c0000374/00000000000c4102.htm? pev014@RK.LOCAL HIER_DIRECT/157.56.141.102 text/html "MSDW"
     1389733129.425  39981 172.17.12.200 TCP_MISS/200 530 GET https://2-p-04-frc3.channel.facebook.com/pull? bav005@RK.LOCAL PINNED/173.252.107.18 text/plain "Mozilla/5.0 (Windows NT 6.1; WOW64) AppleWebKit/537.36 (KHTML, like Gecko) Chrome/28.0.1500.95 YaBrowser/13.10.1500.9323 Safari/537.36"
     1389733129.840      0 172.17.11.141 TCP_DENIED/407 4341 GET http://notify2.dropbox.com/subscribe? - HIER_NONE/- text/html "DropboxDesktopClient/2.0.26 (Windows; 7; i32; ru)"
     1389733130.559      0 172.17.9.85 TCP_DENIED/407 3856 CONNECT uc.fotostrana.ru:8186 - HIER_NONE/- text/html "-"
     1389733130.576      5 172.17.9.85 TCP_DENIED/200 0 CONNECT uc.fotostrana.ru:8186 shi001@RK.LOCAL HIER_NONE/- - "-"
     1389733130.664     52 172.17.11.27 TCP_MISS/200 445 GET http://vk.com/feed2.php tia001@RK.LOCAL HIER_DIRECT/87.240.131.118 text/plain "Mozilla/5.0 (Windows NT 6.1; WOW64) AppleWebKit/537.36 (KHTML, like Gecko) Chrome/31.0.1650.63 Safari/537.36"
     1389733130.914      0 172.17.2.246 TCP_DENIED/407 3881 CONNECT client77.dropbox.com:443 - HIER_NONE/- text/html "-"
     1389733130.944      0 172.17.2.246 TCP_DENIED/407 3881 CONNECT client90.dropbox.com:443 - HIER_NONE/- text/html "-"
     1389733131.813      0 172.17.10.223 TCP_DENIED/407 4603 GET http://watson.microsoft.com/StageOne/PrintIsolationHost_exe/6_1_7600_16385/4a5bd3b1/StackHash_9d2a/6_1_7601_18247/521eaf24/c0000374/00000000000c4102.htm? - HIER_NONE/- text/html "MSDW"
     1389733131.896      0 172.17.11.235 TCP_DENIED/407 3825 CONNECT 157.56.108.82:443 - HIER_NONE/- text/html "-"
     1389733132.269      0 172.17.10.196 TCP_DENIED/407 3882 CONNECT client86.dropbox.com:443 - HIER_NONE/- text/html "-"
     1389733132.291      0 172.17.10.196 TCP_DENIED/407 3882 CONNECT client61.dropbox.com:443 - HIER_NONE/- text/html "-"
     1389733132.459    638 172.17.10.223 TCP_MISS/200 713 GET http://watson.microsoft.com/StageOne/PrintIsolationHost_exe/6_1_7600_16385/4a5bd3b1/StackHash_9d2a/6_1_7601_18247/521eaf24/c0000374/00000000000c4102.htm? pev014@RK.LOCAL HIER_DIRECT/157.56.141.102 text/html "MSDW"
     1389733132.836      0 172.17.11.46 TCP_DENIED/407 3853 CONNECT d.dropbox.com:443 - HIER_NONE/- text/html "-"
     1389733132.856      0 172.17.11.46 TCP_DENIED/407 3853 CONNECT d.dropbox.com:443 - HIER_NONE/- text/html "-"
     1389733133.392      0 172.17.12.200 TCP_DENIED/407 3828 CONNECT 157.55.133.138:443 - HIER_NONE/- text/html "-"
     1389733133.767      0 172.17.11.196 TCP_DENIED/407 3882 CONNECT client99.dropbox.com:443 - HIER_NONE/- text/html "-"
     1389733133.787      0 172.17.11.196 TCP_DENIED/407 3882 CONNECT client17.dropbox.com:443 - HIER_NONE/- text/html "-"
     1389733134.080      0 172.17.11.27 TCP_DENIED/407 3881 CONNECT client59.dropbox.com:443 - HIER_NONE/- text/html "-"
     1389733134.100      0 172.17.11.27 TCP_DENIED/407 3881 CONNECT client51.dropbox.com:443 - HIER_NONE/- text/html "-"
     1389733134.770      0 172.17.3.228 TCP_DENIED/407 3881 CONNECT client20.dropbox.com:443 - HIER_NONE/- text/html "-"
     1389733134.782      0 172.17.3.228 TCP_DENIED/407 3881 CONNECT client79.dropbox.com:443 - HIER_NONE/- text/html "-"
     1389733135.533    127 192.168.44.85 TCP_MISS/302 834 GET https://mail.google.com/mail/? ssi002 PINNED/173.194.32.150 text/html "Mozilla/5.0 (Windows NT 6.1; rv:26.0) Gecko/20100101 Firefox/26.0"
1389733135.533    127 192.168.44.85 TCP_MISS/302 834 GET https://mail.google.com/mail/? ssi002 PINNED/173.194.32.150 text/html
     1389733135.897    358 192.168.44.85 TCP_MISS/200 14372 GET https://mail.google.com/mail/h/hp17o1ll5uje/? ssi002 PINNED/173.194.32.150 text/html "Mozilla/5.0 (Windows NT 6.1; rv:26.0) Gecko/20100101 Firefox/26.0"
1389733135.897    358 192.168.44.85 TCP_MISS/200 14372 GET https://mail.google.com/mail/h/hp17o1ll5uje/? ssi002 PINNED/173.194.32.150 text/html
     1389733135.906      0 172.17.11.199 TCP_DENIED/407 3882 CONNECT client24.dropbox.com:443 - HIER_NONE/- text/html "-"
     1389733136.231  25124 172.17.12.200 TCP_MISS/200 448 POST http://q42.queuev4.vk.com/im035 bav005@RK.LOCAL HIER_DIRECT/87.240.134.43 text/javascript "Mozilla/5.0 (Windows NT 6.1; WOW64) AppleWebKit/537.36 (KHTML, like Gecko) Chrome/28.0.1500.95 YaBrowser/13.10.1500.9323 Safari/537.36"
     1389733136.882      0 172.17.10.223 TCP_DENIED/407 4603 GET http://watson.microsoft.com/StageOne/PrintIsolationHost_exe/6_1_7600_16385/4a5bd3b1/StackHash_9d2a/6_1_7601_18247/521eaf24/c0000374/00000000000c4102.htm? - HIER_NONE/- text/html "MSDW"
     1389733137.346    456 172.17.10.223 TCP_MISS/200 713 GET http://watson.microsoft.com/StageOne/PrintIsolationHost_exe/6_1_7600_16385/4a5bd3b1/StackHash_9d2a/6_1_7601_18247/521eaf24/c0000374/00000000000c4102.htm? pev014@RK.LOCAL HIER_DIRECT/157.56.141.102 text/html "MSDW"
     1389733137.655  25085 172.17.10.137 TCP_MISS/200 362 GET http://37.252.232.5/din.aspx? las001@RK.LOCAL HIER_DIRECT/37.252.232.5 application/octet-stream "Mozilla/4.0 (compatible; MSIE 6.0; DynGate)"
     1389733137.982    313 172.17.10.137 TCP_MISS/200 297 GET http://37.252.232.5/dout.aspx? las001@RK.LOCAL HIER_DIRECT/37.252.232.5 - "Mozilla/4.0 (compatible; MSIE 6.0; DynGate)"
     1389733139.066      0 172.17.11.199 TCP_DENIED/407 3854 CONNECT d.dropbox.com:443 - HIER_NONE/- text/html "-"
     1389733140.278      0 172.17.11.46 TCP_DENIED/407 3881 CONNECT client13.dropbox.com:443 - HIER_NONE/- text/html "-"
     1389733140.301      0 172.17.11.46 TCP_DENIED/407 3881 CONNECT client25.dropbox.com:443 - HIER_NONE/- text/html "-"
     1389733140.663     51 172.17.11.27 TCP_MISS/200 445 GET http://vk.com/feed2.php tia001@RK.LOCAL HIER_DIRECT/87.240.131.118 text/plain "Mozilla/5.0 (Windows NT 6.1; WOW64) AppleWebKit/537.36 (KHTML, like Gecko) Chrome/31.0.1650.63 Safari/537.36"
     1389733141.241      0 172.17.11.199 TCP_DENIED/407 3882 CONNECT client85.dropbox.com:443 - HIER_NONE/- text/html "-"
     1389733141.951      0 172.17.10.223 TCP_DENIED/407 4603 GET http://watson.microsoft.com/StageOne/PrintIsolationHost_exe/6_1_7600_16385/4a5bd3b1/StackHash_9d2a/6_1_7601_18247/521eaf24/c0000374/00000000000c4102.htm? - HIER_NONE/- text/html "MSDW"
     1389733142.395    435 172.17.10.223 TCP_MISS/200 713 GET http://watson.microsoft.com/StageOne/PrintIsolationHost_exe/6_1_7600_16385/4a5bd3b1/StackHash_9d2a/6_1_7601_18247/521eaf24/c0000374/00000000000c4102.htm? pev014@RK.LOCAL HIER_DIRECT/157.56.141.102 text/html "MSDW"
     1389733143.417     91 172.17.11.196 TCP_MISS/200 1094 GET http://portal.mail.ru/NaviData? alf001@RK.LOCAL HIER_DIRECT/94.100.180.59 application/x-javascript "Mozilla/4.0 (compatible; MSIE 7.0; Windows NT 6.1; Trident/4.0; GTB7.5; SLCC2; .NET CLR 2.0.50727; .NET CLR 3.5.30729; .NET CLR 3.0.30729; Media Center PC 6.0; InfoPath.3; .NET4.0C; .NET4.0E)"
     1389733143.520     89 172.17.11.196 TCP_MISS/200 850 GET http://mail.ru/? alf001@RK.LOCAL HIER_DIRECT/94.100.180.199 text/html "Mozilla/4.0 (compatible; MSIE 7.0; Windows NT 6.1; Trident/4.0; GTB7.5; SLCC2; .NET CLR 2.0.50727; .NET CLR 3.5.30729; .NET CLR 3.0.30729; Media Center PC 6.0; InfoPath.3; .NET4.0C; .NET4.0E)"
     1389733144.873      0 172.17.11.141 TCP_DENIED/407 4341 GET http://notify2.dropbox.com/subscribe? - HIER_NONE/- text/html "DropboxDesktopClient/2.0.26 (Windows; 7; i32; ru)"
     1389733145.967      0 172.17.2.246 TCP_DENIED/407 3877 CONNECT client0.dropbox.com:443 - HIER_NONE/- text/html "-"
     1389733145.988      0 172.17.2.246 TCP_DENIED/407 3881 CONNECT client27.dropbox.com:443 - HIER_NONE/- text/html "-"
     1389733147.024      0 172.17.10.223 TCP_DENIED/407 4603 GET http://watson.microsoft.com/StageOne/PrintIsolationHost_exe/6_1_7600_16385/4a5bd3b1/StackHash_9d2a/6_1_7601_18247/521eaf24/c0000374/00000000000c4102.htm? - HIER_NONE/- text/html "MSDW"
     1389733147.309      0 172.17.10.196 TCP_DENIED/407 3882 CONNECT client85.dropbox.com:443 - HIER_NONE/- text/html "-"
     1389733147.331      0 172.17.10.196 TCP_DENIED/407 3882 CONNECT client95.dropbox.com:443 - HIER_NONE/- text/html "-"
     1389733147.467    433 172.17.10.223 TCP_MISS/200 713 GET http://watson.microsoft.com/StageOne/PrintIsolationHost_exe/6_1_7600_16385/4a5bd3b1/StackHash_9d2a/6_1_7601_18247/521eaf24/c0000374/00000000000c4102.htm? pev014@RK.LOCAL HIER_DIRECT/157.56.141.102 text/html "MSDW"
     1389733148.805      0 172.17.11.196 TCP_DENIED/407 3882 CONNECT client18.dropbox.com:443 - HIER_NONE/- text/html "-"
     1389733148.825      0 172.17.11.196 TCP_DENIED/407 3882 CONNECT client38.dropbox.com:443 - HIER_NONE/- text/html "-"
     1389733149.122      0 172.17.11.27 TCP_DENIED/407 3881 CONNECT client52.dropbox.com:443 - HIER_NONE/- text/html "-"
     1389733149.144      0 172.17.11.27 TCP_DENIED/407 3881 CONNECT client30.dropbox.com:443 - HIER_NONE/- text/html "-"
     1389733149.201  25092 172.17.12.200 TCP_MISS/200 385 POST http://q23.queuev4.vk.com/im035 bav005@RK.LOCAL HIER_DIRECT/87.240.134.200 text/javascript "Mozilla/5.0 (Windows NT 6.1; WOW64) AppleWebKit/537.36 (KHTML, like Gecko) Chrome/28.0.1500.95 YaBrowser/13.10.1500.9323 Safari/537.36"
     1389733149.797      0 172.17.3.228 TCP_DENIED/407 3881 CONNECT client81.dropbox.com:443 - HIER_NONE/- text/html "-"
     1389733149.857      0 172.17.3.228 TCP_DENIED/407 3877 CONNECT client7.dropbox.com:443 - HIER_NONE/- text/html "-"
     1389733150.663     51 172.17.11.27 TCP_MISS/200 445 GET http://vk.com/feed2.php tia001@RK.LOCAL HIER_DIRECT/87.240.131.118 text/plain "Mozilla/5.0 (Windows NT 6.1; WOW64) AppleWebKit/537.36 (KHTML, like Gecko) Chrome/31.0.1650.63 Safari/537.36"
     1389733151.560      0 172.17.9.85 TCP_DENIED/407 3856 CONNECT uc.fotostrana.ru:8186 - HIER_NONE/- text/html "-"
     1389733151.573      3 172.17.9.85 TCP_DENIED/200 0 CONNECT uc.fotostrana.ru:8186 shi001@RK.LOCAL HIER_NONE/- - "-"
     1389733152.094      0 172.17.10.223 TCP_DENIED/407 4603 GET http://watson.microsoft.com/StageOne/PrintIsolationHost_exe/6_1_7600_16385/4a5bd3b1/StackHash_9d2a/6_1_7601_18247/521eaf24/c0000374/00000000000c4102.htm? - HIER_NONE/- text/html "MSDW"
     1389733152.563    459 172.17.10.223 TCP_MISS/200 713 GET http://watson.microsoft.com/StageOne/PrintIsolationHost_exe/6_1_7600_16385/4a5bd3b1/StackHash_9d2a/6_1_7601_18247/521eaf24/c0000374/00000000000c4102.htm? pev014@RK.LOCAL HIER_DIRECT/157.56.141.102 text/html "MSDW"
     1389733153.134      0 172.17.3.57 TCP_DENIED/407 3954 CONNECT clients4.google.com:443 - HIER_NONE/- text/html "Chrome WIN 31.0.1650.63 (238485) channel(stable)"
     1389733153.358    214 172.17.3.57 NONE/200 0 CONNECT clients4.google.com:443 sok001@RK.LOCAL HIER_DIRECT/46.61.155.89 - "Chrome WIN 31.0.1650.63 (238485) channel(stable)"
     1389733153.422      0 172.17.10.196 TCP_DENIED/407 3882 CONNECT client63.dropbox.com:443 - HIER_NONE/- text/html "-"
     1389733153.436      0 172.17.10.196 TCP_DENIED/407 3882 CONNECT client22.dropbox.com:443 - HIER_NONE/- text/html "-"
     1389733153.497    136 172.17.3.57 TCP_MISS/200 6282 POST https://clients4.google.com/chrome-sync/command/? sok001@RK.LOCAL PINNED/46.61.155.89 application/octet-stream "Chrome WIN 31.0.1650.63 (238485) channel(stable)"
     1389733153.619    118 172.17.3.57 TCP_MISS/200 773 POST https://clients4.google.com/chrome-sync/command/? sok001@RK.LOCAL PINNED/46.61.155.89 application/octet-stream "Chrome WIN 31.0.1650.63 (238485) channel(stable)"
     1389733154.475     83 172.17.3.36 TCP_MISS/200 973 GET http://portal.mail.ru/NaviData? ela001@RK.LOCAL HIER_DIRECT/94.100.180.59 application/x-javascript "Mozilla/5.0 (Windows NT 6.1) AppleWebKit/537.36 (KHTML, like Gecko) Chrome/31.0.1650.63 Safari/537.36"
     1389733155.327      0 172.17.11.46 TCP_DENIED/407 3881 CONNECT client74.dropbox.com:443 - HIER_NONE/- text/html "-"
     1389733155.342      0 172.17.11.46 TCP_DENIED/407 3881 CONNECT client48.dropbox.com:443 - HIER_NONE/- text/html "-"
     1389733156.263      0 172.17.11.199 TCP_DENIED/407 3882 CONNECT client76.dropbox.com:443 - HIER_NONE/- text/html "-"
     1389733157.853     89 172.17.12.218 TCP_MISS/000 0 GET https://syndication.twitter.com/widgets/timelines/paged/401444136647024640? uav001@RK.LOCAL PINNED/199.16.156.201 - "Mozilla/5.0 (Windows NT 6.1; WOW64) AppleWebKit/537.36 (KHTML, like Gecko) Chrome/31.0.1650.57 Safari/537.36 OPR/18.0.1284.49 (Edition RMV)"
     1389733157.868      0 172.17.12.218 TCP_DENIED/407 4093 CONNECT syndication.twitter.com:443 - HIER_NONE/- text/html "Mozilla/5.0 (Windows NT 6.1; WOW64) AppleWebKit/537.36 (KHTML, like Gecko) Chrome/31.0.1650.57 Safari/537.36 OPR/18.0.1284.49 (Edition RMV)"
     1389733158.668    788 172.17.12.218 NONE/200 0 CONNECT syndication.twitter.com:443 uav001@RK.LOCAL HIER_DIRECT/199.16.156.201 - "Mozilla/5.0 (Windows NT 6.1; WOW64) AppleWebKit/537.36 (KHTML, like Gecko) Chrome/31.0.1650.57 Safari/537.36 OPR/18.0.1284.49 (Edition RMV)"
     1389733158.943    272 172.17.12.218 TCP_MISS/200 1550 GET https://syndication.twitter.com/widgets/timelines/paged/401444136647024640? uav001@RK.LOCAL PINNED/199.16.156.201 application/javascript "Mozilla/5.0 (Windows NT 6.1; WOW64) AppleWebKit/537.36 (KHTML, like Gecko) Chrome/31.0.1650.57 Safari/537.36 OPR/18.0.1284.49 (Edition RMV)"
     1389733158.961      0 172.17.9.85 TCP_DENIED/407 3798 CONNECT clients3.google.com:443 - HIER_NONE/- text/html "-"
     1389733160.178      0 172.17.10.223 TCP_DENIED/407 4603 GET http://watson.microsoft.com/StageOne/PrintIsolationHost_exe/6_1_7600_16385/4a5bd3b1/StackHash_9d2a/6_1_7601_18247/521eaf24/c0000374/00000000000c4102.htm? - HIER_NONE/- text/html "MSDW"
     1389733160.663     51 172.17.11.27 TCP_MISS/200 445 GET http://vk.com/feed2.php tia001@RK.LOCAL HIER_DIRECT/87.240.131.118 text/plain "Mozilla/5.0 (Windows NT 6.1; WOW64) AppleWebKit/537.36 (KHTML, like Gecko) Chrome/31.0.1650.63 Safari/537.36"
     1389733160.846    652 172.17.10.223 TCP_MISS/200 713 GET http://watson.microsoft.com/StageOne/PrintIsolationHost_exe/6_1_7600_16385/4a5bd3b1/StackHash_9d2a/6_1_7601_18247/521eaf24/c0000374/00000000000c4102.htm? pev014@RK.LOCAL HIER_DIRECT/157.56.141.102 text/html "MSDW"
     1389733161.011  23904 172.17.12.200 TCP_MISS/200 482 POST http://q42.queuev4.vk.com/im035 bav005@RK.LOCAL HIER_DIRECT/87.240.134.43 text/javascript "Mozilla/5.0 (Windows NT 6.1; WOW64) AppleWebKit/537.36 (KHTML, like Gecko) Chrome/28.0.1500.95 YaBrowser/13.10.1500.9323 Safari/537.36"
     1389733161.014      0 172.17.2.246 TCP_DENIED/407 3881 CONNECT client87.dropbox.com:443 - HIER_NONE/- text/html "-"
     1389733161.040      0 172.17.2.246 TCP_DENIED/407 3877 CONNECT client2.dropbox.com:443 - HIER_NONE/- text/html "-"
     1389733162.232      0 172.17.10.223 TCP_DENIED/407 4603 GET http://watson.microsoft.com/StageOne/PrintIsolationHost_exe/6_1_7600_16385/4a5bd3b1/StackHash_9d2a/6_1_7601_18247/521eaf24/c0000374/00000000000c4102.htm? - HIER_NONE/- text/html "MSDW"
     1389733162.370      0 172.17.10.196 TCP_DENIED/407 3882 CONNECT client94.dropbox.com:443 - HIER_NONE/- text/html "-"
     1389733162.392      0 172.17.10.196 TCP_DENIED/407 3882 CONNECT client97.dropbox.com:443 - HIER_NONE/- text/html "-"
     1389733162.674    432 172.17.10.223 TCP_MISS/200 713 GET http://watson.microsoft.com/StageOne/PrintIsolationHost_exe/6_1_7600_16385/4a5bd3b1/StackHash_9d2a/6_1_7601_18247/521eaf24/c0000374/00000000000c4102.htm? pev014@RK.LOCAL HIER_DIRECT/157.56.141.102 text/html "MSDW"
     1389733162.910      0 172.17.11.141 TCP_DENIED/407 4341 GET http://notify2.dropbox.com/subscribe? - HIER_NONE/- text/html "DropboxDesktopClient/2.0.26 (Windows; 7; i32; ru)"
     1389733163.083  25091 172.17.10.137 TCP_MISS/200 362 GET http://37.252.232.5/din.aspx? las001@RK.LOCAL HIER_DIRECT/37.252.232.5 application/octet-stream "Mozilla/4.0 (compatible; MSIE 6.0; DynGate)"
     1389733163.183     85 172.17.10.137 TCP_MISS/200 297 GET http://37.252.232.5/dout.aspx? las001@RK.LOCAL HIER_DIRECT/37.252.232.5 - "Mozilla/4.0 (compatible; MSIE 6.0; DynGate)"
     1389733163.843      0 172.17.11.196 TCP_DENIED/407 3882 CONNECT client59.dropbox.com:443 - HIER_NONE/- text/html "-"
     1389733163.863      0 172.17.11.196 TCP_DENIED/407 3882 CONNECT client35.dropbox.com:443 - HIER_NONE/- text/html "-"
     1389733164.170      0 172.17.11.27 TCP_DENIED/407 3881 CONNECT client49.dropbox.com:443 - HIER_NONE/- text/html "-"
     1389733164.191      0 172.17.11.27 TCP_DENIED/407 3881 CONNECT client95.dropbox.com:443 - HIER_NONE/- text/html "-"
     1389733164.873      0 172.17.3.228 TCP_DENIED/407 3881 CONNECT client85.dropbox.com:443 - HIER_NONE/- text/html "-"
     1389733164.885      0 172.17.3.228 TCP_DENIED/407 3881 CONNECT client97.dropbox.com:443 - HIER_NONE/- text/html "-"
     1389733167.326      0 172.17.10.223 TCP_DENIED/407 4603 GET http://watson.microsoft.com/StageOne/PrintIsolationHost_exe/6_1_7600_16385/4a5bd3b1/StackHash_9d2a/6_1_7601_18247/521eaf24/c0000374/00000000000c4102.htm? - HIER_NONE/- text/html "MSDW"
     1389733169.110      0 172.17.12.200 TCP_DENIED/407 4891 POST http://vk.com/al_im.php - HIER_NONE/- text/html "Mozilla/5.0 (Windows NT 6.1; WOW64) AppleWebKit/537.36 (KHTML, like Gecko) Chrome/28.0.1500.95 YaBrowser/13.10.1500.9323 Safari/537.36"
     1389733169.243   1908 172.17.10.223 TCP_MISS/200 713 GET http://watson.microsoft.com/StageOne/PrintIsolationHost_exe/6_1_7600_16385/4a5bd3b1/StackHash_9d2a/6_1_7601_18247/521eaf24/c0000374/00000000000c4102.htm? pev014@RK.LOCAL HIER_DIRECT/157.56.141.102 text/html "MSDW"
     1389733169.244    119 172.17.12.200 TCP_MISS/200 886 POST http://vk.com/al_im.php bav005@RK.LOCAL HIER_DIRECT/87.240.131.118 text/plain "Mozilla/5.0 (Windows NT 6.1; WOW64) AppleWebKit/537.36 (KHTML, like Gecko) Chrome/28.0.1500.95 YaBrowser/13.10.1500.9323 Safari/537.36"
     1389733169.356  39926 172.17.12.200 TCP_MISS/200 530 GET https://2-p-04-frc3.channel.facebook.com/pull? bav005@RK.LOCAL PINNED/173.252.107.18 text/plain "Mozilla/5.0 (Windows NT 6.1; WOW64) AppleWebKit/537.36 (KHTML, like Gecko) Chrome/28.0.1500.95 YaBrowser/13.10.1500.9323 Safari/537.36"
     1389733170.370      0 172.17.11.46 TCP_DENIED/407 3881 CONNECT client87.dropbox.com:443 - HIER_NONE/- text/html "-"
     1389733170.392      0 172.17.11.46 TCP_DENIED/407 3881 CONNECT client52.dropbox.com:443 - HIER_NONE/- text/html "-"
     1389733170.667     54 172.17.11.27 TCP_MISS/200 445 GET http://vk.com/feed2.php tia001@RK.LOCAL HIER_DIRECT/87.240.131.118 text/plain "Mozilla/5.0 (Windows NT 6.1; WOW64) AppleWebKit/537.36 (KHTML, like Gecko) Chrome/31.0.1650.63 Safari/537.36"
     1389733171.285      0 172.17.11.199 TCP_DENIED/407 3882 CONNECT client20.dropbox.com:443 - HIER_NONE/- text/html "-"
     1389733172.373      0 172.17.10.223 TCP_DENIED/407 4603 GET http://watson.microsoft.com/StageOne/PrintIsolationHost_exe/6_1_7600_16385/4a5bd3b1/StackHash_9d2a/6_1_7601_18247/521eaf24/c0000374/00000000000c4102.htm? - HIER_NONE/- text/html "MSDW"
     1389733172.384     83 172.17.3.228 TCP_MISS/200 973 GET http://portal.mail.ru/NaviData? psv001@RK.LOCAL HIER_DIRECT/94.100.180.59 application/x-javascript "Mozilla/5.0 (Windows NT 6.1) AppleWebKit/537.36 (KHTML, like Gecko) Chrome/31.0.1650.63 Safari/537.36"
     1389733172.474     79 172.17.3.228 TCP_MISS/200 422 GET http://headline.radar.imgsmail.ru/update? psv001@RK.LOCAL HIER_DIRECT/185.5.137.249 image/gif "Mozilla/5.0 (Windows NT 6.1) AppleWebKit/537.36 (KHTML, like Gecko) Chrome/31.0.1650.63 Safari/537.36"
     1389733172.531    132 172.17.3.228 TCP_MISS/200 831 GET http://mail.ru/? psv001@RK.LOCAL HIER_DIRECT/217.69.139.201 text/html "Mozilla/5.0 (Windows NT 6.1) AppleWebKit/537.36 (KHTML, like Gecko) Chrome/31.0.1650.63 Safari/537.36"
     1389733172.561      0 172.17.9.85 TCP_DENIED/407 3856 CONNECT uc.fotostrana.ru:8186 - HIER_NONE/- text/html "-"
     1389733172.575      3 172.17.9.85 TCP_DENIED/200 0 CONNECT uc.fotostrana.ru:8186 shi001@RK.LOCAL HIER_NONE/- - "-"
     1389733172.837    454 172.17.10.223 TCP_MISS/200 713 GET http://watson.microsoft.com/StageOne/PrintIsolationHost_exe/6_1_7600_16385/4a5bd3b1/StackHash_9d2a/6_1_7601_18247/521eaf24/c0000374/00000000000c4102.htm? pev014@RK.LOCAL HIER_DIRECT/157.56.141.102 text/html "MSDW"
     1389733174.239    133 172.17.12.200 TCP_MISS/200 965 GET http://ok-portal.mail.ru/NaviData? bav005@RK.LOCAL HIER_DIRECT/94.100.180.59 application/x-javascript "Mozilla/5.0 (Windows NT 6.1; WOW64) AppleWebKit/537.36 (KHTML, like Gecko) Chrome/28.0.1500.95 YaBrowser/13.10.1500.9323 Safari/537.36"
     1389733174.550      0 172.17.9.61 TCP_DENIED/407 3852 CONNECT d.dropbox.com:443 - HIER_NONE/- text/html "-"
     1389733174.553      0 172.17.9.61 TCP_DENIED/407 3880 CONNECT client99.dropbox.com:443 - HIER_NONE/- text/html "-"
     1389733174.555      0 172.17.9.61 TCP_DENIED/407 3880 CONNECT client40.dropbox.com:443 - HIER_NONE/- text/html "-"
     1389733174.574      0 172.17.9.61 TCP_DENIED/407 3852 CONNECT d.dropbox.com:443 - HIER_NONE/- text/html "-"
     1389733174.578      0 172.17.9.61 TCP_DENIED/407 3880 CONNECT client76.dropbox.com:443 - HIER_NONE/- text/html "-"
     1389733174.580      0 172.17.9.61 TCP_DENIED/407 3876 CONNECT client3.dropbox.com:443 - HIER_NONE/- text/html "-"
     1389733175.202  25092 172.17.12.200 TCP_MISS/200 385 POST http://q23.queuev4.vk.com/im035 bav005@RK.LOCAL HIER_DIRECT/87.240.134.200 text/javascript "Mozilla/5.0 (Windows NT 6.1; WOW64) AppleWebKit/537.36 (KHTML, like Gecko) Chrome/28.0.1500.95 YaBrowser/13.10.1500.9323 Safari/537.36"
     1389733175.799      0 172.17.11.141 TCP_DENIED/407 3882 CONNECT client90.dropbox.com:443 - HIER_NONE/- text/html "-"
     1389733175.823      0 172.17.11.141 TCP_DENIED/407 3882 CONNECT client64.dropbox.com:443 - HIER_NONE/- text/html "-"
     1389733176.067      0 172.17.2.246 TCP_DENIED/407 3881 CONNECT client28.dropbox.com:443 - HIER_NONE/- text/html "-"
     1389733176.097      0 172.17.2.246 TCP_DENIED/407 3881 CONNECT client60.dropbox.com:443 - HIER_NONE/- text/html "-"
     1389733177.429      0 172.17.10.196 TCP_DENIED/407 3882 CONNECT client19.dropbox.com:443 - HIER_NONE/- text/html "-"
     1389733177.437      0 172.17.10.223 TCP_DENIED/407 4603 GET http://watson.microsoft.com/StageOne/PrintIsolationHost_exe/6_1_7600_16385/4a5bd3b1/StackHash_9d2a/6_1_7601_18247/521eaf24/c0000374/00000000000c4102.htm? - HIER_NONE/- text/html "MSDW"
     1389733177.451      0 172.17.10.196 TCP_DENIED/407 3878 CONNECT client7.dropbox.com:443 - HIER_NONE/- text/html "-"
     1389733177.898    452 172.17.10.223 TCP_MISS/200 713 GET http://watson.microsoft.com/StageOne/PrintIsolationHost_exe/6_1_7600_16385/4a5bd3b1/StackHash_9d2a/6_1_7601_18247/521eaf24/c0000374/00000000000c4102.htm? pev014@RK.LOCAL HIER_DIRECT/157.56.141.102 text/html "MSDW"
     1389733178.881      0 172.17.11.196 TCP_DENIED/407 3882 CONNECT client79.dropbox.com:443 - HIER_NONE/- text/html "-"
     1389733178.901      0 172.17.11.196 TCP_DENIED/407 3882 CONNECT client14.dropbox.com:443 - HIER_NONE/- text/html "-"
     1389733179.217      0 172.17.11.27 TCP_DENIED/407 3881 CONNECT client23.dropbox.com:443 - HIER_NONE/- text/html "-"
     1389733179.239      0 172.17.11.27 TCP_DENIED/407 3881 CONNECT client41.dropbox.com:443 - HIER_NONE/- text/html "-"
     1389733179.901      0 172.17.3.228 TCP_DENIED/407 3881 CONNECT client41.dropbox.com:443 - HIER_NONE/- text/html "-"
     1389733179.947      0 172.17.11.141 TCP_DENIED/407 4341 GET http://notify2.dropbox.com/subscribe? - HIER_NONE/- text/html "DropboxDesktopClient/2.0.26 (Windows; 7; i32; ru)"
     1389733179.960      0 172.17.3.228 TCP_DENIED/407 3881 CONNECT client23.dropbox.com:443 - HIER_NONE/- text/html "-"
     1389733180.665     51 172.17.11.27 TCP_MISS/200 445 GET http://vk.com/feed2.php tia001@RK.LOCAL HIER_DIRECT/87.240.131.118 text/plain "Mozilla/5.0 (Windows NT 6.1; WOW64) AppleWebKit/537.36 (KHTML, like Gecko) Chrome/31.0.1650.63 Safari/537.36"
     1389733182.398      0 172.17.12.200 TCP_DENIED/407 3828 CONNECT 157.55.133.139:443 - HIER_NONE/- text/html "-"
     1389733182.536      0 172.17.10.223 TCP_DENIED/407 4603 GET http://watson.microsoft.com/StageOne/PrintIsolationHost_exe/6_1_7600_16385/4a5bd3b1/StackHash_9d2a/6_1_7601_18247/521eaf24/c0000374/00000000000c4102.htm? - HIER_NONE/- text/html "MSDW"
     1389733182.982    436 172.17.10.223 TCP_MISS/200 713 GET http://watson.microsoft.com/StageOne/PrintIsolationHost_exe/6_1_7600_16385/4a5bd3b1/StackHash_9d2a/6_1_7601_18247/521eaf24/c0000374/00000000000c4102.htm? pev014@RK.LOCAL HIER_DIRECT/157.56.141.102 text/html "MSDW"
     1389733185.425      0 172.17.11.46 TCP_DENIED/407 3881 CONNECT client37.dropbox.com:443 - HIER_NONE/- text/html "-"
     1389733185.447      0 172.17.11.46 TCP_DENIED/407 3881 CONNECT client66.dropbox.com:443 - HIER_NONE/- text/html "-"
     1389733186.221  25116 172.17.12.200 TCP_MISS/200 448 POST http://q42.queuev4.vk.com/im035 bav005@RK.LOCAL HIER_DIRECT/87.240.134.43 text/javascript "Mozilla/5.0 (Windows NT 6.1; WOW64) AppleWebKit/537.36 (KHTML, like Gecko) Chrome/28.0.1500.95 YaBrowser/13.10.1500.9323 Safari/537.36"
     1389733186.311      0 172.17.11.199 TCP_DENIED/407 3882 CONNECT client71.dropbox.com:443 - HIER_NONE/- text/html "-"
     1389733187.591      0 172.17.10.223 TCP_DENIED/407 4603 GET http://watson.microsoft.com/StageOne/PrintIsolationHost_exe/6_1_7600_16385/4a5bd3b1/StackHash_9d2a/6_1_7601_18247/521eaf24/c0000374/00000000000c4102.htm? - HIER_NONE/- text/html "MSDW"
     1389733188.278  25084 172.17.10.137 TCP_MISS/200 362 GET http://37.252.232.5/din.aspx? las001@RK.LOCAL HIER_DIRECT/37.252.232.5 application/octet-stream "Mozilla/4.0 (compatible; MSIE 6.0; DynGate)"
     1389733188.378     86 172.17.10.137 TCP_MISS/200 297 GET http://37.252.232.5/dout.aspx? las001@RK.LOCAL HIER_DIRECT/37.252.232.5 - "Mozilla/4.0 (compatible; MSIE 6.0; DynGate)"
     1389733189.604      0 172.17.2.246 TCP_DENIED/407 3853 CONNECT d.dropbox.com:443 - HIER_NONE/- text/html "-"
     1389733189.605      0 172.17.9.61 TCP_DENIED/407 3876 CONNECT client2.dropbox.com:443 - HIER_NONE/- text/html "-"
     1389733189.619      0 172.17.9.61 TCP_DENIED/407 3880 CONNECT client40.dropbox.com:443 - HIER_NONE/- text/html "-"
     1389733189.631      0 172.17.2.246 TCP_DENIED/407 3853 CONNECT d.dropbox.com:443 - HIER_NONE/- text/html "-"
     1389733190.665     51 172.17.11.27 TCP_MISS/200 445 GET http://vk.com/feed2.php tia001@RK.LOCAL HIER_DIRECT/87.240.131.118 text/plain "Mozilla/5.0 (Windows NT 6.1; WOW64) AppleWebKit/537.36 (KHTML, like Gecko) Chrome/31.0.1650.63 Safari/537.36"
     1389733191.127      0 172.17.2.246 TCP_DENIED/407 3881 CONNECT client95.dropbox.com:443 - HIER_NONE/- text/html "-"
     1389733191.156      0 172.17.2.246 TCP_DENIED/407 3881 CONNECT client59.dropbox.com:443 - HIER_NONE/- text/html "-"
     1389733191.172     78 172.17.11.196 TCP_MISS/200 510 GET http://www.odnoklassniki.ru/mapi? alf001@RK.LOCAL HIER_DIRECT/217.20.147.94 application/x-javascript "Mozilla/4.0 (compatible; MSIE 7.0; Windows NT 6.1; Trident/4.0; GTB7.5; SLCC2; .NET CLR 2.0.50727; .NET CLR 3.5.30729; .NET CLR 3.0.30729; Media Center PC 6.0; InfoPath.3; .NET4.0C; .NET4.0E)"
     1389733192.486      0 172.17.10.196 TCP_DENIED/407 3882 CONNECT client91.dropbox.com:443 - HIER_NONE/- text/html "-"
     1389733192.508      0 172.17.10.196 TCP_DENIED/407 3882 CONNECT client60.dropbox.com:443 - HIER_NONE/- text/html "-"
     1389733192.639      0 172.17.10.223 TCP_DENIED/407 4603 GET http://watson.microsoft.com/StageOne/PrintIsolationHost_exe/6_1_7600_16385/4a5bd3b1/StackHash_9d2a/6_1_7601_18247/521eaf24/c0000374/00000000000c4102.htm? - HIER_NONE/- text/html "MSDW"
     1389733193.561      0 172.17.9.85 TCP_DENIED/407 3856 CONNECT uc.fotostrana.ru:8186 - HIER_NONE/- text/html "-"
     1389733193.575      3 172.17.9.85 TCP_DENIED/200 0 CONNECT uc.fotostrana.ru:8186 shi001@RK.LOCAL HIER_NONE/- - "-"
     1389733193.920      0 172.17.11.196 TCP_DENIED/407 3882 CONNECT client32.dropbox.com:443 - HIER_NONE/- text/html "-"
     1389733193.939      0 172.17.11.196 TCP_DENIED/407 3882 CONNECT client69.dropbox.com:443 - HIER_NONE/- text/html "-"
     1389733193.980      0 172.17.11.141 TCP_DENIED/407 4341 GET http://notify2.dropbox.com/subscribe? - HIER_NONE/- text/html "DropboxDesktopClient/2.0.26 (Windows; 7; i32; ru)"
     1389733194.265      0 172.17.11.27 TCP_DENIED/407 3881 CONNECT client75.dropbox.com:443 - HIER_NONE/- text/html "-"
     1389733194.286      0 172.17.11.27 TCP_DENIED/407 3877 CONNECT client9.dropbox.com:443 - HIER_NONE/- text/html "-"
     1389733194.975      0 172.17.3.228 TCP_DENIED/407 3881 CONNECT client96.dropbox.com:443 - HIER_NONE/- text/html "-"
     1389733194.987      0 172.17.3.228 TCP_DENIED/407 3881 CONNECT client51.dropbox.com:443 - HIER_NONE/- text/html "-"
     1389733195.419      0 192.168.44.85 TCP_DENIED/403 5793 GET https://mail.google.com/mail/? ssi002 HIER_NONE/- text/html "Mozilla/5.0 (Windows NT 6.1; rv:26.0) Gecko/20100101 Firefox/26.0"
     1389733197.742      0 172.17.10.223 TCP_DENIED/407 4603 GET http://watson.microsoft.com/StageOne/PrintIsolationHost_exe/6_1_7600_16385/4a5bd3b1/StackHash_9d2a/6_1_7601_18247/521eaf24/c0000374/00000000000c4102.htm? - HIER_NONE/- text/html "MSDW"
     1389733198.184    433 172.17.10.223 TCP_MISS/200 713 GET http://watson.microsoft.com/StageOne/PrintIsolationHost_exe/6_1_7600_16385/4a5bd3b1/StackHash_9d2a/6_1_7601_18247/521eaf24/c0000374/00000000000c4102.htm? pev014@RK.LOCAL HIER_DIRECT/157.56.141.102 text/html "MSDW"
     1389733199.518  11918 172.17.10.223 TCP_MISS/200 713 GET http://watson.microsoft.com/StageOne/PrintIsolationHost_exe/6_1_7600_16385/4a5bd3b1/StackHash_9d2a/6_1_7601_18247/521eaf24/c0000374/00000000000c4102.htm? pev014@RK.LOCAL HIER_DIRECT/157.56.141.102 text/html "MSDW"
     1389733200.478      0 172.17.11.46 TCP_DENIED/407 3881 CONNECT client58.dropbox.com:443 - HIER_NONE/- text/html "-"
     1389733200.500      0 172.17.11.46 TCP_DENIED/407 3881 CONNECT client63.dropbox.com:443 - HIER_NONE/- text/html "-"
     1389733200.669     54 172.17.11.27 TCP_MISS/200 445 GET http://vk.com/feed2.php tia001@RK.LOCAL HIER_DIRECT/87.240.131.118 text/plain "Mozilla/5.0 (Windows NT 6.1; WOW64) AppleWebKit/537.36 (KHTML, like Gecko) Chrome/31.0.1650.63 Safari/537.36"
     1389733201.253  25141 172.17.12.200 TCP_MISS/200 385 POST http://q23.queuev4.vk.com/im035 bav005@RK.LOCAL HIER_DIRECT/87.240.134.120 text/javascript "Mozilla/5.0 (Windows NT 6.1; WOW64) AppleWebKit/537.36 (KHTML, like Gecko) Chrome/28.0.1500.95 YaBrowser/13.10.1500.9323 Safari/537.36"
     1389733201.337      0 172.17.11.199 TCP_DENIED/407 3882 CONNECT client27.dropbox.com:443 - HIER_NONE/- text/html "-"
     1389733201.398      0 172.17.9.64 TCP_DENIED/407 4110 CONNECT plus.google.com:443 - HIER_NONE/- text/html "Mozilla/5.0 (compatible; MSIE 9.0; Windows NT 6.1; WOW64; Trident/5.0)"
     1389733201.649    240 172.17.9.64 NONE/200 0 CONNECT plus.google.com:443 pav025@RK.LOCAL HIER_DIRECT/46.61.155.59 - "Mozilla/5.0 (compatible; MSIE 9.0; Windows NT 6.1; WOW64; Trident/5.0)"
     1389733201.928    268 172.17.9.64 TCP_MISS/200 1571 POST https://plus.google.com/u/0/_/n/bg/fetchcount? pav025@RK.LOCAL PINNED/46.61.155.59 application/json "Mozilla/5.0 (compatible; MSIE 9.0; Windows NT 6.1; WOW64; Trident/5.0)"
     1389733202.800      0 172.17.10.223 TCP_DENIED/407 4603 GET http://watson.microsoft.com/StageOne/PrintIsolationHost_exe/6_1_7600_16385/4a5bd3b1/StackHash_9d2a/6_1_7601_18247/521eaf24/c0000374/00000000000c4102.htm? - HIER_NONE/- text/html "MSDW"
     1389733203.181  10533 172.17.10.223 TCP_MISS/503 647 GET http://watson.microsoft.com/StageOne/PrintIsolationHost_exe/6_1_7600_16385/4a5bd3b1/StackHash_9d2a/6_1_7601_18247/521eaf24/c0000374/00000000000c4102.htm? pev014@RK.LOCAL HIER_DIRECT/157.56.141.102 text/html "MSDW"
     1389733203.265    456 172.17.10.223 TCP_MISS/200 713 GET http://watson.microsoft.com/StageOne/PrintIsolationHost_exe/6_1_7600_16385/4a5bd3b1/StackHash_9d2a/6_1_7601_18247/521eaf24/c0000374/00000000000c4102.htm? pev014@RK.LOCAL HIER_DIRECT/157.56.141.102 text/html "MSDW"
     1389733203.371      0 192.168.44.85 TCP_DENIED/407 4026 CONNECT api.fri-gate.biz:443 - HIER_NONE/- text/html "Mozilla/5.0 (Windows NT 6.1; WOW64) AppleWebKit/537.36 (KHTML, like Gecko) Chrome/31.0.1650.63 Safari/537.36"
     1389733203.420     86 172.17.11.196 TCP_MISS/200 1094 GET http://portal.mail.ru/NaviData? alf001@RK.LOCAL HIER_DIRECT/217.69.139.59 application/x-javascript "Mozilla/4.0 (compatible; MSIE 7.0; Windows NT 6.1; Trident/4.0; GTB7.5; SLCC2; .NET CLR 2.0.50727; .NET CLR 3.5.30729; .NET CLR 3.0.30729; Media Center PC 6.0; InfoPath.3; .NET4.0C; .NET4.0E)"
     1389733203.522     87 172.17.11.196 TCP_MISS/200 850 GET http://mail.ru/? alf001@RK.LOCAL HIER_DIRECT/217.69.139.201 text/html "Mozilla/4.0 (compatible; MSIE 7.0; Windows NT 6.1; Trident/4.0; GTB7.5; SLCC2; .NET CLR 2.0.50727; .NET CLR 3.5.30729; .NET CLR 3.0.30729; Media Center PC 6.0; InfoPath.3; .NET4.0C; .NET4.0E)"
     1389733203.756    369 192.168.44.85 NONE/200 0 CONNECT api.fri-gate.biz:443 pei002@RK.LOCAL HIER_DIRECT/5.79.79.44 - "Mozilla/5.0 (Windows NT 6.1; WOW64) AppleWebKit/537.36 (KHTML, like Gecko) Chrome/31.0.1650.63 Safari/537.36"
     1389733203.860     96 192.168.44.85 TCP_MISS/200 783 POST https://api.fri-gate.biz/aj/frigate/api/geturl.1.4.2_1.html? pei002@RK.LOCAL PINNED/5.79.79.44 text/html "Mozilla/5.0 (Windows NT 6.1; WOW64) AppleWebKit/537.36 (KHTML, like Gecko) Chrome/31.0.1650.63 Safari/537.36"
     1389733204.626      0 172.17.9.61 TCP_DENIED/407 3880 CONNECT client26.dropbox.com:443 - HIER_NONE/- text/html "-"
     1389733204.638      0 172.17.9.61 TCP_DENIED/407 3880 CONNECT client71.dropbox.com:443 - HIER_NONE/- text/html "-"
     1389733206.194      0 172.17.2.246 TCP_DENIED/407 3881 CONNECT client76.dropbox.com:443 - HIER_NONE/- text/html "-"
     1389733206.221      0 172.17.2.246 TCP_DENIED/407 3881 CONNECT client32.dropbox.com:443 - HIER_NONE/- text/html "-"
     1389733207.018      0 172.17.11.141 TCP_DENIED/407 4341 GET http://notify2.dropbox.com/subscribe? - HIER_NONE/- text/html "DropboxDesktopClient/2.0.26 (Windows; 7; i32; ru)"
     1389733207.536      0 172.17.10.196 TCP_DENIED/407 3882 CONNECT client14.dropbox.com:443 - HIER_NONE/- text/html "-"
     1389733207.551      0 172.17.10.196 TCP_DENIED/407 3882 CONNECT client29.dropbox.com:443 - HIER_NONE/- text/html "-"
     1389733207.871      0 172.17.10.223 TCP_DENIED/407 4603 GET http://watson.microsoft.com/StageOne/PrintIsolationHost_exe/6_1_7600_16385/4a5bd3b1/StackHash_9d2a/6_1_7601_18247/521eaf24/c0000374/00000000000c4102.htm? - HIER_NONE/- text/html "MSDW"
     1389733208.958      0 172.17.11.196 TCP_DENIED/407 3882 CONNECT client25.dropbox.com:443 - HIER_NONE/- text/html "-"
     1389733208.978      0 172.17.11.196 TCP_DENIED/407 3882 CONNECT client37.dropbox.com:443 - HIER_NONE/- text/html "-"
     1389733209.313      0 172.17.11.27 TCP_DENIED/407 3881 CONNECT client15.dropbox.com:443 - HIER_NONE/- text/html "-"
     1389733209.335      0 172.17.11.27 TCP_DENIED/407 3881 CONNECT client33.dropbox.com:443 - HIER_NONE/- text/html "-"
     1389733209.422  40059 172.17.12.200 TCP_MISS/200 530 GET https://2-p-04-frc3.channel.facebook.com/pull? bav005@RK.LOCAL PINNED/173.252.107.18 text/plain "Mozilla/5.0 (Windows NT 6.1; WOW64) AppleWebKit/537.36 (KHTML, like Gecko) Chrome/28.0.1500.95 YaBrowser/13.10.1500.9323 Safari/537.36"
     1389733209.946      0 172.17.3.228 TCP_DENIED/407 3853 CONNECT d.dropbox.com:443 - HIER_NONE/- text/html "-"
     1389733209.959      0 172.17.3.228 TCP_DENIED/407 3853 CONNECT d.dropbox.com:443 - HIER_NONE/- text/html "-"
     1389733210.003      0 172.17.3.228 TCP_DENIED/407 3881 CONNECT client31.dropbox.com:443 - HIER_NONE/- text/html "-"
     1389733210.069      0 172.17.3.228 TCP_DENIED/407 3881 CONNECT client25.dropbox.com:443 - HIER_NONE/- text/html "-"
     1389733210.668     52 172.17.11.27 TCP_MISS/200 445 GET http://vk.com/feed2.php tia001@RK.LOCAL HIER_DIRECT/87.240.131.118 text/plain "Mozilla/5.0 (Windows NT 6.1; WOW64) AppleWebKit/537.36 (KHTML, like Gecko) Chrome/31.0.1650.63 Safari/537.36"
     1389733211.434      0 172.17.12.200 TCP_DENIED/407 4161 GET http://whos.amung.us/swidget/07s77zppsr3w/101.ru%20-%20Relaxing - HIER_NONE/- text/html "RadioSure"
     1389733212.103    658 172.17.12.200 TCP_MISS/303 626 GET http://whos.amung.us/swidget/07s77zppsr3w/101.ru%20-%20Relaxing bav005@RK.LOCAL HIER_DIRECT/67.202.94.94 text/html "RadioSure"
     1389733212.264  25115 172.17.12.200 TCP_MISS/200 448 POST http://q42.queuev4.vk.com/im035 bav005@RK.LOCAL HIER_DIRECT/87.240.134.43 text/javascript "Mozilla/5.0 (Windows NT 6.1; WOW64) AppleWebKit/537.36 (KHTML, like Gecko) Chrome/28.0.1500.95 YaBrowser/13.10.1500.9323 Safari/537.36"
     1389733212.481    370 172.17.12.200 TCP_MISS/200 767 GET http://widgets.amung.us/small/61/6162.png bav005@RK.LOCAL HIER_DIRECT/5.63.147.93 image/png "RadioSure"
     1389733212.922      0 172.17.10.223 TCP_DENIED/407 4603 GET http://watson.microsoft.com/StageOne/PrintIsolationHost_exe/6_1_7600_16385/4a5bd3b1/StackHash_9d2a/6_1_7601_18247/521eaf24/c0000374/00000000000c4102.htm? - HIER_NONE/- text/html "MSDW"
     1389733213.472  25084 172.17.10.137 TCP_MISS/200 362 GET http://37.252.232.5/din.aspx? las001@RK.LOCAL HIER_DIRECT/37.252.232.5 application/octet-stream "Mozilla/4.0 (compatible; MSIE 6.0; DynGate)"
     1389733214.009    523 172.17.10.137 TCP_MISS/200 297 GET http://37.252.232.5/dout.aspx? las001@RK.LOCAL HIER_DIRECT/37.252.232.5 - "Mozilla/4.0 (compatible; MSIE 6.0; DynGate)"
     1389733214.556   6677 172.17.10.223 TCP_MISS/200 713 GET http://watson.microsoft.com/StageOne/PrintIsolationHost_exe/6_1_7600_16385/4a5bd3b1/StackHash_9d2a/6_1_7601_18247/521eaf24/c0000374/00000000000c4102.htm? pev014@RK.LOCAL HIER_DIRECT/157.56.141.102 text/html "MSDW"
     1389733214.560      0 172.17.9.85 TCP_DENIED/407 3856 CONNECT uc.fotostrana.ru:8186 - HIER_NONE/- text/html "-"
     1389733214.574      3 172.17.9.85 TCP_DENIED/200 0 CONNECT uc.fotostrana.ru:8186 shi001@RK.LOCAL HIER_NONE/- - "-"
     1389733215.484     93 172.17.3.36 TCP_MISS/200 973 GET http://portal.mail.ru/NaviData? ela001@RK.LOCAL HIER_DIRECT/217.69.139.59 application/x-javascript "Mozilla/5.0 (Windows NT 6.1) AppleWebKit/537.36 (KHTML, like Gecko) Chrome/31.0.1650.63 Safari/537.36"
     1389733215.532      0 172.17.11.46 TCP_DENIED/407 3881 CONNECT client84.dropbox.com:443 - HIER_NONE/- text/html "-"
     1389733215.554      0 172.17.11.46 TCP_DENIED/407 3881 CONNECT client38.dropbox.com:443 - HIER_NONE/- text/html "-"
     1389733216.363      0 172.17.11.199 TCP_DENIED/407 3882 CONNECT client19.dropbox.com:443 - HIER_NONE/- text/html "-"
     1389733218.021      0 172.17.10.223 TCP_DENIED/407 4603 GET http://watson.microsoft.com/StageOne/PrintIsolationHost_exe/6_1_7600_16385/4a5bd3b1/StackHash_9d2a/6_1_7601_18247/521eaf24/c0000374/00000000000c4102.htm? - HIER_NONE/- text/html "MSDW"
     1389733218.493    462 172.17.10.223 TCP_MISS/200 713 GET http://watson.microsoft.com/StageOne/PrintIsolationHost_exe/6_1_7600_16385/4a5bd3b1/StackHash_9d2a/6_1_7601_18247/521eaf24/c0000374/00000000000c4102.htm? pev014@RK.LOCAL HIER_DIRECT/157.56.141.102 text/html "MSDW"
     1389733219.514   6582 172.17.10.223 TCP_MISS/200 713 GET http://watson.microsoft.com/StageOne/PrintIsolationHost_exe/6_1_7600_16385/4a5bd3b1/StackHash_9d2a/6_1_7601_18247/521eaf24/c0000374/00000000000c4102.htm? pev014@RK.LOCAL HIER_DIRECT/157.56.141.102 text/html "MSDW"
     1389733219.649      0 172.17.9.61 TCP_DENIED/407 3880 CONNECT client53.dropbox.com:443 - HIER_NONE/- text/html "-"
     1389733219.661      0 172.17.9.61 TCP_DENIED/407 3880 CONNECT client36.dropbox.com:443 - HIER_NONE/- text/html "-"
     1389733220.668     53 172.17.11.27 TCP_MISS/200 445 GET http://vk.com/feed2.php tia001@RK.LOCAL HIER_DIRECT/87.240.131.118 text/plain "Mozilla/5.0 (Windows NT 6.1; WOW64) AppleWebKit/537.36 (KHTML, like Gecko) Chrome/31.0.1650.63 Safari/537.36"
     1389733221.245      0 172.17.2.246 TCP_DENIED/407 3877 CONNECT client7.dropbox.com:443 - HIER_NONE/- text/html "-"
     1389733221.266      0 172.17.2.246 TCP_DENIED/407 3881 CONNECT client80.dropbox.com:443 - HIER_NONE/- text/html "-"
     1389733222.578      0 172.17.10.196 TCP_DENIED/407 3882 CONNECT client42.dropbox.com:443 - HIER_NONE/- text/html "-"
     1389733222.605      0 172.17.10.196 TCP_DENIED/407 3882 CONNECT client62.dropbox.com:443 - HIER_NONE/- text/html "-"
     1389733223.082      0 172.17.10.223 TCP_DENIED/407 4603 GET http://watson.microsoft.com/StageOne/PrintIsolationHost_exe/6_1_7600_16385/4a5bd3b1/StackHash_9d2a/6_1_7601_18247/521eaf24/c0000374/00000000000c4102.htm? - HIER_NONE/- text/html "MSDW"
     1389733223.996      0 172.17.11.196 TCP_DENIED/407 3882 CONNECT client29.dropbox.com:443 - HIER_NONE/- text/html "-"
     1389733224.016      0 172.17.11.196 TCP_DENIED/407 3882 CONNECT client21.dropbox.com:443 - HIER_NONE/- text/html "-"
     1389733224.358      0 172.17.11.27 TCP_DENIED/407 3881 CONNECT client66.dropbox.com:443 - HIER_NONE/- text/html "-"
     1389733224.379      0 172.17.11.27 TCP_DENIED/407 3881 CONNECT client89.dropbox.com:443 - HIER_NONE/- text/html "-"
     1389733225.055      0 172.17.11.141 TCP_DENIED/407 4341 GET http://notify2.dropbox.com/subscribe? - HIER_NONE/- text/html "DropboxDesktopClient/2.0.26 (Windows; 7; i32; ru)"
     1389733225.085      0 172.17.3.228 TCP_DENIED/407 3881 CONNECT client89.dropbox.com:443 - HIER_NONE/- text/html "-"
     1389733225.097      0 172.17.3.228 TCP_DENIED/407 3881 CONNECT client83.dropbox.com:443 - HIER_NONE/- text/html "-"
     1389733227.245  25092 172.17.12.200 TCP_MISS/200 385 POST http://q23.queuev4.vk.com/im035 bav005@RK.LOCAL HIER_DIRECT/87.240.134.120 text/javascript "Mozilla/5.0 (Windows NT 6.1; WOW64) AppleWebKit/537.36 (KHTML, like Gecko) Chrome/28.0.1500.95 YaBrowser/13.10.1500.9323 Safari/537.36"
     1389733228.138      0 172.17.10.223 TCP_DENIED/407 4603 GET http://watson.microsoft.com/StageOne/PrintIsolationHost_exe/6_1_7600_16385/4a5bd3b1/StackHash_9d2a/6_1_7601_18247/521eaf24/c0000374/00000000000c4102.htm? - HIER_NONE/- text/html "MSDW"
     1389733228.603    456 172.17.10.223 TCP_MISS/200 713 GET http://watson.microsoft.com/StageOne/PrintIsolationHost_exe/6_1_7600_16385/4a5bd3b1/StackHash_9d2a/6_1_7601_18247/521eaf24/c0000374/00000000000c4102.htm? pev014@RK.LOCAL HIER_DIRECT/157.56.141.102 text/html "MSDW"
     1389733230.237   7146 172.17.10.223 TCP_MISS/200 713 GET http://watson.microsoft.com/StageOne/PrintIsolationHost_exe/6_1_7600_16385/4a5bd3b1/StackHash_9d2a/6_1_7601_18247/521eaf24/c0000374/00000000000c4102.htm? pev014@RK.LOCAL HIER_DIRECT/157.56.141.102 text/html "MSDW"
     1389733230.580      0 172.17.11.46 TCP_DENIED/407 3881 CONNECT client31.dropbox.com:443 - HIER_NONE/- text/html "-"
     1389733230.595      0 172.17.11.46 TCP_DENIED/407 3881 CONNECT client75.dropbox.com:443 - HIER_NONE/- text/html "-"
     1389733230.669     52 172.17.11.27 TCP_MISS/200 445 GET http://vk.com/feed2.php tia001@RK.LOCAL HIER_DIRECT/87.240.131.118 text/plain "Mozilla/5.0 (Windows NT 6.1; WOW64) AppleWebKit/537.36 (KHTML, like Gecko) Chrome/31.0.1650.63 Safari/537.36"
     1389733231.390      0 172.17.11.199 TCP_DENIED/407 3882 CONNECT client49.dropbox.com:443 - HIER_NONE/- text/html "-"
     1389733232.379     76 172.17.3.228 TCP_MISS/200 973 GET http://portal.mail.ru/NaviData? psv001@RK.LOCAL HIER_DIRECT/217.69.139.59 application/x-javascript "Mozilla/5.0 (Windows NT 6.1) AppleWebKit/537.36 (KHTML, like Gecko) Chrome/31.0.1650.63 Safari/537.36"
     1389733232.473     83 172.17.3.228 TCP_MISS/200 422 GET http://headline.radar.imgsmail.ru/update? psv001@RK.LOCAL HIER_DIRECT/185.5.137.249 image/gif "Mozilla/5.0 (Windows NT 6.1) AppleWebKit/537.36 (KHTML, like Gecko) Chrome/31.0.1650.63 Safari/537.36"
     1389733232.520    125 172.17.3.228 TCP_MISS/200 831 GET http://mail.ru/? psv001@RK.LOCAL HIER_DIRECT/94.100.180.201 text/html "Mozilla/5.0 (Windows NT 6.1) AppleWebKit/537.36 (KHTML, like Gecko) Chrome/31.0.1650.63 Safari/537.36"
     1389733233.235      0 172.17.10.223 TCP_DENIED/407 4603 GET http://watson.microsoft.com/StageOne/PrintIsolationHost_exe/6_1_7600_16385/4a5bd3b1/StackHash_9d2a/6_1_7601_18247/521eaf24/c0000374/00000000000c4102.htm? - HIER_NONE/- text/html "MSDW"
     1389733233.699    455 172.17.10.223 TCP_MISS/200 713 GET http://watson.microsoft.com/StageOne/PrintIsolationHost_exe/6_1_7600_16385/4a5bd3b1/StackHash_9d2a/6_1_7601_18247/521eaf24/c0000374/00000000000c4102.htm? pev014@RK.LOCAL HIER_DIRECT/157.56.141.102 text/html "MSDW"
     1389733234.014      0 192.168.44.85 TCP_DENIED/407 4054 CONNECT safebrowsing.google.com:443 - HIER_NONE/- text/html "Mozilla/5.0 (Windows NT 6.1; WOW64) AppleWebKit/537.36 (KHTML, like Gecko) Chrome/31.0.1650.63 Safari/537.36"
     1389733234.267    240 192.168.44.85 NONE/200 0 CONNECT safebrowsing.google.com:443 pei002@RK.LOCAL HIER_DIRECT/46.61.155.40 - "Mozilla/5.0 (Windows NT 6.1; WOW64) AppleWebKit/537.36 (KHTML, like Gecko) Chrome/31.0.1650.63 Safari/537.36"
     1389733234.370     91 192.168.44.85 TCP_MISS/200 1447 POST https://safebrowsing.google.com/safebrowsing/downloads? pei002@RK.LOCAL PINNED/46.61.155.40 application/vnd.google.safebrowsing-update "Mozilla/5.0 (Windows NT 6.1; WOW64) AppleWebKit/537.36 (KHTML, like Gecko) Chrome/31.0.1650.63 Safari/537.36"
     1389733234.382      0 192.168.44.85 TCP_DENIED/407 4078 CONNECT safebrowsing-cache.google.com:443 - HIER_NONE/- text/html "Mozilla/5.0 (Windows NT 6.1; WOW64) AppleWebKit/537.36 (KHTML, like Gecko) Chrome/31.0.1650.63 Safari/537.36"
     1389733234.666    271 192.168.44.85 NONE/200 0 CONNECT safebrowsing-cache.google.com:443 pei002@RK.LOCAL HIER_DIRECT/46.61.155.89 - "Mozilla/5.0 (Windows NT 6.1; WOW64) AppleWebKit/537.36 (KHTML, like Gecko) Chrome/31.0.1650.63 Safari/537.36"
     1389733234.675      0 172.17.9.61 TCP_DENIED/407 3880 CONNECT client32.dropbox.com:443 - HIER_NONE/- text/html "-"
     1389733234.677      0 192.168.44.85 TCP_MEM_HIT/200 3712 GET https://safebrowsing-cache.google.com/safebrowsing/rd/ChVnb29nLWJhZGJpbnVybC1zaGF2YXIQARixswEggLQBKg64WQAA____________ATIFsVkAAH8 pei002@RK.LOCAL HIER_NONE/- application/vnd.google.safebrowsing-chunk "Mozilla/5.0 (Windows NT 6.1; WOW64) AppleWebKit/537.36 (KHTML, like Gecko) Chrome/31.0.1650.63 Safari/537.36"
     1389733234.681      0 192.168.44.85 TCP_MEM_HIT/200 2258 GET https://safebrowsing-cache.google.com/safebrowsing/rd/ChVnb29nLWJhZGJpbnVybC1zaGF2YXIQABiNpgEgoKYBKgYTUwAA_z8yBQ1TAAA_ pei002@RK.LOCAL HIER_NONE/- application/vnd.google.safebrowsing-chunk "Mozilla/5.0 (Windows NT 6.1; WOW64) AppleWebKit/537.36 (KHTML, like Gecko) Chrome/31.0.1650.63 Safari/537.36"
     1389733234.685      0 192.168.44.85 TCP_MEM_HIT/200 641 GET https://safebrowsing-cache.google.com/safebrowsing/rd/ChFnb29nLXBoaXNoLXNoYXZhchABGP--CSCAvwkyBX9fAgAD pei002@RK.LOCAL HIER_NONE/- application/vnd.google.safebrowsing-chunk "Mozilla/5.0 (Windows NT 6.1; WOW64) AppleWebKit/537.36 (KHTML, like Gecko) Chrome/31.0.1650.63 Safari/537.36"
     1389733234.687      0 192.168.44.85 TCP_MEM_HIT/200 11959 GET https://safebrowsing-cache.google.com/safebrowsing/rd/ChFnb29nLXBoaXNoLXNoYXZhchAAGKT5EiCo-RIyBaS8BAAf pei002@RK.LOCAL HIER_NONE/- application/vnd.google.safebrowsing-chunk "Mozilla/5.0 (Windows NT 6.1; WOW64) AppleWebKit/537.36 (KHTML, like Gecko) Chrome/31.0.1650.63 Safari/537.36"
     1389733234.688      0 172.17.9.61 TCP_DENIED/407 3880 CONNECT client27.dropbox.com:443 - HIER_NONE/- text/html "-"
     1389733234.693      0 192.168.44.85 TCP_MEM_HIT/200 4690 GET https://safebrowsing-cache.google.com/safebrowsing/rd/ChFnb29nLXBoaXNoLXNoYXZhchAAGKn5EiDQ-RIqCau8BAD_____PzIFqbwEAAM pei002@RK.LOCAL HIER_NONE/- application/vnd.google.safebrowsing-chunk "Mozilla/5.0 (Windows NT 6.1; WOW64) AppleWebKit/537.36 (KHTML, like Gecko) Chrome/31.0.1650.63 Safari/537.36"
     1389733235.275    127 172.17.12.200 TCP_MISS/200 965 GET http://ok-portal.mail.ru/NaviData? bav005@RK.LOCAL HIER_DIRECT/94.100.180.59 application/x-javascript "Mozilla/5.0 (Windows NT 6.1; WOW64) AppleWebKit/537.36 (KHTML, like Gecko) Chrome/28.0.1500.95 YaBrowser/13.10.1500.9323 Safari/537.36"
     1389733235.561      0 172.17.9.85 TCP_DENIED/407 3856 CONNECT uc.fotostrana.ru:8186 - HIER_NONE/- text/html "-"
     1389733235.579      6 172.17.9.85 TCP_DENIED/200 0 CONNECT uc.fotostrana.ru:8186 shi001@RK.LOCAL HIER_NONE/- - "-"
     1389733235.845      0 172.17.11.141 TCP_DENIED/407 3882 CONNECT client42.dropbox.com:443 - HIER_NONE/- text/html "-"
     1389733235.868      0 172.17.11.141 TCP_DENIED/407 3882 CONNECT client58.dropbox.com:443 - HIER_NONE/- text/html "-"
     1389733236.297      0 172.17.2.246 TCP_DENIED/407 3881 CONNECT client72.dropbox.com:443 - HIER_NONE/- text/html "-"
     1389733236.319      0 172.17.2.246 TCP_DENIED/407 3881 CONNECT client88.dropbox.com:443 - HIER_NONE/- text/html "-"
     1389733237.636      0 172.17.10.196 TCP_DENIED/407 3882 CONNECT client89.dropbox.com:443 - HIER_NONE/- text/html "-"
     1389733237.657      0 172.17.10.196 TCP_DENIED/407 3882 CONNECT client80.dropbox.com:443 - HIER_NONE/- text/html "-"
     1389733238.272  25124 172.17.12.200 TCP_MISS/200 448 POST http://q42.queuev4.vk.com/im035 bav005@RK.LOCAL HIER_DIRECT/87.240.134.43 text/javascript "Mozilla/5.0 (Windows NT 6.1; WOW64) AppleWebKit/537.36 (KHTML, like Gecko) Chrome/28.0.1500.95 YaBrowser/13.10.1500.9323 Safari/537.36"
     1389733238.307      0 172.17.10.223 TCP_DENIED/407 4603 GET http://watson.microsoft.com/StageOne/PrintIsolationHost_exe/6_1_7600_16385/4a5bd3b1/StackHash_9d2a/6_1_7601_18247/521eaf24/c0000374/00000000000c4102.htm? - HIER_NONE/- text/html "MSDW"
     1389733238.786    470 172.17.10.223 TCP_MISS/200 713 GET http://watson.microsoft.com/StageOne/PrintIsolationHost_exe/6_1_7600_16385/4a5bd3b1/StackHash_9d2a/6_1_7601_18247/521eaf24/c0000374/00000000000c4102.htm? pev014@RK.LOCAL HIER_DIRECT/157.56.141.102 text/html "MSDW"
     1389733239.034      0 172.17.11.196 TCP_DENIED/407 3882 CONNECT client47.dropbox.com:443 - HIER_NONE/- text/html "-"
     1389733239.054      0 172.17.11.196 TCP_DENIED/407 3882 CONNECT client11.dropbox.com:443 - HIER_NONE/- text/html "-"
     1389733239.103  25083 172.17.10.137 TCP_MISS/200 362 GET http://37.252.232.5/din.aspx? las001@RK.LOCAL HIER_DIRECT/37.252.232.5 application/octet-stream "Mozilla/4.0 (compatible; MSIE 6.0; DynGate)"
     1389733239.202     84 172.17.10.137 TCP_MISS/200 297 GET http://37.252.232.5/dout.aspx? las001@RK.LOCAL HIER_DIRECT/37.252.232.5 - "Mozilla/4.0 (compatible; MSIE 6.0; DynGate)"
     1389733239.406      0 172.17.11.27 TCP_DENIED/407 3881 CONNECT client13.dropbox.com:443 - HIER_NONE/- text/html "-"
     1389733239.428      0 172.17.11.27 TCP_DENIED/407 3881 CONNECT client47.dropbox.com:443 - HIER_NONE/- text/html "-"
     1389733240.113      0 172.17.3.228 TCP_DENIED/407 3881 CONNECT client95.dropbox.com:443 - HIER_NONE/- text/html "-"
     1389733240.166      0 172.17.3.228 TCP_DENIED/407 3881 CONNECT client63.dropbox.com:443 - HIER_NONE/- text/html "-"
     1389733240.669     51 172.17.11.27 TCP_MISS/200 445 GET http://vk.com/feed2.php tia001@RK.LOCAL HIER_DIRECT/87.240.131.118 text/plain "Mozilla/5.0 (Windows NT 6.1; WOW64) AppleWebKit/537.36 (KHTML, like Gecko) Chrome/31.0.1650.63 Safari/537.36"
     1389733241.409      0 172.17.12.200 TCP_DENIED/407 3828 CONNECT 157.55.133.143:443 - HIER_NONE/- text/html "-"
     1389733242.093      0 172.17.11.141 TCP_DENIED/407 4341 GET http://notify2.dropbox.com/subscribe? - HIER_NONE/- text/html "DropboxDesktopClient/2.0.26 (Windows; 7; i32; ru)"
     1389733242.933      0 172.17.11.196 TCP_DENIED/407 3854 CONNECT d.dropbox.com:443 - HIER_NONE/- text/html "-"
     1389733242.952      0 172.17.11.196 TCP_DENIED/407 3854 CONNECT d.dropbox.com:443 - HIER_NONE/- text/html "-"
     1389733243.387      0 172.17.10.223 TCP_DENIED/407 4603 GET http://watson.microsoft.com/StageOne/PrintIsolationHost_exe/6_1_7600_16385/4a5bd3b1/StackHash_9d2a/6_1_7601_18247/521eaf24/c0000374/00000000000c4102.htm? - HIER_NONE/- text/html "MSDW"
     1389733244.206   5057 172.17.12.200 TCP_MISS/200 479 POST http://q42.queuev4.vk.com/im035 bav005@RK.LOCAL HIER_DIRECT/87.240.134.43 text/javascript "Mozilla/5.0 (Windows NT 6.1; WOW64) AppleWebKit/537.36 (KHTML, like Gecko) Chrome/28.0.1500.95 YaBrowser/13.10.1500.9323 Safari/537.36"
     1389733245.624      0 172.17.11.46 TCP_DENIED/407 3881 CONNECT client71.dropbox.com:443 - HIER_NONE/- text/html "-"
     1389733245.646      0 172.17.11.46 TCP_DENIED/407 3881 CONNECT client32.dropbox.com:443 - HIER_NONE/- text/html "-"
     1389733246.416      0 172.17.11.199 TCP_DENIED/407 3882 CONNECT client65.dropbox.com:443 - HIER_NONE/- text/html "-"
     1389733247.858     94 172.17.12.218 TCP_MISS/000 0 GET https://syndication.twitter.com/widgets/timelines/paged/401444136647024640? uav001@RK.LOCAL PINNED/199.16.156.201 - "Mozilla/5.0 (Windows NT 6.1; WOW64) AppleWebKit/537.36 (KHTML, like Gecko) Chrome/31.0.1650.57 Safari/537.36 OPR/18.0.1284.49 (Edition RMV)"
     1389733247.873      0 172.17.12.218 TCP_DENIED/407 4093 CONNECT syndication.twitter.com:443 - HIER_NONE/- text/html "Mozilla/5.0 (Windows NT 6.1; WOW64) AppleWebKit/537.36 (KHTML, like Gecko) Chrome/31.0.1650.57 Safari/537.36 OPR/18.0.1284.49 (Edition RMV)"
     1389733248.433      0 172.17.10.223 TCP_DENIED/407 4603 GET http://watson.microsoft.com/StageOne/PrintIsolationHost_exe/6_1_7600_16385/4a5bd3b1/StackHash_9d2a/6_1_7601_18247/521eaf24/c0000374/00000000000c4102.htm? - HIER_NONE/- text/html "MSDW"
     1389733248.693    801 172.17.12.218 NONE/200 0 CONNECT syndication.twitter.com:443 uav001@RK.LOCAL HIER_DIRECT/199.16.156.201 - "Mozilla/5.0 (Windows NT 6.1; WOW64) AppleWebKit/537.36 (KHTML, like Gecko) Chrome/31.0.1650.57 Safari/537.36 OPR/18.0.1284.49 (Edition RMV)"
     1389733248.882    439 172.17.10.223 TCP_MISS/200 713 GET http://watson.microsoft.com/StageOne/PrintIsolationHost_exe/6_1_7600_16385/4a5bd3b1/StackHash_9d2a/6_1_7601_18247/521eaf24/c0000374/00000000000c4102.htm? pev014@RK.LOCAL HIER_DIRECT/157.56.141.102 text/html "MSDW"
     1389733248.936      0 172.17.10.196 TCP_DENIED/407 3854 CONNECT d.dropbox.com:443 - HIER_NONE/- text/html "-"
     1389733248.958      0 172.17.10.196 TCP_DENIED/407 3854 CONNECT d.dropbox.com:443 - HIER_NONE/- text/html "-"
     1389733249.026    322 172.17.12.218 TCP_MISS/200 1550 GET https://syndication.twitter.com/widgets/timelines/paged/401444136647024640? uav001@RK.LOCAL PINNED/199.16.156.201 application/javascript "Mozilla/5.0 (Windows NT 6.1; WOW64) AppleWebKit/537.36 (KHTML, like Gecko) Chrome/31.0.1650.57 Safari/537.36 OPR/18.0.1284.49 (Edition RMV)"
     1389733249.398  39969 172.17.12.200 TCP_MISS/200 530 GET https://2-p-04-frc3.channel.facebook.com/pull? bav005@RK.LOCAL PINNED/173.252.107.18 text/plain "Mozilla/5.0 (Windows NT 6.1; WOW64) AppleWebKit/537.36 (KHTML, like Gecko) Chrome/28.0.1500.95 YaBrowser/13.10.1500.9323 Safari/537.36"
     1389733249.710      0 172.17.9.61 TCP_DENIED/407 3880 CONNECT client60.dropbox.com:443 - HIER_NONE/- text/html "-"
     1389733249.723      0 172.17.9.61 TCP_DENIED/407 3876 CONNECT client8.dropbox.com:443 - HIER_NONE/- text/html "-"
     1389733250.115      0 172.17.2.246 TCP_DENIED/407 3881 CONNECT client87.dropbox.com:443 - HIER_NONE/- text/html "-"
     1389733250.142      0 172.17.2.246 TCP_DENIED/407 3877 CONNECT client2.dropbox.com:443 - HIER_NONE/- text/html "-"
     1389733250.669     51 172.17.11.27 TCP_MISS/200 445 GET http://vk.com/feed2.php tia001@RK.LOCAL HIER_DIRECT/87.240.131.118 text/plain "Mozilla/5.0 (Windows NT 6.1; WOW64) AppleWebKit/537.36 (KHTML, like Gecko) Chrome/31.0.1650.63 Safari/537.36"
     1389733251.351      0 172.17.2.246 TCP_DENIED/407 3881 CONNECT client93.dropbox.com:443 - HIER_NONE/- text/html "-"
     1389733251.371      0 172.17.2.246 TCP_DENIED/407 3877 CONNECT client8.dropbox.com:443 - HIER_NONE/- text/html "-"
     1389733252.697      0 172.17.10.196 TCP_DENIED/407 3882 CONNECT client57.dropbox.com:443 - HIER_NONE/- text/html "-"
     1389733252.719      0 172.17.10.196 TCP_DENIED/407 3882 CONNECT client73.dropbox.com:443 - HIER_NONE/- text/html "-"
     1389733253.245  25093 172.17.12.200 TCP_MISS/200 385 POST http://q23.queuev4.vk.com/im035 bav005@RK.LOCAL HIER_DIRECT/87.240.134.120 text/javascript "Mozilla/5.0 (Windows NT 6.1; WOW64) AppleWebKit/537.36 (KHTML, like Gecko) Chrome/28.0.1500.95 YaBrowser/13.10.1500.9323 Safari/537.36"
     1389733254.073      0 172.17.11.196 TCP_DENIED/407 3882 CONNECT client22.dropbox.com:443 - HIER_NONE/- text/html "-"
     1389733254.092      0 172.17.11.196 TCP_DENIED/407 3882 CONNECT client26.dropbox.com:443 - HIER_NONE/- text/html "-"
     1389733254.451      0 172.17.11.27 TCP_DENIED/407 3881 CONNECT client29.dropbox.com:443 - HIER_NONE/- text/html "-"
     1389733254.475      0 172.17.11.27 TCP_DENIED/407 3881 CONNECT client83.dropbox.com:443 - HIER_NONE/- text/html "-"
     1389733255.181      0 172.17.3.228 TCP_DENIED/407 3881 CONNECT client35.dropbox.com:443 - HIER_NONE/- text/html "-"
     1389733255.194      0 172.17.3.228 TCP_DENIED/407 3881 CONNECT client32.dropbox.com:443 - HIER_NONE/- text/html "-"
     1389733255.650    216 192.168.44.85 NONE/200 0 CONNECT mail.google.com:443 ssi002 HIER_DIRECT/173.194.32.150 - "Mozilla/5.0 (Windows NT 6.1; rv:26.0) Gecko/20100101 Firefox/26.0"
1389733255.651    216 192.168.44.85 NONE/200 0 CONNECT mail.google.com:443 ssi002 HIER_DIRECT/173.194.32.150 -
     1389733255.792    130 192.168.44.85 TCP_MISS/302 834 GET https://mail.google.com/mail/? ssi002 PINNED/173.194.32.150 text/html "Mozilla/5.0 (Windows NT 6.1; rv:26.0) Gecko/20100101 Firefox/26.0"
1389733255.792    130 192.168.44.85 TCP_MISS/302 834 GET https://mail.google.com/mail/? ssi002 PINNED/173.194.32.150 text/html
     1389733256.138      0 172.17.11.141 TCP_DENIED/407 4341 GET http://notify2.dropbox.com/subscribe? - HIER_NONE/- text/html "DropboxDesktopClient/2.0.26 (Windows; 7; i32; ru)"
     1389733256.166    364 192.168.44.85 TCP_MISS/200 14326 GET https://mail.google.com/mail/h/9ky842ofnn8j/? ssi002 PINNED/173.194.32.150 text/html "Mozilla/5.0 (Windows NT 6.1; rv:26.0) Gecko/20100101 Firefox/26.0"
1389733256.166    364 192.168.44.85 TCP_MISS/200 14326 GET https://mail.google.com/mail/h/9ky842ofnn8j/? ssi002 PINNED/173.194.32.150 text/html
     1389733256.523      0 172.17.10.223 TCP_DENIED/407 4603 GET http://watson.microsoft.com/StageOne/PrintIsolationHost_exe/6_1_7600_16385/4a5bd3b1/StackHash_9d2a/6_1_7601_18247/521eaf24/c0000374/00000000000c4102.htm? - HIER_NONE/- text/html "MSDW"
     1389733256.561      0 172.17.9.85 TCP_DENIED/407 3856 CONNECT uc.fotostrana.ru:8186 - HIER_NONE/- text/html "-"
     1389733256.578      6 172.17.9.85 TCP_DENIED/200 0 CONNECT uc.fotostrana.ru:8186 shi001@RK.LOCAL HIER_NONE/- - "-"
     1389733258.607      0 172.17.10.223 TCP_DENIED/407 4603 GET http://watson.microsoft.com/StageOne/PrintIsolationHost_exe/6_1_7600_16385/4a5bd3b1/StackHash_9d2a/6_1_7601_18247/521eaf24/c0000374/00000000000c4102.htm? - HIER_NONE/- text/html "MSDW"
     1389733259.075    459 172.17.10.223 TCP_MISS/200 713 GET http://watson.microsoft.com/StageOne/PrintIsolationHost_exe/6_1_7600_16385/4a5bd3b1/StackHash_9d2a/6_1_7601_18247/521eaf24/c0000374/00000000000c4102.htm? pev014@RK.LOCAL HIER_DIRECT/157.56.141.102 text/html "MSDW"
     1389733260.160  16765 172.17.10.223 TCP_MISS/200 713 GET http://watson.microsoft.com/StageOne/PrintIsolationHost_exe/6_1_7600_16385/4a5bd3b1/StackHash_9d2a/6_1_7601_18247/521eaf24/c0000374/00000000000c4102.htm? pev014@RK.LOCAL HIER_DIRECT/157.56.141.102 text/html "MSDW"
     1389733260.671     52 172.17.11.27 TCP_MISS/200 445 GET http://vk.com/feed2.php tia001@RK.LOCAL HIER_DIRECT/87.240.131.118 text/plain "Mozilla/5.0 (Windows NT 6.1; WOW64) AppleWebKit/537.36 (KHTML, like Gecko) Chrome/31.0.1650.63 Safari/537.36"
     1389733260.678      0 172.17.11.46 TCP_DENIED/407 3881 CONNECT client85.dropbox.com:443 - HIER_NONE/- text/html "-"
     1389733260.700      0 172.17.11.46 TCP_DENIED/407 3881 CONNECT client89.dropbox.com:443 - HIER_NONE/- text/html "-"
     1389733261.443      0 172.17.11.199 TCP_DENIED/407 3882 CONNECT client22.dropbox.com:443 - HIER_NONE/- text/html "-"
     1389733263.444     95 172.17.11.196 TCP_MISS/200 1094 GET http://portal.mail.ru/NaviData? alf001@RK.LOCAL HIER_DIRECT/217.69.139.58 application/x-javascript "Mozilla/4.0 (compatible; MSIE 7.0; Windows NT 6.1; Trident/4.0; GTB7.5; SLCC2; .NET CLR 2.0.50727; .NET CLR 3.5.30729; .NET CLR 3.0.30729; Media Center PC 6.0; InfoPath.3; .NET4.0C; .NET4.0E)"
     1389733263.544     86 172.17.11.196 TCP_MISS/200 850 GET http://mail.ru/? alf001@RK.LOCAL HIER_DIRECT/94.100.180.201 text/html "Mozilla/4.0 (compatible; MSIE 7.0; Windows NT 6.1; Trident/4.0; GTB7.5; SLCC2; .NET CLR 2.0.50727; .NET CLR 3.5.30729; .NET CLR 3.0.30729; Media Center PC 6.0; InfoPath.3; .NET4.0C; .NET4.0E)"
     1389733263.691      0 172.17.10.223 TCP_DENIED/407 4603 GET http://watson.microsoft.com/StageOne/PrintIsolationHost_exe/6_1_7600_16385/4a5bd3b1/StackHash_9d2a/6_1_7601_18247/521eaf24/c0000374/00000000000c4102.htm? - HIER_NONE/- text/html "MSDW"
     1389733264.298  25085 172.17.10.137 TCP_MISS/200 362 GET http://37.252.232.5/din.aspx? las001@RK.LOCAL HIER_DIRECT/37.252.232.5 application/octet-stream "Mozilla/4.0 (compatible; MSIE 6.0; DynGate)"
     1389733264.397     84 172.17.10.137 TCP_MISS/200 297 GET http://37.252.232.5/dout.aspx? las001@RK.LOCAL HIER_DIRECT/37.252.232.5 - "Mozilla/4.0 (compatible; MSIE 6.0; DynGate)"
     1389733264.733      0 172.17.9.61 TCP_DENIED/407 3880 CONNECT client83.dropbox.com:443 - HIER_NONE/- text/html "-"
     1389733264.746      0 172.17.9.61 TCP_DENIED/407 3880 CONNECT client43.dropbox.com:443 - HIER_NONE/- text/html "-"
     1389733265.588   9050 172.17.10.223 TCP_MISS/503 647 GET http://watson.microsoft.com/StageOne/PrintIsolationHost_exe/6_1_7600_16385/4a5bd3b1/StackHash_9d2a/6_1_7601_18247/521eaf24/c0000374/00000000000c4102.htm? pev014@RK.LOCAL HIER_DIRECT/157.56.141.102 text/html "MSDW"
     1389733266.398      0 172.17.2.246 TCP_DENIED/407 3881 CONNECT client12.dropbox.com:443 - HIER_NONE/- text/html "-"
     1389733266.428      0 172.17.2.246 TCP_DENIED/407 3881 CONNECT client96.dropbox.com:443 - HIER_NONE/- text/html "-"
     1389733266.492      0 172.17.3.228 TCP_DENIED/407 4042 CONNECT safebrowsing.google.com:443 - HIER_NONE/- text/html "Mozilla/5.0 (Windows NT 6.1) AppleWebKit/537.36 (KHTML, like Gecko) Chrome/31.0.1650.63 Safari/537.36"
     1389733266.676    175 172.17.3.228 NONE/200 0 CONNECT safebrowsing.google.com:443 psv001@RK.LOCAL HIER_DIRECT/46.61.155.40 - "Mozilla/5.0 (Windows NT 6.1) AppleWebKit/537.36 (KHTML, like Gecko) Chrome/31.0.1650.63 Safari/537.36"
     1389733266.779     94 172.17.3.228 TCP_MISS/200 1447 POST https://safebrowsing.google.com/safebrowsing/downloads? psv001@RK.LOCAL PINNED/46.61.155.40 application/vnd.google.safebrowsing-update "Mozilla/5.0 (Windows NT 6.1) AppleWebKit/537.36 (KHTML, like Gecko) Chrome/31.0.1650.63 Safari/537.36"
     1389733266.786      0 172.17.3.228 TCP_DENIED/407 4066 CONNECT safebrowsing-cache.google.com:443 - HIER_NONE/- text/html "Mozilla/5.0 (Windows NT 6.1) AppleWebKit/537.36 (KHTML, like Gecko) Chrome/31.0.1650.63 Safari/537.36"
     1389733267.000    208 172.17.3.228 NONE/200 0 CONNECT safebrowsing-cache.google.com:443 psv001@RK.LOCAL HIER_DIRECT/46.61.155.89 - "Mozilla/5.0 (Windows NT 6.1) AppleWebKit/537.36 (KHTML, like Gecko) Chrome/31.0.1650.63 Safari/537.36"
     1389733267.010      0 172.17.3.228 TCP_MEM_HIT/200 3712 GET https://safebrowsing-cache.google.com/safebrowsing/rd/ChVnb29nLWJhZGJpbnVybC1zaGF2YXIQARixswEggLQBKg64WQAA____________ATIFsVkAAH8 psv001@RK.LOCAL HIER_NONE/- application/vnd.google.safebrowsing-chunk "Mozilla/5.0 (Windows NT 6.1) AppleWebKit/537.36 (KHTML, like Gecko) Chrome/31.0.1650.63 Safari/537.36"
     1389733267.012      0 172.17.3.228 TCP_MEM_HIT/200 2258 GET https://safebrowsing-cache.google.com/safebrowsing/rd/ChVnb29nLWJhZGJpbnVybC1zaGF2YXIQABiNpgEgoKYBKgYTUwAA_z8yBQ1TAAA_ psv001@RK.LOCAL HIER_NONE/- application/vnd.google.safebrowsing-chunk "Mozilla/5.0 (Windows NT 6.1) AppleWebKit/537.36 (KHTML, like Gecko) Chrome/31.0.1650.63 Safari/537.36"
     1389733267.014      0 172.17.3.228 TCP_MEM_HIT/200 641 GET https://safebrowsing-cache.google.com/safebrowsing/rd/ChFnb29nLXBoaXNoLXNoYXZhchABGP--CSCAvwkyBX9fAgAD psv001@RK.LOCAL HIER_NONE/- application/vnd.google.safebrowsing-chunk "Mozilla/5.0 (Windows NT 6.1) AppleWebKit/537.36 (KHTML, like Gecko) Chrome/31.0.1650.63 Safari/537.36"
     1389733267.016      0 172.17.3.228 TCP_MEM_HIT/200 11959 GET https://safebrowsing-cache.google.com/safebrowsing/rd/ChFnb29nLXBoaXNoLXNoYXZhchAAGKT5EiCo-RIyBaS8BAAf psv001@RK.LOCAL HIER_NONE/- application/vnd.google.safebrowsing-chunk "Mozilla/5.0 (Windows NT 6.1) AppleWebKit/537.36 (KHTML, like Gecko) Chrome/31.0.1650.63 Safari/537.36"
     1389733267.020      0 172.17.3.228 TCP_MEM_HIT/200 4690 GET https://safebrowsing-cache.google.com/safebrowsing/rd/ChFnb29nLXBoaXNoLXNoYXZhchAAGKn5EiDQ-RIqCau8BAD_____PzIFqbwEAAM psv001@RK.LOCAL HIER_NONE/- application/vnd.google.safebrowsing-chunk "Mozilla/5.0 (Windows NT 6.1) AppleWebKit/537.36 (KHTML, like Gecko) Chrome/31.0.1650.63 Safari/537.36"
     1389733267.744      0 172.17.10.196 TCP_DENIED/407 3882 CONNECT client71.dropbox.com:443 - HIER_NONE/- text/html "-"
     1389733267.764      0 172.17.10.196 TCP_DENIED/407 3882 CONNECT client31.dropbox.com:443 - HIER_NONE/- text/html "-"
     1389733268.733      0 172.17.10.223 TCP_DENIED/407 4603 GET http://watson.microsoft.com/StageOne/PrintIsolationHost_exe/6_1_7600_16385/4a5bd3b1/StackHash_9d2a/6_1_7601_18247/521eaf24/c0000374/00000000000c4102.htm? - HIER_NONE/- text/html "MSDW"
     1389733269.005   5305 172.17.10.223 TCP_MISS/503 647 GET http://watson.microsoft.com/StageOne/PrintIsolationHost_exe/6_1_7600_16385/4a5bd3b1/StackHash_9d2a/6_1_7601_18247/521eaf24/c0000374/00000000000c4102.htm? pev014@RK.LOCAL HIER_DIRECT/157.56.141.102 text/html "MSDW"
     1389733269.110      0 172.17.11.196 TCP_DENIED/407 3882 CONNECT client40.dropbox.com:443 - HIER_NONE/- text/html "-"
     1389733269.130      0 172.17.11.196 TCP_DENIED/407 3882 CONNECT client87.dropbox.com:443 - HIER_NONE/- text/html "-"
     1389733269.202    461 172.17.10.223 TCP_MISS/200 713 GET http://watson.microsoft.com/StageOne/PrintIsolationHost_exe/6_1_7600_16385/4a5bd3b1/StackHash_9d2a/6_1_7601_18247/521eaf24/c0000374/00000000000c4102.htm? pev014@RK.LOCAL HIER_DIRECT/157.56.141.102 text/html "MSDW"
     1389733269.501      0 172.17.11.27 TCP_DENIED/407 3881 CONNECT client43.dropbox.com:443 - HIER_NONE/- text/html "-"
     1389733269.520      0 172.17.11.27 TCP_DENIED/407 3881 CONNECT client22.dropbox.com:443 - HIER_NONE/- text/html "-"
     1389733270.210      0 172.17.3.228 TCP_DENIED/407 3881 CONNECT client61.dropbox.com:443 - HIER_NONE/- text/html "-"
     1389733270.264  25117 172.17.12.200 TCP_MISS/200 448 POST http://q42.queuev4.vk.com/im035 bav005@RK.LOCAL HIER_DIRECT/87.240.134.43 text/javascript "Mozilla/5.0 (Windows NT 6.1; WOW64) AppleWebKit/537.36 (KHTML, like Gecko) Chrome/28.0.1500.95 YaBrowser/13.10.1500.9323 Safari/537.36"
     1389733270.267      0 172.17.3.228 TCP_DENIED/407 3877 CONNECT client6.dropbox.com:443 - HIER_NONE/- text/html "-"
     1389733270.671     52 172.17.11.27 TCP_MISS/200 445 GET http://vk.com/feed2.php tia001@RK.LOCAL HIER_DIRECT/87.240.131.118 text/plain "Mozilla/5.0 (Windows NT 6.1; WOW64) AppleWebKit/537.36 (KHTML, like Gecko) Chrome/31.0.1650.63 Safari/537.36"
     1389733271.259      0 192.168.44.85 NONE/400 4112 CONNECT 10.33.64.138:0 - HIER_NONE/- text/html "-"
     1389733271.729      0 172.17.12.88 TCP_DENIED/407 4897 GET http://oauth.vk.com/oauth/authorize? - HIER_NONE/- text/html "Mozilla/5.0 (Windows NT 6.1; rv:26.0) Gecko/20100101 Firefox/26.0"
     1389733271.856    107 172.17.12.88 TCP_MISS/200 2782 GET http://oauth.vk.com/oauth/authorize? mdg001@RK.LOCAL HIER_DIRECT/87.240.131.99 text/html "Mozilla/5.0 (Windows NT 6.1; rv:26.0) Gecko/20100101 Firefox/26.0"
     1389733271.932     55 172.17.12.88 TCP_MISS/200 2499 GET http://oauth.vk.com/oauth/authorize? mdg001@RK.LOCAL HIER_DIRECT/87.240.131.99 text/html "Mozilla/5.0 (Windows NT 6.1; rv:26.0) Gecko/20100101 Firefox/26.0"
     1389733273.836      0 172.17.10.223 TCP_DENIED/407 4603 GET http://watson.microsoft.com/StageOne/PrintIsolationHost_exe/6_1_7600_16385/4a5bd3b1/StackHash_9d2a/6_1_7601_18247/521eaf24/c0000374/00000000000c4102.htm? - HIER_NONE/- text/html "MSDW"
     1389733274.175      0 172.17.11.141 TCP_DENIED/407 4341 GET http://notify2.dropbox.com/subscribe? - HIER_NONE/- text/html "DropboxDesktopClient/2.0.26 (Windows; 7; i32; ru)"
     1389733274.310    466 172.17.10.223 TCP_MISS/200 713 GET http://watson.microsoft.com/StageOne/PrintIsolationHost_exe/6_1_7600_16385/4a5bd3b1/StackHash_9d2a/6_1_7601_18247/521eaf24/c0000374/00000000000c4102.htm? pev014@RK.LOCAL HIER_DIRECT/157.56.141.102 text/html "MSDW"
     1389733275.467     81 172.17.3.36 TCP_MISS/200 973 GET http://portal.mail.ru/NaviData? ela001@RK.LOCAL HIER_DIRECT/217.69.139.58 application/x-javascript "Mozilla/5.0 (Windows NT 6.1) AppleWebKit/537.36 (KHTML, like Gecko) Chrome/31.0.1650.63 Safari/537.36"
     1389733275.732      0 172.17.11.46 TCP_DENIED/407 3881 CONNECT client17.dropbox.com:443 - HIER_NONE/- text/html "-"
     1389733275.754      0 172.17.11.46 TCP_DENIED/407 3881 CONNECT client91.dropbox.com:443 - HIER_NONE/- text/html "-"
     1389733276.468      0 172.17.11.199 TCP_DENIED/407 3882 CONNECT client40.dropbox.com:443 - HIER_NONE/- text/html "-"
     1389733277.561      0 172.17.9.85 TCP_DENIED/407 3856 CONNECT uc.fotostrana.ru:8186 - HIER_NONE/- text/html "-"
     1389733277.579      6 172.17.9.85 TCP_DENIED/200 0 CONNECT uc.fotostrana.ru:8186 shi001@RK.LOCAL HIER_NONE/- - "-"
     1389733278.899      0 172.17.10.223 TCP_DENIED/407 4603 GET http://watson.microsoft.com/StageOne/PrintIsolationHost_exe/6_1_7600_16385/4a5bd3b1/StackHash_9d2a/6_1_7601_18247/521eaf24/c0000374/00000000000c4102.htm? - HIER_NONE/- text/html "MSDW"
     1389733279.159      0 172.17.9.85 TCP_DENIED/407 3798 CONNECT clients3.google.com:443 - HIER_NONE/- text/html "-"
     1389733279.216  25063 172.17.12.200 TCP_MISS/200 385 POST http://q23.queuev4.vk.com/im035 bav005@RK.LOCAL HIER_DIRECT/87.240.134.120 text/javascript "Mozilla/5.0 (Windows NT 6.1; WOW64) AppleWebKit/537.36 (KHTML, like Gecko) Chrome/28.0.1500.95 YaBrowser/13.10.1500.9323 Safari/537.36"
     1389733279.346    439 172.17.10.223 TCP_MISS/200 713 GET http://watson.microsoft.com/StageOne/PrintIsolationHost_exe/6_1_7600_16385/4a5bd3b1/StackHash_9d2a/6_1_7601_18247/521eaf24/c0000374/00000000000c4102.htm? pev014@RK.LOCAL HIER_DIRECT/157.56.141.102 text/html "MSDW"
     1389733279.761      0 172.17.9.61 TCP_DENIED/407 3880 CONNECT client23.dropbox.com:443 - HIER_NONE/- text/html "-"
     1389733279.781      0 172.17.9.61 TCP_DENIED/407 3880 CONNECT client10.dropbox.com:443 - HIER_NONE/- text/html "-"
     1389733280.672     51 172.17.11.27 TCP_MISS/200 445 GET http://vk.com/feed2.php tia001@RK.LOCAL HIER_DIRECT/87.240.131.118 text/plain "Mozilla/5.0 (Windows NT 6.1; WOW64) AppleWebKit/537.36 (KHTML, like Gecko) Chrome/31.0.1650.63 Safari/537.36"
     1389733280.790      0 172.17.11.27 TCP_DENIED/407 3853 CONNECT d.dropbox.com:443 - HIER_NONE/- text/html "-"
     1389733280.811      0 172.17.11.27 TCP_DENIED/407 3853 CONNECT d.dropbox.com:443 - HIER_NONE/- text/html "-"
     1389733281.450      0 172.17.2.246 TCP_DENIED/407 3881 CONNECT client86.dropbox.com:443 - HIER_NONE/- text/html "-"
     1389733281.473      0 172.17.2.246 TCP_DENIED/407 3881 CONNECT client15.dropbox.com:443 - HIER_NONE/- text/html "-"
     1389733282.773      0 172.17.10.196 TCP_DENIED/407 3882 CONNECT client83.dropbox.com:443 - HIER_NONE/- text/html "-"
     1389733282.788      0 172.17.10.196 TCP_DENIED/407 3882 CONNECT client90.dropbox.com:443 - HIER_NONE/- text/html "-"
     1389733283.965      0 172.17.10.223 TCP_DENIED/407 4603 GET http://watson.microsoft.com/StageOne/PrintIsolationHost_exe/6_1_7600_16385/4a5bd3b1/StackHash_9d2a/6_1_7601_18247/521eaf24/c0000374/00000000000c4102.htm? - HIER_NONE/- text/html "MSDW"
     1389733284.148      0 172.17.11.196 TCP_DENIED/407 3882 CONNECT client15.dropbox.com:443 - HIER_NONE/- text/html "-"
     1389733284.168      0 172.17.11.196 TCP_DENIED/407 3882 CONNECT client45.dropbox.com:443 - HIER_NONE/- text/html "-"
     1389733284.433    460 172.17.10.223 TCP_MISS/200 713 GET http://watson.microsoft.com/StageOne/PrintIsolationHost_exe/6_1_7600_16385/4a5bd3b1/StackHash_9d2a/6_1_7601_18247/521eaf24/c0000374/00000000000c4102.htm? pev014@RK.LOCAL HIER_DIRECT/157.56.141.102 text/html "MSDW"
     1389733284.542      0 172.17.11.27 TCP_DENIED/407 3881 CONNECT client68.dropbox.com:443 - HIER_NONE/- text/html "-"
     1389733284.563      0 172.17.11.27 TCP_DENIED/407 3877 CONNECT client0.dropbox.com:443 - HIER_NONE/- text/html "-"
     1389733285.283      0 172.17.3.228 TCP_DENIED/407 3881 CONNECT client59.dropbox.com:443 - HIER_NONE/- text/html "-"
     1389733285.296      0 172.17.3.228 TCP_DENIED/407 3881 CONNECT client71.dropbox.com:443 - HIER_NONE/- text/html "-"
     1389733289.041      0 172.17.10.223 TCP_DENIED/407 4603 GET http://watson.microsoft.com/StageOne/PrintIsolationHost_exe/6_1_7600_16385/4a5bd3b1/StackHash_9d2a/6_1_7601_18247/521eaf24/c0000374/00000000000c4102.htm? - HIER_NONE/- text/html "MSDW"
     1389733289.213      0 172.17.11.141 TCP_DENIED/407 4341 GET http://notify2.dropbox.com/subscribe? - HIER_NONE/- text/html "DropboxDesktopClient/2.0.26 (Windows; 7; i32; ru)"
     1389733289.371  39968 172.17.12.200 TCP_MISS/200 530 GET https://2-p-04-frc3.channel.facebook.com/pull? bav005@RK.LOCAL PINNED/173.252.107.18 text/plain "Mozilla/5.0 (Windows NT 6.1; WOW64) AppleWebKit/537.36 (KHTML, like Gecko) Chrome/28.0.1500.95 YaBrowser/13.10.1500.9323 Safari/537.36"
     1389733289.492  25084 172.17.10.137 TCP_MISS/200 362 GET http://37.252.232.5/din.aspx? las001@RK.LOCAL HIER_DIRECT/37.252.232.5 application/octet-stream "Mozilla/4.0 (compatible; MSIE 6.0; DynGate)"
     1389733289.510    459 172.17.10.223 TCP_MISS/200 713 GET http://watson.microsoft.com/StageOne/PrintIsolationHost_exe/6_1_7600_16385/4a5bd3b1/StackHash_9d2a/6_1_7601_18247/521eaf24/c0000374/00000000000c4102.htm? pev014@RK.LOCAL HIER_DIRECT/157.56.141.102 text/html "MSDW"
     1389733289.767    260 172.17.10.137 TCP_MISS/200 297 GET http://37.252.232.5/dout.aspx? las001@RK.LOCAL HIER_DIRECT/37.252.232.5 - "Mozilla/4.0 (compatible; MSIE 6.0; DynGate)"
     1389733290.493      0 172.17.11.169 TCP_DENIED/407 4054 CONNECT safebrowsing.google.com:443 - HIER_NONE/- text/html "Mozilla/5.0 (Windows NT 6.1; WOW64) AppleWebKit/537.36 (KHTML, like Gecko) Chrome/32.0.1700.72 Safari/537.36"
     1389733290.681     60 172.17.11.27 TCP_MISS/200 445 GET http://vk.com/feed2.php tia001@RK.LOCAL HIER_DIRECT/87.240.131.118 text/plain "Mozilla/5.0 (Windows NT 6.1; WOW64) AppleWebKit/537.36 (KHTML, like Gecko) Chrome/31.0.1650.63 Safari/537.36"
     1389733290.708    207 172.17.11.169 NONE/200 0 CONNECT safebrowsing.google.com:443 zey004@RK.LOCAL HIER_DIRECT/46.61.155.40 - "Mozilla/5.0 (Windows NT 6.1; WOW64) AppleWebKit/537.36 (KHTML, like Gecko) Chrome/32.0.1700.72 Safari/537.36"
     1389733290.786      0 172.17.11.46 TCP_DENIED/407 3881 CONNECT client73.dropbox.com:443 - HIER_NONE/- text/html "-"
     1389733290.806      0 172.17.11.46 TCP_DENIED/407 3881 CONNECT client93.dropbox.com:443 - HIER_NONE/- text/html "-"
     1389733290.822    104 172.17.11.169 TCP_MISS/200 1470 POST https://safebrowsing.google.com/safebrowsing/downloads? zey004@RK.LOCAL PINNED/46.61.155.40 application/vnd.google.safebrowsing-update "Mozilla/5.0 (Windows NT 6.1; WOW64) AppleWebKit/537.36 (KHTML, like Gecko) Chrome/32.0.1700.72 Safari/537.36"
     1389733290.834      0 172.17.11.169 TCP_DENIED/407 4078 CONNECT safebrowsing-cache.google.com:443 - HIER_NONE/- text/html "Mozilla/5.0 (Windows NT 6.1; WOW64) AppleWebKit/537.36 (KHTML, like Gecko) Chrome/32.0.1700.72 Safari/537.36"
     1389733291.001    158 172.17.11.169 NONE/200 0 CONNECT safebrowsing-cache.google.com:443 zey004@RK.LOCAL HIER_DIRECT/46.61.155.89 - "Mozilla/5.0 (Windows NT 6.1; WOW64) AppleWebKit/537.36 (KHTML, like Gecko) Chrome/32.0.1700.72 Safari/537.36"
     1389733291.011      0 172.17.11.169 TCP_MEM_HIT/200 3712 GET https://safebrowsing-cache.google.com/safebrowsing/rd/ChVnb29nLWJhZGJpbnVybC1zaGF2YXIQARixswEggLQBKg64WQAA____________ATIFsVkAAH8 zey004@RK.LOCAL HIER_NONE/- application/vnd.google.safebrowsing-chunk "Mozilla/5.0 (Windows NT 6.1; WOW64) AppleWebKit/537.36 (KHTML, like Gecko) Chrome/32.0.1700.72 Safari/537.36"
     1389733291.015      0 172.17.11.169 TCP_MEM_HIT/200 2258 GET https://safebrowsing-cache.google.com/safebrowsing/rd/ChVnb29nLWJhZGJpbnVybC1zaGF2YXIQABiNpgEgoKYBKgYTUwAA_z8yBQ1TAAA_ zey004@RK.LOCAL HIER_NONE/- application/vnd.google.safebrowsing-chunk "Mozilla/5.0 (Windows NT 6.1; WOW64) AppleWebKit/537.36 (KHTML, like Gecko) Chrome/32.0.1700.72 Safari/537.36"
     1389733291.018      0 172.17.11.169 TCP_MEM_HIT/200 641 GET https://safebrowsing-cache.google.com/safebrowsing/rd/ChFnb29nLXBoaXNoLXNoYXZhchABGP--CSCAvwkyBX9fAgAD zey004@RK.LOCAL HIER_NONE/- application/vnd.google.safebrowsing-chunk "Mozilla/5.0 (Windows NT 6.1; WOW64) AppleWebKit/537.36 (KHTML, like Gecko) Chrome/32.0.1700.72 Safari/537.36"
     1389733291.021      0 172.17.11.169 TCP_MEM_HIT/200 11959 GET https://safebrowsing-cache.google.com/safebrowsing/rd/ChFnb29nLXBoaXNoLXNoYXZhchAAGKT5EiCo-RIyBaS8BAAf zey004@RK.LOCAL HIER_NONE/- application/vnd.google.safebrowsing-chunk "Mozilla/5.0 (Windows NT 6.1; WOW64) AppleWebKit/537.36 (KHTML, like Gecko) Chrome/32.0.1700.72 Safari/537.36"
     1389733291.035      0 172.17.11.169 TCP_MEM_HIT/200 4690 GET https://safebrowsing-cache.google.com/safebrowsing/rd/ChFnb29nLXBoaXNoLXNoYXZhchAAGKn5EiDQ-RIqCau8BAD_____PzIFqbwEAAM zey004@RK.LOCAL HIER_NONE/- application/vnd.google.safebrowsing-chunk "Mozilla/5.0 (Windows NT 6.1; WOW64) AppleWebKit/537.36 (KHTML, like Gecko) Chrome/32.0.1700.72 Safari/537.36"
     1389733291.495      0 172.17.11.199 TCP_DENIED/407 3882 CONNECT client77.dropbox.com:443 - HIER_NONE/- text/html "-"
     1389733292.382     78 172.17.3.228 TCP_MISS/200 973 GET http://portal.mail.ru/NaviData? psv001@RK.LOCAL HIER_DIRECT/217.69.139.58 application/x-javascript "Mozilla/5.0 (Windows NT 6.1) AppleWebKit/537.36 (KHTML, like Gecko) Chrome/31.0.1650.63 Safari/537.36"
     1389733292.476     83 172.17.3.228 TCP_MISS/200 422 GET http://headline.radar.imgsmail.ru/update? psv001@RK.LOCAL HIER_DIRECT/185.5.137.249 image/gif "Mozilla/5.0 (Windows NT 6.1) AppleWebKit/537.36 (KHTML, like Gecko) Chrome/31.0.1650.63 Safari/537.36"
     1389733292.522    125 172.17.3.228 TCP_MISS/200 831 GET http://mail.ru/? psv001@RK.LOCAL HIER_DIRECT/217.69.139.199 text/html "Mozilla/5.0 (Windows NT 6.1) AppleWebKit/537.36 (KHTML, like Gecko) Chrome/31.0.1650.63 Safari/537.36"
     1389733293.415      0 172.17.12.200 TCP_DENIED/407 3828 CONNECT 157.55.133.145:443 - HIER_NONE/- text/html "-"
     1389733294.113      0 172.17.10.223 TCP_DENIED/407 4603 GET http://watson.microsoft.com/StageOne/PrintIsolationHost_exe/6_1_7600_16385/4a5bd3b1/StackHash_9d2a/6_1_7601_18247/521eaf24/c0000374/00000000000c4102.htm? - HIER_NONE/- text/html "MSDW"
     1389733294.575    453 172.17.10.223 TCP_MISS/200 713 GET http://watson.microsoft.com/StageOne/PrintIsolationHost_exe/6_1_7600_16385/4a5bd3b1/StackHash_9d2a/6_1_7601_18247/521eaf24/c0000374/00000000000c4102.htm? pev014@RK.LOCAL HIER_DIRECT/157.56.141.102 text/html "MSDW"
     1389733294.800      0 172.17.9.61 TCP_DENIED/407 3880 CONNECT client62.dropbox.com:443 - HIER_NONE/- text/html "-"
     1389733294.820      0 172.17.9.61 TCP_DENIED/407 3880 CONNECT client96.dropbox.com:443 - HIER_NONE/- text/html "-"
     1389733294.891      0 172.17.11.141 TCP_DENIED/407 3854 CONNECT d.dropbox.com:443 - HIER_NONE/- text/html "-"
     1389733294.914      0 172.17.11.141 TCP_DENIED/407 3854 CONNECT d.dropbox.com:443 - HIER_NONE/- text/html "-"
     1389733295.889      0 172.17.11.141 TCP_DENIED/407 3882 CONNECT client13.dropbox.com:443 - HIER_NONE/- text/html "-"
     1389733295.915      0 172.17.11.141 TCP_DENIED/407 3882 CONNECT client27.dropbox.com:443 - HIER_NONE/- text/html "-"
     1389733296.265  25116 172.17.12.200 TCP_MISS/200 448 POST http://q42.queuev4.vk.com/im035 bav005@RK.LOCAL HIER_DIRECT/87.240.134.43 text/javascript "Mozilla/5.0 (Windows NT 6.1; WOW64) AppleWebKit/537.36 (KHTML, like Gecko) Chrome/28.0.1500.95 YaBrowser/13.10.1500.9323 Safari/537.36"
     1389733296.294    146 172.17.12.200 TCP_MISS/200 965 GET http://ok-portal.mail.ru/NaviData? bav005@RK.LOCAL HIER_DIRECT/217.69.139.59 application/x-javascript "Mozilla/5.0 (Windows NT 6.1; WOW64) AppleWebKit/537.36 (KHTML, like Gecko) Chrome/28.0.1500.95 YaBrowser/13.10.1500.9323 Safari/537.36"
     1389733296.503      0 172.17.2.246 TCP_DENIED/407 3881 CONNECT client44.dropbox.com:443 - HIER_NONE/- text/html "-"
     1389733296.526      0 172.17.2.246 TCP_DENIED/407 3881 CONNECT client25.dropbox.com:443 - HIER_NONE/- text/html "-"
     1389733297.812      0 172.17.10.196 TCP_DENIED/407 3882 CONNECT client54.dropbox.com:443 - HIER_NONE/- text/html "-"
     1389733297.834      0 172.17.10.196 TCP_DENIED/407 3882 CONNECT client44.dropbox.com:443 - HIER_NONE/- text/html "-"
     1389733298.561      0 172.17.9.85 TCP_DENIED/407 3856 CONNECT uc.fotostrana.ru:8186 - HIER_NONE/- text/html "-"
     1389733298.576      3 172.17.9.85 TCP_DENIED/200 0 CONNECT uc.fotostrana.ru:8186 shi001@RK.LOCAL HIER_NONE/- - "-"
     1389733299.179      0 172.17.10.223 TCP_DENIED/407 4603 GET http://watson.microsoft.com/StageOne/PrintIsolationHost_exe/6_1_7600_16385/4a5bd3b1/StackHash_9d2a/6_1_7601_18247/521eaf24/c0000374/00000000000c4102.htm? - HIER_NONE/- text/html "MSDW"
     1389733299.187      0 172.17.11.196 TCP_DENIED/407 3882 CONNECT client70.dropbox.com:443 - HIER_NONE/- text/html "-"
     1389733299.206      0 172.17.11.196 TCP_DENIED/407 3882 CONNECT client68.dropbox.com:443 - HIER_NONE/- text/html "-"
     1389733299.590      0 172.17.11.27 TCP_DENIED/407 3881 CONNECT client46.dropbox.com:443 - HIER_NONE/- text/html "-"
     1389733299.616      0 172.17.11.27 TCP_DENIED/407 3881 CONNECT client82.dropbox.com:443 - HIER_NONE/- text/html "-"
     1389733299.644    456 172.17.10.223 TCP_MISS/200 713 GET http://watson.microsoft.com/StageOne/PrintIsolationHost_exe/6_1_7600_16385/4a5bd3b1/StackHash_9d2a/6_1_7601_18247/521eaf24/c0000374/00000000000c4102.htm? pev014@RK.LOCAL HIER_DIRECT/157.56.141.102 text/html "MSDW"
     1389733300.312      0 172.17.3.228 TCP_DENIED/407 3881 CONNECT client21.dropbox.com:443 - HIER_NONE/- text/html "-"
     1389733300.368      0 172.17.3.228 TCP_DENIED/407 3881 CONNECT client37.dropbox.com:443 - HIER_NONE/- text/html "-"
     1389733300.672     51 172.17.11.27 TCP_MISS/200 445 GET http://vk.com/feed2.php tia001@RK.LOCAL HIER_DIRECT/87.240.131.118 text/plain "Mozilla/5.0 (Windows NT 6.1; WOW64) AppleWebKit/537.36 (KHTML, like Gecko) Chrome/31.0.1650.63 Safari/537.36"
     1389733304.245      0 172.17.10.223 TCP_DENIED/407 4603 GET http://watson.microsoft.com/StageOne/PrintIsolationHost_exe/6_1_7600_16385/4a5bd3b1/StackHash_9d2a/6_1_7601_18247/521eaf24/c0000374/00000000000c4102.htm? - HIER_NONE/- text/html "MSDW"
     1389733304.709    455 172.17.10.223 TCP_MISS/200 713 GET http://watson.microsoft.com/StageOne/PrintIsolationHost_exe/6_1_7600_16385/4a5bd3b1/StackHash_9d2a/6_1_7601_18247/521eaf24/c0000374/00000000000c4102.htm? pev014@RK.LOCAL HIER_DIRECT/157.56.141.102 text/html "MSDW"
     1389733305.249  25095 172.17.12.200 TCP_MISS/200 385 POST http://q23.queuev4.vk.com/im035 bav005@RK.LOCAL HIER_DIRECT/87.240.134.120 text/javascript "Mozilla/5.0 (Windows NT 6.1; WOW64) AppleWebKit/537.36 (KHTML, like Gecko) Chrome/28.0.1500.95 YaBrowser/13.10.1500.9323 Safari/537.36"
     1389733305.818      0 172.17.11.46 TCP_DENIED/407 3881 CONNECT client45.dropbox.com:443 - HIER_NONE/- text/html "-"
     1389733305.833      0 172.17.11.46 TCP_DENIED/407 3881 CONNECT client36.dropbox.com:443 - HIER_NONE/- text/html "-"
     1389733305.910      0 172.17.12.200 TCP_DENIED/407 3828 CONNECT 157.56.106.210:443 - HIER_NONE/- text/html "-"
     1389733306.522      0 172.17.11.199 TCP_DENIED/407 3882 CONNECT client82.dropbox.com:443 - HIER_NONE/- text/html "-"
     1389733307.258      0 172.17.11.141 TCP_DENIED/407 4341 GET http://notify2.dropbox.com/subscribe? - HIER_NONE/- text/html "DropboxDesktopClient/2.0.26 (Windows; 7; i32; ru)"
     1389733308.947  11798 172.17.12.200 TCP_MISS/200 481 POST http://q42.queuev4.vk.com/im035 bav005@RK.LOCAL HIER_DIRECT/87.240.134.43 text/javascript "Mozilla/5.0 (Windows NT 6.1; WOW64) AppleWebKit/537.36 (KHTML, like Gecko) Chrome/28.0.1500.95 YaBrowser/13.10.1500.9323 Safari/537.36"
     1389733309.316      0 172.17.10.223 TCP_DENIED/407 4603 GET http://watson.microsoft.com/StageOne/PrintIsolationHost_exe/6_1_7600_16385/4a5bd3b1/StackHash_9d2a/6_1_7601_18247/521eaf24/c0000374/00000000000c4102.htm? - HIER_NONE/- text/html "MSDW"
     1389733309.838      0 172.17.9.61 TCP_DENIED/407 3880 CONNECT client55.dropbox.com:443 - HIER_NONE/- text/html "-"
     1389733309.859      0 172.17.9.61 TCP_DENIED/407 3880 CONNECT client77.dropbox.com:443 - HIER_NONE/- text/html "-"
     1389733309.925    600 172.17.10.223 TCP_MISS/200 713 GET http://watson.microsoft.com/StageOne/PrintIsolationHost_exe/6_1_7600_16385/4a5bd3b1/StackHash_9d2a/6_1_7601_18247/521eaf24/c0000374/00000000000c4102.htm? pev014@RK.LOCAL HIER_DIRECT/157.56.141.102 text/html "MSDW"
     1389733310.672     50 172.17.11.27 TCP_MISS/200 445 GET http://vk.com/feed2.php tia001@RK.LOCAL HIER_DIRECT/87.240.131.118 text/plain "Mozilla/5.0 (Windows NT 6.1; WOW64) AppleWebKit/537.36 (KHTML, like Gecko) Chrome/31.0.1650.63 Safari/537.36"
     1389733311.553      0 172.17.2.246 TCP_DENIED/407 3881 CONNECT client19.dropbox.com:443 - HIER_NONE/- text/html "-"
     1389733311.579      0 172.17.2.246 TCP_DENIED/407 3881 CONNECT client38.dropbox.com:443 - HIER_NONE/- text/html "-"
     1389733312.864      0 172.17.10.196 TCP_DENIED/407 3882 CONNECT client45.dropbox.com:443 - HIER_NONE/- text/html "-"
     1389733312.873      0 172.17.11.46 TCP_DENIED/407 3853 CONNECT d.dropbox.com:443 - HIER_NONE/- text/html "-"
     1389733312.887      0 172.17.10.196 TCP_DENIED/407 3882 CONNECT client76.dropbox.com:443 - HIER_NONE/- text/html "-"
     1389733312.895      0 172.17.11.46 TCP_DENIED/407 3853 CONNECT d.dropbox.com:443 - HIER_NONE/- text/html "-"
     1389733314.225      0 172.17.11.196 TCP_DENIED/407 3882 CONNECT client48.dropbox.com:443 - HIER_NONE/- text/html "-"
     1389733314.244      0 172.17.11.196 TCP_DENIED/407 3882 CONNECT client20.dropbox.com:443 - HIER_NONE/- text/html "-"
     1389733314.388      0 172.17.10.223 TCP_DENIED/407 4603 GET http://watson.microsoft.com/StageOne/PrintIsolationHost_exe/6_1_7600_16385/4a5bd3b1/StackHash_9d2a/6_1_7601_18247/521eaf24/c0000374/00000000000c4102.htm? - HIER_NONE/- text/html "MSDW"
     1389733314.641      0 172.17.11.27 TCP_DENIED/407 3877 CONNECT client3.dropbox.com:443 - HIER_NONE/- text/html "-"
     1389733314.663      0 172.17.11.27 TCP_DENIED/407 3881 CONNECT client87.dropbox.com:443 - HIER_NONE/- text/html "-"
     1389733314.858    460 172.17.10.223 TCP_MISS/200 713 GET http://watson.microsoft.com/StageOne/PrintIsolationHost_exe/6_1_7600_16385/4a5bd3b1/StackHash_9d2a/6_1_7601_18247/521eaf24/c0000374/00000000000c4102.htm? pev014@RK.LOCAL HIER_DIRECT/157.56.141.102 text/html "MSDW"
     1389733314.861  25084 172.17.10.137 TCP_MISS/200 362 GET http://37.252.232.5/din.aspx? las001@RK.LOCAL HIER_DIRECT/37.252.232.5 application/octet-stream "Mozilla/4.0 (compatible; MSIE 6.0; DynGate)"
     1389733314.963     87 172.17.10.137 TCP_MISS/200 297 GET http://37.252.232.5/dout.aspx? las001@RK.LOCAL HIER_DIRECT/37.252.232.5 - "Mozilla/4.0 (compatible; MSIE 6.0; DynGate)"
     1389733315.383      0 172.17.3.228 TCP_DENIED/407 3881 CONNECT client30.dropbox.com:443 - HIER_NONE/- text/html "-"
     1389733315.396      0 172.17.3.228 TCP_DENIED/407 3881 CONNECT client24.dropbox.com:443 - HIER_NONE/- text/html "-"
     1389733315.663    217 192.168.44.85 TCP_MISS/302 834 GET https://mail.google.com/mail/? ssi002 PINNED/173.194.32.149 text/html "Mozilla/5.0 (Windows NT 6.1; rv:26.0) Gecko/20100101 Firefox/26.0"
1389733315.663    217 192.168.44.85 TCP_MISS/302 834 GET https://mail.google.com/mail/? ssi002 PINNED/173.194.32.149 text/html
     1389733316.181    512 192.168.44.85 TCP_MISS/200 14991 GET https://mail.google.com/mail/h/8pta28d9n5oe/? ssi002 PINNED/173.194.32.149 text/html "Mozilla/5.0 (Windows NT 6.1; rv:26.0) Gecko/20100101 Firefox/26.0"
1389733316.181    512 192.168.44.85 TCP_MISS/200 14991 GET https://mail.google.com/mail/h/8pta28d9n5oe/? ssi002 PINNED/173.194.32.149 text/html
